{
  "years_merged": [
    2015,
    2016,
    2017,
    2018,
    2019,
    2020,
    2021,
    2022,
    2023,
    2024,
    2025,
    2026
  ],
  "years_absent": [],
  "n_docs": 5225,
  "docs_by_source": {
    "presser_answer": 2026,
    "presser_question": 2026,
    "speech": 828,
    "statement": 97,
    "minutes": 94,
    "presser_doc": 79,
    "presser_statement": 75
  },
  "n_answers": 2026,
  "n_meetings": 75,
  "label_year_rule": "true",
  "seeds_by_year": {
    "2015": "42,43,44",
    "2016": "42,43,44",
    "2017": "42,43,44",
    "2018": "42,43,44",
    "2019": "42,43,44",
    "2020": "42,43,44",
    "2021": "42,43,44",
    "2022": "42,43,44",
    "2023": "42,43,44",
    "2024": "42,43,44",
    "2025": "42,43,44",
    "2026": "42,43,44"
  },
  "nonspec_years": {}
}
 meeting  statement_score   qa_mean        H1  n_answers_scorable
20251029        -0.062500  0.051604  0.114104                  30
20251210        -0.052632 -0.010161  0.042471                  26
20260128        -0.133333 -0.094422  0.038912                  32
20260318         0.187500  0.017643 -0.169857                  30
20260429        -0.071429  0.024603  0.096031                  32
20260617         0.000000  0.035854  0.035854                  24
20260729         1.000000 -0.081303 -1.081303                  20
20260916         0.142857  0.162949  0.020092                  16
