MC null: {
 "W63_legs4": {
  "mu0": 0.38607272234029916,
  "sd0": 0.08262406638595199
 },
 "W42_legs6": {
  "mu0": 0.3824264323821261,
  "sd0": 0.06568707467578012
 },
 "W126_legs2": {
  "mu0": 0.3895847325457356,
  "sd0": 0.11754923315926459
 },
 "large_W_single_leg": {
  "W2000": {
   "mean_R": 0.3920774508355522,
   "mc_se": 0.0007628363513139525,
   "n_paths": 50000,
   "z_vs_pi_over_8": -0.8148941278181491
  },
  "W10000": {
   "mean_R": 0.3975240392662681,
   "mc_se": 0.0017097107996546469,
   "n_paths": 10000,
   "z_vs_pi_over_8": 2.822089892933116
  }
 },
 "pi_over_8": 0.39269908169872414,
 "n_paths": 50000,
 "seed": 20261003
}
base             SR=0.301  ann=0.0416  vol=0.1070  TO=24.46
tsmom_benchmark  SR=0.443  ann=0.0584  vol=0.1093  TO=11.97
id_variant       SR=0.573  ann=0.0751  vol=0.1125  TO=10.97
W42_6legs        SR=0.131  ann=0.0231  vol=0.1144  TO=25.00
W126_2legs       SR=0.384  ann=0.0525  vol=0.1126  TO=23.44
trend126         SR=0.269  ann=0.0388  vol=0.1116  TO=26.37
clip05           SR=0.396  ann=0.0527  vol=0.1082  TO=18.06
clip2            SR=0.302  ann=0.0417  vol=0.1065  TO=24.64
vol126           SR=0.272  ann=0.0386  vol=0.1076  TO=24.66
delay1           SR=0.268  ann=0.0380  vol=0.1074  TO=24.50
cost2x           SR=0.216  ann=0.0323  vol=0.1070  TO=24.46
{
 "base_stats": {
  "start": "2006-04-03",
  "end": "2024-10-02",
  "years": 18.48,
  "ann_return": 0.04164229988561252,
  "ann_vol": 0.10697000763307458,
  "sharpe": 0.30096709171210867,
  "max_drawdown": -0.33059950419546547,
  "turnover_per_year": 24.456902343755,
  "worst_month": -0.07288478308892088,
  "best_month": 0.09963030829314623,
  "skew_daily": -0.2182932894769283,
  "kurtosis_daily": 8.499324869991767,
  "hit_rate_daily": 0.5226540691432252,
  "nw_tstat_mean_excess": 1.331903560414049,
  "psr_vs_0": 0.901574172410988,
  "trading_days_frac": 1.0,
  "calmar": 0.12595995867250817
 },
 "variant_sharpe": {
  "base": 0.30096709171210867,
  "tsmom_benchmark": 0.4430449396116478,
  "id_variant": 0.5726646456187182,
  "W42_6legs": 0.13121816060845795,
  "W126_2legs": 0.3835619797800119,
  "trend126": 0.26874107063474933,
  "clip05": 0.39603888691252853,
  "clip2": 0.302127763491366,
  "vol126": 0.2722976925131757,
  "delay1": 0.26764241415806855,
  "cost2x": 0.21630567767170406
 },
 "gates": {
  "G1_sharpe_2x_costs": 0.21630567767170406,
  "G1_pass": true,
  "G2_best_year": 2013,
  "G2_best_year_share": 0.3575443363660134,
  "G2_pass": true,
  "G3_neighbourhood_sharpes": {
   "W42_6legs": 0.13121816060845795,
   "W126_2legs": 0.3835619797800119,
   "trend126": 0.26874107063474933,
   "clip05": 0.39603888691252853,
   "clip2": 0.302127763491366,
   "vol126": 0.2722976925131757
  },
  "G3_median": 0.2872127280022708,
  "G3_threshold_half_base": 0.15048354585605433,
  "G3_pass": true
 }
}
{
 "P1_pct_minus_tsmom": {
  "sharpe_a": 0.30096709171210867,
  "sharpe_b": 0.4430449396116478,
  "diff": -0.14207784789953914,
  "ci90": [
   -0.3405575134119102,
   0.04945024751177446
  ],
  "frac_boot_diff_gt_0": 0.109,
  "n_days": 4657,
  "block": 21,
  "n_boot": 2000,
  "seed": 7
 },
 "P1_pass": false,
 "P1_id_minus_tsmom": {
  "sharpe_a": 0.5726646456187182,
  "sharpe_b": 0.4430449396116478,
  "diff": 0.1296197060070704,
  "ci90": [
   -0.007712851919232272,
   0.2887387912463359
  ],
  "frac_boot_diff_gt_0": 0.941,
  "n_days": 4657,
  "block": 21,
  "n_boot": 2000,
  "seed": 7
 },
 "P2_R": {
  "zcol": "z",
  "tercile_means": {
   "1": 0.018723402173529673,
   "2": 0.017845625082435753,
   "3": 0.01599155910168848
  },
  "tercile_counts": {
   "1": 1083,
   "2": 1082,
   "3": 1083
  },
  "tercile_z_ranges": {
   "1": [
    -2.0635159599976807,
    -0.5533258613999643
   ],
   "2": [
    -0.5516363426248952,
    0.2165542244537634
   ],
   "3": [
    0.21679793596206692,
    3.6788813942742364
   ]
  },
  "top_minus_bottom": -0.002731843071841186,
  "t_cluster_month": -0.16087044110484128,
  "n_obs": 3248,
  "n_months": 222,
  "monthly_diff_mean": 0.01054217289455008,
  "monthly_diff_nw_t": 0.6132594983101427,
  "n_months_both": 201
 },
 "P2_pass": false,
 "P2_ID": {
  "zcol": "z_id",
  "tercile_means": {
   "1": -0.014609868878133364,
   "2": 0.03490179607106561,
   "3": 0.03228440816840461
  },
  "tercile_counts": {
   "1": 1083,
   "2": 1082,
   "3": 1083
  },
  "tercile_z_ranges": {
   "1": [
    -2.708745389899463,
    0.5669467095138415
   ],
   "2": [
    0.5669467095138415,
    1.5748519708717807
   ],
   "3": [
    1.5748519708717807,
    4.409585518440985
   ]
  },
  "top_minus_bottom": 0.046894277046538244,
  "t_cluster_month": 1.9198044086203916,
  "n_obs": 3248,
  "n_months": 222,
  "monthly_diff_mean": 0.05320395076389086,
  "monthly_diff_nw_t": 2.1897971263897027,
  "n_months_both": 192
 },
 "P3_vol_neutrality": {
  "pearson_z_vol": -0.0005310055368001958,
  "spearman_z_vol": 0.01723060753371598,
  "mean_within_month_spearman_z_vol": 0.016037437898424444,
  "spearman_zid_vol": -0.07096796529737,
  "contrast_spearman_Abar_vol": 0.8575867396219351,
  "contrast_spearman_Lbar_vol": 0.9065318110055595,
  "z_mean": -0.08989350207973133,
  "z_sd": 0.9103836519541356,
  "n_obs": 3263
 },
 "kill_condition_triggered": true
}
