2026-10-03 14:42:55.694 INFO webull.main [Backtest] strategy=gqh_gtaa symbols=['SPY', 'EFA', 'IEF', 'VNQ', 'DBC'] params={'buy_and_hold': False, 'decisions': '<scratch>/kit_native/final_run/recheck_gtaa/S3_guide_cash_1e9_decisions.csv'}
2026-10-03 14:42:55.698 INFO webull.main [Backtest] starting cash: 1000000000.00
2026-10-03 14:42:59.595 INFO webull.main ============================================================
2026-10-03 14:42:59.595 INFO webull.main [Backtest] Result Summary
2026-10-03 14:42:59.595 INFO webull.main ============================================================
2026-10-03 14:42:59.595 INFO webull.main Starting cash    : 1000000000.00
2026-10-03 14:42:59.595 INFO webull.main Final cash       : 2744246242.52
2026-10-03 14:42:59.596 INFO webull.main Net P&L          : 1744246242.52 (174.42%)
2026-10-03 14:42:59.596 INFO webull.main Max drawdown     : 15.92% (217956876.96)
2026-10-03 14:42:59.596 INFO webull.main Sharpe ratio     : 0.6385 (annualized)
2026-10-03 14:42:59.596 INFO webull.main Total trades     : 96 (won=40, lost=53, win rate=41.67%)
2026-10-03 14:42:59.596 INFO webull.main Trades net P&L   : 1303780785.97
2026-10-03 14:42:59.596 INFO webull.main ============================================================
2026-10-03 14:42:59.596 INFO webull.main [Backtest] Trade-by-trade detail (93 closed trade(s)):
2026-10-03 14:42:59.596 INFO webull.main   #1 IEF LONG size=4205253 entry=48.33@2006-01-03 16:00:00-05:00 exit=48.03@2006-02-01 16:00:00-05:00 pnl=-1280739.68 pnlcomm=-1497433.88 commission=216694.20 bars=20
2026-10-03 14:42:59.596 INFO webull.main   #2 DBC LONG size=11458351 entry=20.25@2006-12-01 16:00:00-05:00 exit=19.60@2007-02-01 16:00:00-05:00 pnl=-9617300.44 pnlcomm=-9894787.52 commission=277487.08 bars=40
2026-10-03 14:42:59.596 INFO webull.main   #3 IEF LONG size=4510630 entry=48.65@2006-08-01 16:00:00-04:00 exit=49.72@2007-07-02 16:00:00-04:00 pnl=8289824.51 pnlcomm=7958505.74 commission=331318.77 bars=230
2026-10-03 14:42:59.596 INFO webull.main   #4 VNQ LONG size=8219347 entry=29.52@2005-11-01 16:00:00-05:00 exit=31.96@2007-07-02 16:00:00-04:00 pnl=61572779.53 pnlcomm=61097545.92 commission=475233.61 bars=417
2026-10-03 14:42:59.596 INFO webull.main   #5 SPY LONG size=2419021 entry=92.65@2005-11-01 16:00:00-05:00 exit=104.06@2008-01-02 16:00:00-05:00 pnl=53242497.02 pnlcomm=52809182.55 commission=433314.47 bars=544
2026-10-03 14:42:59.596 INFO webull.main   #6 EFA LONG size=6549885 entry=38.32@2005-11-01 16:00:00-05:00 exit=45.28@2008-01-02 16:00:00-05:00 pnl=90977971.50 pnlcomm=90448076.90 commission=529894.60 bars=544
2026-10-03 14:42:59.596 INFO webull.main   #7 VNQ LONG size=8618207 entry=30.52@2008-05-01 16:00:00-04:00 exit=26.78@2008-07-01 16:00:00-04:00 pnl=-37253067.34 pnlcomm=-37589566.53 commission=336499.19 bars=42
2026-10-03 14:42:59.596 INFO webull.main   #8 DBC LONG size=11558652 entry=27.91@2007-03-01 16:00:00-05:00 exit=27.87@2008-10-01 16:00:00-04:00 pnl=89279815.09 pnlcomm=88555283.78 commission=724531.30 bars=401
2026-10-03 14:42:59.596 INFO webull.main   #9 VNQ LONG size=8949130 entry=24.47@2008-09-02 16:00:00-04:00 exit=19.74@2008-11-03 16:00:00-05:00 pnl=-80580761.69 pnlcomm=-81033166.21 commission=452404.52 bars=44
2026-10-03 14:42:59.596 INFO webull.main   #10 IEF LONG size=4670335 entry=56.09@2007-08-01 16:00:00-04:00 exit=60.01@2009-06-01 16:00:00-04:00 pnl=43151651.51 pnlcomm=42572603.92 commission=579047.59 bars=461
2026-10-03 14:42:59.596 INFO webull.main   #11 IEF LONG size=4199961 entry=62.10@2009-10-01 16:00:00-04:00 exit=60.42@2010-01-04 16:00:00-05:00 pnl=-7828900.86 pnlcomm=-8178532.13 commission=349631.26 bars=64
2026-10-03 14:42:59.596 INFO webull.main   #12 DBC LONG size=12657593 entry=19.84@2009-08-03 16:00:00-04:00 exit=19.29@2010-02-01 16:00:00-05:00 pnl=-6893143.87 pnlcomm=-7264811.02 commission=371667.14 bars=125
2026-10-03 14:42:59.596 INFO webull.main   #13 IEF LONG size=4239008 entry=61.69@2010-02-01 16:00:00-05:00 exit=61.21@2010-04-01 16:00:00-04:00 pnl=-2132061.16 pnlcomm=-2432341.65 commission=300280.49 bars=42
2026-10-03 14:42:59.596 INFO webull.main   #14 EFA LONG size=8577435 entry=30.19@2009-06-01 16:00:00-04:00 exit=29.18@2010-06-01 16:00:00-04:00 pnl=3816031.61 pnlcomm=3367253.91 commission=448777.71 bars=252
2026-10-03 14:42:59.596 INFO webull.main   #15 DBC LONG size=13369053 entry=19.98@2010-03-01 16:00:00-05:00 exit=18.39@2010-06-01 16:00:00-04:00 pnl=-23634530.86 pnlcomm=-23949933.38 commission=315402.52 bars=64
2026-10-03 14:42:59.596 INFO webull.main   #16 SPY LONG size=3521860 entry=72.33@2009-07-01 16:00:00-04:00 exit=77.43@2010-07-01 16:00:00-04:00 pnl=33093438.03 pnlcomm=32724398.92 commission=369039.10 bars=252
2026-10-03 14:42:59.596 INFO webull.main   #17 SPY LONG size=3212214 entry=83.96@2010-08-02 16:00:00-04:00 exit=80.12@2010-09-01 16:00:00-04:00 pnl=-12740973.74 pnlcomm=-13020028.51 commission=279054.78 bars=22
2026-10-03 14:42:59.596 INFO webull.main   #18 EFA LONG size=8262955 entry=32.83@2010-08-02 16:00:00-04:00 exit=31.72@2010-09-01 16:00:00-04:00 pnl=-9613063.29 pnlcomm=-9899032.28 commission=285968.99 bars=22
2026-10-03 14:42:59.596 INFO webull.main   #19 IEF LONG size=4540526 entry=64.36@2010-05-03 16:00:00-04:00 exit=65.53@2011-01-03 16:00:00-05:00 pnl=14300276.25 pnlcomm=13838146.56 commission=462129.69 bars=170
2026-10-03 14:42:59.596 INFO webull.main   #20 SPY LONG size=3075323 entry=89.67@2010-10-01 16:00:00-04:00 exit=93.65@2011-09-01 16:00:00-04:00 pnl=20911968.07 pnlcomm=20522963.68 commission=389004.39 bars=232
2026-10-03 14:42:59.596 INFO webull.main   #21 EFA LONG size=7780427 entry=35.04@2010-10-01 16:00:00-04:00 exit=34.01@2011-09-01 16:00:00-04:00 pnl=-1807320.87 pnlcomm=-2277632.44 commission=470311.57 bars=232
2026-10-03 14:42:59.596 INFO webull.main   #22 VNQ LONG size=14131867 entry=26.32@2009-08-03 16:00:00-04:00 exit=31.47@2011-09-01 16:00:00-04:00 pnl=164527343.77 pnlcomm=163677368.89 commission=849974.88 bars=526
2026-10-03 14:42:59.596 INFO webull.main   #23 DBC LONG size=13002135 entry=22.63@2010-10-01 16:00:00-04:00 exit=21.39@2011-10-03 16:00:00-04:00 pnl=13138306.77 pnlcomm=12611516.94 commission=526789.83 bars=253
2026-10-03 14:42:59.596 INFO webull.main   #24 VNQ LONG size=8718207 entry=31.08@2011-11-01 16:00:00-04:00 exit=30.89@2011-12-01 16:00:00-05:00 pnl=-1776688.45 pnlcomm=-2095450.85 commission=318762.41 bars=21
2026-10-03 14:42:59.596 INFO webull.main   #25 EFA LONG size=8066852 entry=35.15@2012-03-01 16:00:00-05:00 exit=30.30@2012-06-01 16:00:00-04:00 pnl=-43761797.44 pnlcomm=-44085190.12 commission=323392.67 bars=64
2026-10-03 14:42:59.596 INFO webull.main   #26 DBC LONG size=11489603 entry=24.64@2012-03-01 16:00:00-05:00 exit=21.03@2012-06-01 16:00:00-04:00 pnl=-46479076.39 pnlcomm=-46791319.91 commission=312243.53 bars=64
2026-10-03 14:42:59.596 INFO webull.main   #27 DBC LONG size=11405629 entry=24.49@2012-09-04 16:00:00-04:00 exit=23.37@2012-11-01 16:00:00-04:00 pnl=-13527794.39 pnlcomm=-13836489.75 commission=308695.36 bars=40
2026-10-03 14:42:59.596 INFO webull.main   #28 IEF LONG size=4411824 entry=74.24@2011-06-01 16:00:00-04:00 exit=78.40@2013-02-01 16:00:00-05:00 pnl=37807067.11 pnlcomm=37148530.14 commission=658536.97 bars=420
2026-10-03 14:42:59.596 INFO webull.main   #29 DBC LONG size=11694191 entry=23.92@2012-12-03 16:00:00-05:00 exit=22.71@2013-03-01 16:00:00-05:00 pnl=-15407207.45 pnlcomm=-15720160.22 commission=312952.77 bars=60
2026-10-03 14:42:59.596 INFO webull.main   #30 IEF LONG size=3669793 entry=79.33@2013-04-01 16:00:00-04:00 exit=77.74@2013-06-03 16:00:00-04:00 pnl=-5932564.00 pnlcomm=-6258253.10 commission=325689.10 bars=44
2026-10-03 14:42:59.596 INFO webull.main   #31 VNQ LONG size=8674652 entry=36.17@2012-01-03 16:00:00-05:00 exit=38.16@2013-09-03 16:00:00-04:00 pnl=42037065.90 pnlcomm=41495273.27 commission=541792.63 bars=418
2026-10-03 14:42:59.596 INFO webull.main   #32 VNQ LONG size=7302439 entry=41.23@2013-11-01 16:00:00-04:00 exit=38.92@2013-12-02 16:00:00-05:00 pnl=-17821514.54 pnlcomm=-18133401.79 commission=311887.25 bars=20
2026-10-03 14:42:59.596 INFO webull.main   #33 DBC LONG size=13846733 entry=22.36@2014-03-03 16:00:00-05:00 exit=21.31@2014-08-01 16:00:00-04:00 pnl=-16084972.05 pnlcomm=-16457582.33 commission=372610.27 bars=106
2026-10-03 14:42:59.596 INFO webull.main   #34 EFA LONG size=8139814 entry=39.41@2012-09-04 16:00:00-04:00 exit=44.89@2014-10-01 16:00:00-04:00 pnl=81686481.97 pnlcomm=81102865.46 commission=583616.51 bars=521
2026-10-03 14:42:59.596 INFO webull.main   #35 VNQ LONG size=7286368 entry=44.63@2014-02-03 16:00:00-05:00 exit=50.14@2015-06-01 16:00:00-04:00 pnl=66663587.82 pnlcomm=66136643.98 commission=526943.85 bars=333
2026-10-03 14:42:59.596 INFO webull.main   #36 IEF LONG size=3870578 entry=78.37@2014-02-03 16:00:00-05:00 exit=80.55@2015-07-01 16:00:00-04:00 pnl=16231575.63 pnlcomm=15707906.29 commission=523669.34 bars=355
2026-10-03 14:42:59.596 INFO webull.main   #37 SPY LONG size=2791828 entry=138.95@2012-02-01 16:00:00-05:00 exit=160.53@2015-09-01 16:00:00-04:00 pnl=136307929.14 pnlcomm=135539645.12 commission=768284.02 bars=901
2026-10-03 14:42:59.596 INFO webull.main   #38 EFA LONG size=7062421 entry=46.19@2015-03-02 16:00:00-05:00 exit=42.12@2015-09-01 16:00:00-04:00 pnl=-28707547.50 pnlcomm=-29126050.36 commission=418502.86 bars=128
2026-10-03 14:42:59.596 INFO webull.main   #39 IEF LONG size=3946621 entry=82.23@2015-08-03 16:00:00-04:00 exit=82.42@2015-09-01 16:00:00-04:00 pnl=913025.99 pnlcomm=572452.22 commission=340573.77 bars=21
2026-10-03 14:42:59.596 INFO webull.main   #40 IEF LONG size=3739820 entry=83.61@2015-10-01 16:00:00-04:00 exit=82.62@2016-01-04 16:00:00-05:00 pnl=-4075678.06 pnlcomm=-4420309.58 commission=344631.52 bars=64
2026-10-03 14:42:59.596 INFO webull.main   #41 SPY LONG size=1793926 entry=172.77@2015-11-02 16:00:00-05:00 exit=161.83@2016-02-01 16:00:00-05:00 pnl=-22221620.70 pnlcomm=-22589941.71 commission=368321.01 bars=61
2026-10-03 14:42:59.596 INFO webull.main   #42 EFA LONG size=7386713 entry=42.16@2016-06-01 16:00:00-04:00 exit=41.57@2016-07-01 16:00:00-04:00 pnl=-5089710.95 pnlcomm=-5442577.13 commission=352866.18 bars=22
2026-10-03 14:42:59.596 INFO webull.main   #43 IEF LONG size=3599868 entry=85.72@2016-02-01 16:00:00-05:00 exit=86.57@2016-11-01 16:00:00-04:00 pnl=5962566.69 pnlcomm=5529910.47 commission=432656.22 bars=191
2026-10-03 14:42:59.596 INFO webull.main   #44 VNQ LONG size=6055126 entry=53.14@2015-11-02 16:00:00-05:00 exit=54.63@2016-11-01 16:00:00-04:00 pnl=19662100.48 pnlcomm=19111591.81 commission=550508.68 bars=252
2026-10-03 14:42:59.596 INFO webull.main   #45 EFA LONG size=7479484 entry=43.11@2016-08-01 16:00:00-04:00 exit=42.23@2016-12-01 16:00:00-05:00 pnl=-6287200.93 pnlcomm=-6650715.51 commission=363514.58 bars=86
2026-10-03 14:42:59.596 INFO webull.main   #46 VNQ LONG size=5605740 entry=58.21@2017-03-01 16:00:00-05:00 exit=56.85@2017-04-03 16:00:00-04:00 pnl=-8148999.58 pnlcomm=-8489183.96 commission=340184.38 bars=23
2026-10-03 14:42:59.596 INFO webull.main   #47 DBC LONG size=25269912 entry=12.48@2016-05-02 16:00:00-04:00 exit=12.51@2017-05-01 16:00:00-04:00 pnl=8109989.57 pnlcomm=7570083.96 commission=539905.61 bars=251
2026-10-03 14:42:59.596 INFO webull.main   #48 IEF LONG size=3852195 entry=85.49@2017-06-01 16:00:00-04:00 exit=85.15@2017-12-01 16:00:00-05:00 pnl=-1244645.13 pnlcomm=-1631748.50 commission=387103.37 bars=128
2026-10-03 14:42:59.596 INFO webull.main   #49 VNQ LONG size=5687439 entry=58.21@2017-07-03 16:00:00-04:00 exit=56.54@2018-02-01 16:00:00-05:00 pnl=-10157471.17 pnlcomm=-10600033.35 commission=442562.19 bars=147
2026-10-03 14:42:59.596 INFO webull.main   #50 EFA LONG size=7411749 entry=46.62@2017-01-03 16:00:00-05:00 exit=54.01@2018-06-01 16:00:00-04:00 pnl=71376491.00 pnlcomm=70869762.98 commission=506728.02 bars=355
2026-10-03 14:42:59.596 INFO webull.main   #51 EFA LONG size=6580482 entry=54.16@2018-08-01 16:00:00-04:00 exit=52.39@2018-09-04 16:00:00-04:00 pnl=-12077986.37 pnlcomm=-12448125.42 commission=370139.05 bars=23
2026-10-03 14:42:59.596 INFO webull.main   #52 IEF LONG size=4295896 entry=83.78@2018-09-04 16:00:00-04:00 exit=82.71@2018-10-01 16:00:00-04:00 pnl=-4672686.67 pnlcomm=-5038106.23 commission=365419.56 bars=19
2026-10-03 14:42:59.596 INFO webull.main   #53 SPY LONG size=1798722 entry=202.61@2016-04-01 16:00:00-04:00 exit=240.84@2018-11-01 16:00:00-04:00 pnl=112273221.02 pnlcomm=111592440.50 commission=680780.52 bars=653
2026-10-03 14:42:59.596 INFO webull.main   #54 DBC LONG size=25859751 entry=13.57@2017-10-02 16:00:00-04:00 exit=14.40@2018-11-01 16:00:00-04:00 pnl=39988370.83 pnlcomm=39427092.54 commission=561278.29 bars=274
2026-10-03 14:42:59.596 INFO webull.main   #55 SPY LONG size=1439085 entry=246.02@2018-12-03 16:00:00-05:00 exit=219.48@2019-01-02 16:00:00-05:00 pnl=-42797967.11 pnlcomm=-43178413.23 commission=380446.13 bars=19
2026-10-03 14:42:59.596 INFO webull.main   #56 VNQ LONG size=6200527 entry=57.31@2018-06-01 16:00:00-04:00 exit=54.99@2019-01-02 16:00:00-05:00 pnl=-9344583.84 pnlcomm=-9833547.32 commission=488963.48 bars=147
2026-10-03 14:42:59.596 INFO webull.main   #57 SPY LONG size=1363830 entry=250.66@2019-03-01 16:00:00-05:00 exit=246.64@2019-06-03 16:00:00-04:00 pnl=-4813313.37 pnlcomm=-5191251.09 commission=377937.72 bars=64
2026-10-03 14:42:59.596 INFO webull.main   #58 EFA LONG size=6667383 entry=52.17@2019-04-01 16:00:00-04:00 exit=50.63@2019-06-03 16:00:00-04:00 pnl=-10334079.16 pnlcomm=-10705302.21 commission=371223.05 bars=43
2026-10-03 14:42:59.596 INFO webull.main   #59 DBC LONG size=26014613 entry=13.85@2020-01-02 16:00:00-05:00 exit=12.58@2020-02-03 16:00:00-05:00 pnl=-35857273.04 pnlcomm=-36235673.26 commission=378400.22 bars=21
2026-10-03 14:42:59.596 INFO webull.main   #60 SPY LONG size=1304372 entry=269.33@2019-07-01 16:00:00-04:00 exit=271.02@2020-03-02 16:00:00-05:00 pnl=6882003.59 pnlcomm=6414342.12 commission=467661.47 bars=168
2026-10-03 14:42:59.596 INFO webull.main   #61 EFA LONG size=6434879 entry=54.09@2019-07-01 16:00:00-04:00 exit=51.19@2020-03-02 16:00:00-05:00 pnl=-18009085.93 pnlcomm=-18458665.68 commission=449579.75 bars=168
2026-10-03 14:42:59.597 INFO webull.main   #62 VNQ LONG size=5436428 entry=65.08@2019-02-01 16:00:00-05:00 exit=67.89@2020-03-02 16:00:00-05:00 pnl=31352484.91 pnlcomm=30813655.41 commission=538829.50 bars=271
2026-10-03 14:42:59.597 INFO webull.main   #63 DBC LONG size=30332023 entry=11.76@2020-09-01 16:00:00-04:00 exit=10.99@2020-11-02 16:00:00-05:00 pnl=-25285516.30 pnlcomm=-25685572.21 commission=400055.91 bars=43
2026-10-03 14:42:59.597 INFO webull.main   #64 IEF LONG size=4204082 entry=91.96@2018-12-03 16:00:00-05:00 exit=102.18@2020-12-01 16:00:00-05:00 pnl=70429058.55 pnlcomm=69733691.31 commission=695367.24 bars=502
2026-10-03 14:42:59.597 INFO webull.main   #65 IEF LONG size=4308931 entry=100.88@2021-08-02 16:00:00-04:00 exit=98.89@2021-10-01 16:00:00-04:00 pnl=-8942607.02 pnlcomm=-9417479.45 commission=474872.43 bars=43
2026-10-03 14:42:59.597 INFO webull.main   #66 EFA LONG size=6773836 entry=57.92@2020-08-03 16:00:00-04:00 exit=66.51@2021-12-01 16:00:00-05:00 pnl=89308704.29 pnlcomm=88646965.26 commission=661739.03 bars=336
2026-10-03 14:42:59.597 INFO webull.main   #67 EFA LONG size=6610853 entry=68.84@2022-01-03 16:00:00-05:00 exit=66.41@2022-02-01 16:00:00-05:00 pnl=-16360197.25 pnlcomm=-16829193.86 commission=468996.61 bars=20
2026-10-03 14:42:59.597 INFO webull.main   #68 IEF LONG size=4368585 entry=99.01@2021-12-01 16:00:00-05:00 exit=96.76@2022-02-01 16:00:00-05:00 pnl=-10643249.61 pnlcomm=-11132732.33 commission=489482.73 bars=42
2026-10-03 14:42:59.597 INFO webull.main   #69 SPY LONG size=1238814 entry=336.86@2020-06-01 16:00:00-04:00 exit=408.12@2022-03-01 16:00:00-05:00 pnl=148648686.54 pnlcomm=147852201.86 commission=796484.68 bars=441
2026-10-03 14:42:59.597 INFO webull.main   #70 VNQ LONG size=5396768 entry=75.94@2020-12-01 16:00:00-05:00 exit=85.37@2022-03-01 16:00:00-05:00 pnl=97121758.13 pnlcomm=96380595.48 commission=741162.65 bars=313
2026-10-03 14:42:59.597 INFO webull.main   #71 SPY LONG size=1058799 entry=425.07@2022-04-01 16:00:00-04:00 exit=387.77@2022-05-02 16:00:00-04:00 pnl=-42581904.63 pnlcomm=-43059773.12 commission=477868.49 bars=20
2026-10-03 14:42:59.597 INFO webull.main   #72 VNQ LONG size=4972896 entry=91.00@2022-04-01 16:00:00-04:00 exit=86.73@2022-05-02 16:00:00-04:00 pnl=-20612965.61 pnlcomm=-21084460.65 commission=471495.03 bars=20
2026-10-03 14:42:59.597 INFO webull.main   #73 DBC LONG size=29703857 entry=19.29@2020-12-01 16:00:00-05:00 exit=21.26@2022-10-03 16:00:00-04:00 pnl=245978004.06 pnlcomm=244749547.13 commission=1228456.93 bars=462
2026-10-03 14:42:59.597 INFO webull.main   #74 SPY LONG size=1118910 entry=386.72@2022-12-01 16:00:00-05:00 exit=366.43@2023-01-03 16:00:00-05:00 pnl=-24412695.45 pnlcomm=-24871568.73 commission=458873.28 bars=21
2026-10-03 14:42:59.597 INFO webull.main   #75 IEF LONG size=4983266 entry=87.06@2023-02-01 16:00:00-05:00 exit=83.63@2023-03-01 16:00:00-05:00 pnl=-17516085.79 pnlcomm=-17954948.78 commission=438862.99 bars=19
2026-10-03 14:42:59.597 INFO webull.main   #76 VNQ LONG size=5517103 entry=78.01@2023-02-01 16:00:00-05:00 exit=73.33@2023-03-01 16:00:00-05:00 pnl=-26649990.87 pnlcomm=-27093672.96 commission=443682.10 bars=19
2026-10-03 14:42:59.597 INFO webull.main   #77 IEF LONG size=4878077 entry=86.99@2023-04-03 16:00:00-04:00 exit=84.53@2023-08-01 16:00:00-04:00 pnl=-12718907.42 pnlcomm=-13219389.11 commission=500481.69 bars=82
2026-10-03 14:42:59.597 INFO webull.main   #78 VNQ LONG size=5895156 entry=73.49@2023-07-03 16:00:00-04:00 exit=72.94@2023-09-01 16:00:00-04:00 pnl=-3002288.05 pnlcomm=-3475598.06 commission=473310.02 bars=43
2026-10-03 14:42:59.597 INFO webull.main   #79 EFA LONG size=7248438 entry=61.49@2022-12-01 16:00:00-05:00 exit=62.29@2023-10-02 16:00:00-04:00 pnl=14667511.81 pnlcomm=14040997.85 commission=626513.96 bars=208
2026-10-03 14:42:59.597 INFO webull.main   #80 SPY LONG size=1116804 entry=391.94@2023-02-01 16:00:00-05:00 exit=404.08@2023-11-01 16:00:00-04:00 pnl=20173283.48 pnlcomm=19577034.95 commission=596248.53 bars=189
2026-10-03 14:42:59.597 INFO webull.main   #81 DBC LONG size=20367674 entry=21.33@2023-08-01 16:00:00-04:00 exit=20.32@2024-01-02 16:00:00-05:00 pnl=-21514399.82 pnlcomm=-22079510.85 commission=565111.03 bars=106
2026-10-03 14:42:59.597 INFO webull.main   #82 IEF LONG size=4989307 entry=86.37@2024-01-02 16:00:00-05:00 exit=83.34@2024-05-01 16:00:00-04:00 pnl=-16551487.07 pnlcomm=-17043503.05 commission=492015.98 bars=83
2026-10-03 14:42:59.597 INFO webull.main   #83 VNQ LONG size=5790247 entry=73.56@2023-12-01 16:00:00-05:00 exit=72.11@2024-05-01 16:00:00-04:00 pnl=-2440737.35 pnlcomm=-2993391.44 commission=552654.09 bars=103
2026-10-03 14:42:59.597 INFO webull.main   #84 DBC LONG size=21143448 entry=21.20@2024-04-01 16:00:00-04:00 exit=20.71@2024-08-01 16:00:00-04:00 pnl=-9508499.56 pnlcomm=-10063369.32 commission=554869.76 bars=85
2026-10-03 14:42:59.597 INFO webull.main   #85 EFA LONG size=6381976 entry=68.74@2023-12-01 16:00:00-05:00 exit=74.11@2024-12-02 16:00:00-05:00 pnl=52062220.66 pnlcomm=51409578.12 commission=652642.55 bars=251
2026-10-03 14:42:59.597 INFO webull.main   #86 IEF LONG size=5187302 entry=85.60@2024-06-03 16:00:00-04:00 exit=86.53@2025-01-02 16:00:00-05:00 pnl=8885852.98 pnlcomm=8321357.95 commission=564495.03 bars=147
2026-10-03 14:42:59.597 INFO webull.main   #87 SPY LONG size=955718 entry=486.67@2023-12-01 16:00:00-05:00 exit=548.08@2025-04-01 16:00:00-04:00 pnl=99009196.39 pnlcomm=98271984.84 commission=737211.55 bars=332
2026-10-03 14:42:59.597 INFO webull.main   #88 VNQ LONG size=5811044 entry=79.57@2024-06-03 16:00:00-04:00 exit=85.77@2025-04-01 16:00:00-04:00 pnl=57160947.63 pnlcomm=56453877.43 commission=707070.19 bars=207
2026-10-03 14:42:59.597 INFO webull.main   #89 DBC LONG size=21652809 entry=21.23@2025-02-03 16:00:00-05:00 exit=19.89@2025-05-01 16:00:00-04:00 pnl=-31008465.25 pnlcomm=-31547643.21 commission=539177.95 bars=61
2026-10-03 14:42:59.597 INFO webull.main   #90 SPY LONG size=795460 entry=605.33@2025-06-02 16:00:00-04:00 exit=650.28@2026-04-01 16:00:00-04:00 pnl=55090326.00 pnlcomm=54398821.30 commission=691504.69 bars=209
2026-10-03 14:42:59.597 INFO webull.main   #91 VNQ LONG size=5435001 entry=87.49@2025-09-02 16:00:00-04:00 exit=87.13@2026-04-01 16:00:00-04:00 pnl=-461724.26 pnlcomm=-1132184.57 commission=670460.31 bars=146
2026-10-03 14:42:59.597 INFO webull.main   #92 IEF LONG size=5217731 entry=90.54@2025-03-03 16:00:00-05:00 exit=92.58@2026-06-01 16:00:00-04:00 pnl=18286394.55 pnlcomm=17506136.93 commission=780257.62 bars=313
2026-10-03 14:42:59.597 INFO webull.main   #93 VNQ LONG size=5635411 entry=95.20@2026-05-01 16:00:00-04:00 exit=89.31@2026-10-01 16:00:00-04:00 pnl=-32928747.89 pnlcomm=-33638298.54 commission=709550.65 bars=105
2026-10-03 14:42:59.597 INFO webull.main ============================================================
2026-10-03 14:42:59.597 INFO webull.main [Backtest] visualization disabled (WEBULL_VISUALIZE=false)
2026-10-03 14:42:59.734 INFO webull.harness [Harness] in_sample     2005-11-01..2024-10-02  kit Sharpe 0.6085  our Sharpe 0.4852  ann 4.66%  max DD -15.92%  orders 15839 (refused 0)
2026-10-03 14:42:59.734 INFO webull.harness [Harness] out_of_sample 2024-10-03..2026-10-02  kit Sharpe 1.1324  our Sharpe 0.6736  ann 7.81%  max DD -6.40%  orders 2032 (refused 0)
2026-10-03 14:42:59.734 INFO webull.harness [Harness] full          2005-01-03..2026-10-02  kit Sharpe 0.6385  our Sharpe 0.4907  ann 4.76%  max DD -15.92%  orders 17874 (refused 0)
2026-10-03 14:42:59.755 INFO webull.harness [Harness] metrics written: <scratch>\kit_native\final_run\recheck_gtaa\S3_guide_cash_1e9.json
