2026-10-03 14:42:49.993 INFO webull.main [Backtest] strategy=gqh_gtaa symbols=['SPY', 'EFA', 'IEF', 'VNQ', 'DBC'] params={'buy_and_hold': False, 'decisions': '<scratch>/kit_native/final_run/recheck_gtaa/S3_guide_margin_1e9_decisions.csv'}
2026-10-03 14:42:49.997 INFO webull.main [Backtest] starting cash: 1000000000.00
2026-10-03 14:42:53.670 INFO webull.main ============================================================
2026-10-03 14:42:53.670 INFO webull.main [Backtest] Result Summary
2026-10-03 14:42:53.670 INFO webull.main ============================================================
2026-10-03 14:42:53.670 INFO webull.main Starting cash    : 1000000000.00
2026-10-03 14:42:53.670 INFO webull.main Final cash       : 2770676031.11
2026-10-03 14:42:53.670 INFO webull.main Net P&L          : 1770676031.11 (177.07%)
2026-10-03 14:42:53.670 INFO webull.main Max drawdown     : 16.07% (220692859.35)
2026-10-03 14:42:53.670 INFO webull.main Sharpe ratio     : 0.6385 (annualized)
2026-10-03 14:42:53.670 INFO webull.main Total trades     : 96 (won=40, lost=53, win rate=41.67%)
2026-10-03 14:42:53.671 INFO webull.main Trades net P&L   : 1321820099.34
2026-10-03 14:42:53.671 INFO webull.main ============================================================
2026-10-03 14:42:53.671 INFO webull.main [Backtest] Trade-by-trade detail (93 closed trade(s)):
2026-10-03 14:42:53.671 INFO webull.main   #1 IEF LONG size=4248929 entry=48.33@2006-01-03 16:00:00-05:00 exit=48.03@2006-02-01 16:00:00-05:00 pnl=-1294498.28 pnlcomm=-1513547.50 commission=219049.22 bars=20
2026-10-03 14:42:53.671 INFO webull.main   #2 DBC LONG size=11593455 entry=20.25@2006-12-01 16:00:00-05:00 exit=19.60@2007-02-01 16:00:00-05:00 pnl=-9729846.12 pnlcomm=-10010542.16 commission=280696.04 bars=40
2026-10-03 14:42:53.671 INFO webull.main   #3 IEF LONG size=4560161 entry=48.66@2006-08-01 16:00:00-04:00 exit=49.72@2007-07-02 16:00:00-04:00 pnl=8381992.39 pnlcomm=8045990.75 commission=336001.64 bars=230
2026-10-03 14:42:53.671 INFO webull.main   #4 VNQ LONG size=8302371 entry=29.52@2005-11-01 16:00:00-05:00 exit=31.96@2007-07-02 16:00:00-04:00 pnl=62204076.10 pnlcomm=61724437.72 commission=479638.38 bars=417
2026-10-03 14:42:53.671 INFO webull.main   #5 SPY LONG size=2443456 entry=92.64@2005-11-01 16:00:00-05:00 exit=104.06@2008-01-02 16:00:00-05:00 pnl=53818071.65 pnlcomm=53380558.26 commission=437513.39 bars=544
2026-10-03 14:42:53.671 INFO webull.main   #6 EFA LONG size=6616045 entry=38.30@2005-11-01 16:00:00-05:00 exit=45.28@2008-01-02 16:00:00-05:00 pnl=91979855.72 pnlcomm=91445180.66 commission=534675.06 bars=544
2026-10-03 14:42:53.671 INFO webull.main   #7 VNQ LONG size=8730618 entry=30.52@2008-05-01 16:00:00-04:00 exit=26.78@2008-07-01 16:00:00-04:00 pnl=-37746218.33 pnlcomm=-38087118.46 commission=340900.13 bars=42
2026-10-03 14:42:53.671 INFO webull.main   #8 DBC LONG size=11696105 entry=27.90@2007-03-01 16:00:00-05:00 exit=27.87@2008-10-01 16:00:00-04:00 pnl=90387876.92 pnlcomm=89654650.82 commission=733226.11 bars=401
2026-10-03 14:42:53.671 INFO webull.main   #9 VNQ LONG size=9063737 entry=24.48@2008-09-02 16:00:00-04:00 exit=19.74@2008-11-03 16:00:00-05:00 pnl=-81607536.96 pnlcomm=-82065008.63 commission=457471.66 bars=44
2026-10-03 14:42:53.671 INFO webull.main   #10 IEF LONG size=4725983 entry=56.09@2007-08-01 16:00:00-04:00 exit=60.01@2009-06-01 16:00:00-04:00 pnl=43685325.26 pnlcomm=43098124.99 commission=587200.27 bars=461
2026-10-03 14:42:53.671 INFO webull.main   #11 IEF LONG size=4253541 entry=62.10@2009-10-01 16:00:00-04:00 exit=60.42@2010-01-04 16:00:00-05:00 pnl=-7932038.61 pnlcomm=-8286875.71 commission=354837.10 bars=64
2026-10-03 14:42:53.671 INFO webull.main   #12 DBC LONG size=12812420 entry=19.84@2009-08-03 16:00:00-04:00 exit=19.29@2010-02-01 16:00:00-05:00 pnl=-6995345.71 pnlcomm=-7371712.07 commission=376366.36 bars=125
2026-10-03 14:42:53.671 INFO webull.main   #13 IEF LONG size=4293244 entry=61.69@2010-02-01 16:00:00-05:00 exit=61.21@2010-04-01 16:00:00-04:00 pnl=-2160889.99 pnlcomm=-2465345.94 commission=304455.96 bars=42
2026-10-03 14:42:53.671 INFO webull.main   #14 EFA LONG size=8680294 entry=30.19@2009-06-01 16:00:00-04:00 exit=29.18@2010-06-01 16:00:00-04:00 pnl=3794485.87 pnlcomm=3341215.64 commission=453270.23 bars=252
2026-10-03 14:42:53.671 INFO webull.main   #15 DBC LONG size=13542733 entry=19.98@2010-03-01 16:00:00-05:00 exit=18.39@2010-06-01 16:00:00-04:00 pnl=-23959655.83 pnlcomm=-24279384.60 commission=319728.78 bars=64
2026-10-03 14:42:53.671 INFO webull.main   #16 SPY LONG size=3563777 entry=72.33@2009-07-01 16:00:00-04:00 exit=77.43@2010-07-01 16:00:00-04:00 pnl=33471411.59 pnlcomm=33097902.67 commission=373508.92 bars=252
2026-10-03 14:42:53.671 INFO webull.main   #17 SPY LONG size=3253663 entry=83.96@2010-08-02 16:00:00-04:00 exit=80.12@2010-09-01 16:00:00-04:00 pnl=-12906683.65 pnlcomm=-13189199.73 commission=282516.08 bars=22
2026-10-03 14:42:53.671 INFO webull.main   #18 EFA LONG size=8369577 entry=32.83@2010-08-02 16:00:00-04:00 exit=31.72@2010-09-01 16:00:00-04:00 pnl=-9740390.11 pnlcomm=-10029937.70 commission=289547.59 bars=22
2026-10-03 14:42:53.671 INFO webull.main   #19 IEF LONG size=4602160 entry=64.37@2010-05-03 16:00:00-04:00 exit=65.53@2011-01-03 16:00:00-05:00 pnl=14483332.65 pnlcomm=14013987.92 commission=469344.72 bars=170
2026-10-03 14:42:53.671 INFO webull.main   #20 SPY LONG size=3114861 entry=89.67@2010-10-01 16:00:00-04:00 exit=93.65@2011-09-01 16:00:00-04:00 pnl=21153377.27 pnlcomm=20759550.48 commission=393826.80 bars=232
2026-10-03 14:42:53.671 INFO webull.main   #21 EFA LONG size=7880456 entry=35.04@2010-10-01 16:00:00-04:00 exit=34.01@2011-09-01 16:00:00-04:00 pnl=-1872507.14 pnlcomm=-2347741.33 commission=475234.19 bars=232
2026-10-03 14:42:53.671 INFO webull.main   #22 VNQ LONG size=14304728 entry=26.31@2009-08-03 16:00:00-04:00 exit=31.47@2011-09-01 16:00:00-04:00 pnl=166574147.47 pnlcomm=165715593.76 commission=858553.71 bars=526
2026-10-03 14:42:53.671 INFO webull.main   #23 DBC LONG size=13169297 entry=22.64@2010-10-01 16:00:00-04:00 exit=21.39@2011-10-03 16:00:00-04:00 pnl=13276698.41 pnlcomm=12742742.97 commission=533955.44 bars=253
2026-10-03 14:42:53.671 INFO webull.main   #24 VNQ LONG size=8834477 entry=31.08@2011-11-01 16:00:00-04:00 exit=30.89@2011-12-01 16:00:00-05:00 pnl=-1802304.72 pnlcomm=-2125249.45 commission=322944.73 bars=21
2026-10-03 14:42:53.671 INFO webull.main   #25 EFA LONG size=8175757 entry=35.15@2012-03-01 16:00:00-05:00 exit=30.30@2012-06-01 16:00:00-04:00 pnl=-44348892.75 pnlcomm=-44676076.68 commission=327183.93 bars=64
2026-10-03 14:42:53.671 INFO webull.main   #26 DBC LONG size=11644715 entry=24.64@2012-03-01 16:00:00-05:00 exit=21.03@2012-06-01 16:00:00-04:00 pnl=-47101542.86 pnlcomm=-47417896.54 commission=316353.68 bars=64
2026-10-03 14:42:53.671 INFO webull.main   #27 DBC LONG size=11556432 entry=24.50@2012-09-04 16:00:00-04:00 exit=23.37@2012-11-01 16:00:00-04:00 pnl=-13709485.82 pnlcomm=-14022200.97 commission=312715.15 bars=40
2026-10-03 14:42:53.671 INFO webull.main   #28 IEF LONG size=4474376 entry=74.26@2011-06-01 16:00:00-04:00 exit=78.40@2013-02-01 16:00:00-05:00 pnl=38320836.83 pnlcomm=37651449.70 commission=669387.12 bars=420
2026-10-03 14:42:53.671 INFO webull.main   #29 DBC LONG size=11848817 entry=23.92@2012-12-03 16:00:00-05:00 exit=22.71@2013-03-01 16:00:00-05:00 pnl=-15615369.17 pnlcomm=-15932623.46 commission=317254.28 bars=60
2026-10-03 14:42:53.671 INFO webull.main   #30 IEF LONG size=3720004 entry=79.33@2013-04-01 16:00:00-04:00 exit=77.74@2013-06-03 16:00:00-04:00 pnl=-6017033.89 pnlcomm=-6347433.26 commission=330399.37 bars=44
2026-10-03 14:42:53.671 INFO webull.main   #31 VNQ LONG size=8790650 entry=36.17@2012-01-03 16:00:00-05:00 exit=38.16@2013-09-03 16:00:00-04:00 pnl=42566799.41 pnlcomm=42018558.03 commission=548241.38 bars=418
2026-10-03 14:42:53.671 INFO webull.main   #32 VNQ LONG size=7404703 entry=41.23@2013-11-01 16:00:00-04:00 exit=38.92@2013-12-02 16:00:00-05:00 pnl=-18071021.50 pnlcomm=-18387213.71 commission=316192.21 bars=20
2026-10-03 14:42:53.671 INFO webull.main   #33 DBC LONG size=14043165 entry=22.36@2014-03-03 16:00:00-05:00 exit=21.31@2014-08-01 16:00:00-04:00 pnl=-16318905.14 pnlcomm=-16696981.88 commission=378076.74 bars=106
2026-10-03 14:42:53.671 INFO webull.main   #34 EFA LONG size=8247437 entry=39.39@2012-09-04 16:00:00-04:00 exit=44.89@2014-10-01 16:00:00-04:00 pnl=82776115.76 pnlcomm=82186031.72 commission=590084.04 bars=521
2026-10-03 14:42:53.671 INFO webull.main   #35 VNQ LONG size=7387402 entry=44.62@2014-02-03 16:00:00-05:00 exit=50.14@2015-06-01 16:00:00-04:00 pnl=67599971.33 pnlcomm=67066281.21 commission=533690.12 bars=333
2026-10-03 14:42:53.671 INFO webull.main   #36 IEF LONG size=3924248 entry=78.38@2014-02-03 16:00:00-05:00 exit=80.55@2015-07-01 16:00:00-04:00 pnl=16460985.59 pnlcomm=15928759.05 commission=532226.54 bars=355
2026-10-03 14:42:53.671 INFO webull.main   #37 SPY LONG size=2829451 entry=138.87@2012-02-01 16:00:00-05:00 exit=160.53@2015-09-01 16:00:00-04:00 pnl=138161881.61 pnlcomm=137384906.34 commission=776975.27 bars=901
2026-10-03 14:42:53.671 INFO webull.main   #38 EFA LONG size=7167369 entry=46.19@2015-03-02 16:00:00-05:00 exit=42.12@2015-09-01 16:00:00-04:00 pnl=-29130676.49 pnlcomm=-29554852.17 commission=424175.68 bars=128
2026-10-03 14:42:53.671 INFO webull.main   #39 IEF LONG size=4004887 entry=82.24@2015-08-03 16:00:00-04:00 exit=82.42@2015-09-01 16:00:00-04:00 pnl=927459.73 pnlcomm=581795.46 commission=345664.27 bars=21
2026-10-03 14:42:53.671 INFO webull.main   #40 IEF LONG size=3793586 entry=83.61@2015-10-01 16:00:00-04:00 exit=82.62@2016-01-04 16:00:00-05:00 pnl=-4134565.42 pnlcomm=-4484284.94 commission=349719.52 bars=64
2026-10-03 14:42:53.671 INFO webull.main   #41 SPY LONG size=1819684 entry=172.78@2015-11-02 16:00:00-05:00 exit=161.83@2016-02-01 16:00:00-05:00 pnl=-22541963.32 pnlcomm=-22915273.02 commission=373309.69 bars=61
2026-10-03 14:42:53.671 INFO webull.main   #42 EFA LONG size=7493415 entry=42.16@2016-06-01 16:00:00-04:00 exit=41.57@2016-07-01 16:00:00-04:00 pnl=-5169936.78 pnlcomm=-5527762.55 commission=357825.76 bars=22
2026-10-03 14:42:53.671 INFO webull.main   #43 IEF LONG size=3650846 entry=85.73@2016-02-01 16:00:00-05:00 exit=86.57@2016-11-01 16:00:00-04:00 pnl=6045951.57 pnlcomm=5606320.23 commission=439631.34 bars=191
2026-10-03 14:42:53.671 INFO webull.main   #44 VNQ LONG size=6142066 entry=53.14@2015-11-02 16:00:00-05:00 exit=54.63@2016-11-01 16:00:00-04:00 pnl=19924408.05 pnlcomm=19366567.74 commission=557840.31 bars=252
2026-10-03 14:42:53.671 INFO webull.main   #45 EFA LONG size=7589519 entry=43.11@2016-08-01 16:00:00-04:00 exit=42.23@2016-12-01 16:00:00-05:00 pnl=-6381701.98 pnlcomm=-6750457.71 commission=368755.73 bars=86
2026-10-03 14:42:53.671 INFO webull.main   #46 VNQ LONG size=5688907 entry=58.21@2017-03-01 16:00:00-05:00 exit=56.85@2017-04-03 16:00:00-04:00 pnl=-8270375.33 pnlcomm=-8615579.52 commission=345204.19 bars=23
2026-10-03 14:42:53.671 INFO webull.main   #47 DBC LONG size=25632304 entry=12.48@2016-05-02 16:00:00-04:00 exit=12.51@2017-05-01 16:00:00-04:00 pnl=8215027.10 pnlcomm=7667500.48 commission=547526.62 bars=251
2026-10-03 14:42:53.671 INFO webull.main   #48 IEF LONG size=3909577 entry=85.49@2017-06-01 16:00:00-04:00 exit=85.15@2017-12-01 16:00:00-05:00 pnl=-1264756.23 pnlcomm=-1657993.95 commission=393237.72 bars=128
2026-10-03 14:42:53.671 INFO webull.main   #49 VNQ LONG size=5772220 entry=58.21@2017-07-03 16:00:00-04:00 exit=56.54@2018-02-01 16:00:00-05:00 pnl=-10320745.91 pnlcomm=-10769806.70 commission=449060.79 bars=147
2026-10-03 14:42:53.671 INFO webull.main   #50 EFA LONG size=7520384 entry=46.61@2017-01-03 16:00:00-05:00 exit=54.01@2018-06-01 16:00:00-04:00 pnl=72428477.44 pnlcomm=71914783.47 commission=513693.97 bars=355
2026-10-03 14:42:53.671 INFO webull.main   #51 EFA LONG size=6683810 entry=54.16@2018-08-01 16:00:00-04:00 exit=52.39@2018-09-04 16:00:00-04:00 pnl=-12268603.19 pnlcomm=-12644481.66 commission=375878.47 bars=23
2026-10-03 14:42:53.671 INFO webull.main   #52 IEF LONG size=4363723 entry=83.78@2018-09-04 16:00:00-04:00 exit=82.71@2018-10-01 16:00:00-04:00 pnl=-4746208.86 pnlcomm=-5117428.90 commission=371220.04 bars=19
2026-10-03 14:42:53.671 INFO webull.main   #53 SPY LONG size=1824577 entry=202.57@2016-04-01 16:00:00-04:00 exit=240.84@2018-11-01 16:00:00-04:00 pnl=113929940.10 pnlcomm=113239641.16 commission=690298.95 bars=653
2026-10-03 14:42:53.671 INFO webull.main   #54 DBC LONG size=26250477 entry=13.57@2017-10-02 16:00:00-04:00 exit=14.40@2018-11-01 16:00:00-04:00 pnl=40598545.70 pnlcomm=40028979.69 commission=569566.00 bars=274
2026-10-03 14:42:53.671 INFO webull.main   #55 SPY LONG size=1461455 entry=246.03@2018-12-03 16:00:00-05:00 exit=219.48@2019-01-02 16:00:00-05:00 pnl=-43460344.51 pnlcomm=-43846524.94 commission=386180.42 bars=19
2026-10-03 14:42:53.671 INFO webull.main   #56 VNQ LONG size=6297190 entry=57.31@2018-06-01 16:00:00-04:00 exit=54.99@2019-01-02 16:00:00-05:00 pnl=-9489988.39 pnlcomm=-9986162.11 commission=496173.72 bars=147
2026-10-03 14:42:53.671 INFO webull.main   #57 SPY LONG size=1384509 entry=250.66@2019-03-01 16:00:00-05:00 exit=246.64@2019-06-03 16:00:00-04:00 pnl=-4887627.27 pnlcomm=-5271158.41 commission=383531.14 bars=64
2026-10-03 14:42:53.671 INFO webull.main   #58 EFA LONG size=6769537 entry=52.17@2019-04-01 16:00:00-04:00 exit=50.63@2019-06-03 16:00:00-04:00 pnl=-10492543.07 pnlcomm=-10869359.92 commission=376816.85 bars=43
2026-10-03 14:42:53.671 INFO webull.main   #59 DBC LONG size=26425477 entry=13.85@2020-01-02 16:00:00-05:00 exit=12.58@2020-02-03 16:00:00-05:00 pnl=-36425724.63 pnlcomm=-36810087.68 commission=384363.05 bars=21
2026-10-03 14:42:53.671 INFO webull.main   #60 SPY LONG size=1324344 entry=269.32@2019-07-01 16:00:00-04:00 exit=271.02@2020-03-02 16:00:00-05:00 pnl=6981639.73 pnlcomm=6507305.59 commission=474334.14 bars=168
2026-10-03 14:42:53.671 INFO webull.main   #61 EFA LONG size=6533407 entry=54.09@2019-07-01 16:00:00-04:00 exit=51.19@2020-03-02 16:00:00-05:00 pnl=-18297911.80 pnlcomm=-18753927.89 commission=456016.09 bars=168
2026-10-03 14:42:53.671 INFO webull.main   #62 VNQ LONG size=5518858 entry=65.08@2019-02-01 16:00:00-05:00 exit=67.89@2020-03-02 16:00:00-05:00 pnl=31825847.76 pnlcomm=31279403.41 commission=546444.35 bars=271
2026-10-03 14:42:53.671 INFO webull.main   #63 DBC LONG size=30807456 entry=11.76@2020-09-01 16:00:00-04:00 exit=10.99@2020-11-02 16:00:00-05:00 pnl=-25681912.91 pnlcomm=-26088038.62 commission=406125.70 bars=43
2026-10-03 14:42:53.671 INFO webull.main   #64 IEF LONG size=4269432 entry=91.99@2018-12-03 16:00:00-05:00 exit=102.18@2020-12-01 16:00:00-05:00 pnl=71511043.74 pnlcomm=70803373.65 commission=707670.10 bars=502
2026-10-03 14:42:53.671 INFO webull.main   #65 IEF LONG size=4384923 entry=100.88@2021-08-02 16:00:00-04:00 exit=98.89@2021-10-01 16:00:00-04:00 pnl=-9100679.64 pnlcomm=-9584238.99 commission=483559.35 bars=43
2026-10-03 14:42:53.671 INFO webull.main   #66 EFA LONG size=6878731 entry=57.92@2020-08-03 16:00:00-04:00 exit=66.51@2021-12-01 16:00:00-05:00 pnl=90702910.12 pnlcomm=90030878.84 commission=672031.28 bars=336
2026-10-03 14:42:53.672 INFO webull.main   #67 EFA LONG size=6730250 entry=68.84@2022-01-03 16:00:00-05:00 exit=66.41@2022-02-01 16:00:00-05:00 pnl=-16653828.19 pnlcomm=-17131198.42 commission=477370.23 bars=20
2026-10-03 14:42:53.672 INFO webull.main   #68 IEF LONG size=4445591 entry=99.01@2021-12-01 16:00:00-05:00 exit=96.76@2022-02-01 16:00:00-05:00 pnl=-10835955.17 pnlcomm=-11334484.26 commission=498529.09 bars=42
2026-10-03 14:42:53.672 INFO webull.main   #69 SPY LONG size=1257778 entry=336.79@2020-06-01 16:00:00-04:00 exit=408.12@2022-03-01 16:00:00-05:00 pnl=151021368.72 pnlcomm=150212927.09 commission=808441.63 bars=441
2026-10-03 14:42:53.672 INFO webull.main   #70 VNQ LONG size=5481747 entry=75.92@2020-12-01 16:00:00-05:00 exit=85.37@2022-03-01 16:00:00-05:00 pnl=98734921.41 pnlcomm=97982149.83 commission=752771.58 bars=313
2026-10-03 14:42:53.672 INFO webull.main   #71 SPY LONG size=1077845 entry=425.08@2022-04-01 16:00:00-04:00 exit=387.77@2022-05-02 16:00:00-04:00 pnl=-43351507.67 pnlcomm=-43837863.66 commission=486355.98 bars=20
2026-10-03 14:42:53.672 INFO webull.main   #72 VNQ LONG size=5062350 entry=91.00@2022-04-01 16:00:00-04:00 exit=86.73@2022-05-02 16:00:00-04:00 pnl=-20984515.51 pnlcomm=-21464436.12 commission=479920.62 bars=20
2026-10-03 14:42:53.672 INFO webull.main   #73 DBC LONG size=30171582 entry=19.28@2020-12-01 16:00:00-05:00 exit=21.26@2022-10-03 16:00:00-04:00 pnl=250166545.67 pnlcomm=248918560.65 commission=1247985.02 bars=462
2026-10-03 14:42:53.672 INFO webull.main   #74 SPY LONG size=1138579 entry=386.73@2022-12-01 16:00:00-05:00 exit=366.43@2023-01-03 16:00:00-05:00 pnl=-24841979.63 pnlcomm=-25308743.38 commission=466763.75 bars=21
2026-10-03 14:42:53.672 INFO webull.main   #75 IEF LONG size=5070839 entry=87.06@2023-02-01 16:00:00-05:00 exit=83.63@2023-03-01 16:00:00-05:00 pnl=-17823948.80 pnlcomm=-18270561.59 commission=446612.79 bars=19
2026-10-03 14:42:53.672 INFO webull.main   #76 VNQ LONG size=5614058 entry=78.01@2023-02-01 16:00:00-05:00 exit=73.33@2023-03-01 16:00:00-05:00 pnl=-27115093.04 pnlcomm=-27566379.05 commission=451286.01 bars=19
2026-10-03 14:42:53.672 INFO webull.main   #77 IEF LONG size=4962876 entry=86.99@2023-04-03 16:00:00-04:00 exit=84.53@2023-08-01 16:00:00-04:00 pnl=-12943367.21 pnlcomm=-13452645.33 commission=509278.12 bars=82
2026-10-03 14:42:53.672 INFO webull.main   #78 VNQ LONG size=5998810 entry=73.49@2023-07-03 16:00:00-04:00 exit=72.94@2023-09-01 16:00:00-04:00 pnl=-3058437.99 pnlcomm=-3540013.31 commission=481575.32 bars=43
2026-10-03 14:42:53.672 INFO webull.main   #79 EFA LONG size=7375852 entry=61.48@2022-12-01 16:00:00-05:00 exit=62.29@2023-10-02 16:00:00-04:00 pnl=14909743.28 pnlcomm=14273118.98 commission=636624.30 bars=208
2026-10-03 14:42:53.672 INFO webull.main   #80 SPY LONG size=1136431 entry=391.92@2023-02-01 16:00:00-05:00 exit=404.08@2023-11-01 16:00:00-04:00 pnl=20515515.90 pnlcomm=19909508.22 commission=606007.68 bars=189
2026-10-03 14:42:53.672 INFO webull.main   #81 DBC LONG size=20728800 entry=21.33@2023-08-01 16:00:00-04:00 exit=20.32@2024-01-02 16:00:00-05:00 pnl=-21887772.61 pnlcomm=-22462690.40 commission=574917.79 bars=106
2026-10-03 14:42:53.672 INFO webull.main   #82 IEF LONG size=5076992 entry=86.37@2024-01-02 16:00:00-05:00 exit=83.34@2024-05-01 16:00:00-04:00 pnl=-16845775.56 pnlcomm=-17346839.30 commission=501063.74 bars=83
2026-10-03 14:42:53.672 INFO webull.main   #83 VNQ LONG size=5890202 entry=73.55@2023-12-01 16:00:00-05:00 exit=72.11@2024-05-01 16:00:00-04:00 pnl=-2503244.06 pnlcomm=-3064897.80 commission=561653.75 bars=103
2026-10-03 14:42:53.672 INFO webull.main   #84 DBC LONG size=21520979 entry=21.20@2024-04-01 16:00:00-04:00 exit=20.71@2024-08-01 16:00:00-04:00 pnl=-9681564.69 pnlcomm=-10246424.03 commission=564859.34 bars=85
2026-10-03 14:42:53.672 INFO webull.main   #85 EFA LONG size=6492145 entry=68.73@2023-12-01 16:00:00-05:00 exit=74.11@2024-12-02 16:00:00-05:00 pnl=52955520.16 pnlcomm=52292094.82 commission=663425.34 bars=251
2026-10-03 14:42:53.672 INFO webull.main   #86 IEF LONG size=5279049 entry=85.61@2024-06-03 16:00:00-04:00 exit=86.53@2025-01-02 16:00:00-05:00 pnl=9035882.37 pnlcomm=8460543.06 commission=575339.31 bars=147
2026-10-03 14:42:53.672 INFO webull.main   #87 SPY LONG size=972216 entry=486.59@2023-12-01 16:00:00-05:00 exit=548.08@2025-04-01 16:00:00-04:00 pnl=100733033.94 pnlcomm=99983506.77 commission=749527.17 bars=332
2026-10-03 14:42:53.672 INFO webull.main   #88 VNQ LONG size=5913823 entry=79.56@2024-06-03 16:00:00-04:00 exit=85.77@2025-04-01 16:00:00-04:00 pnl=58171878.29 pnlcomm=57452868.87 commission=719009.43 bars=207
2026-10-03 14:42:53.672 INFO webull.main   #89 DBC LONG size=22045931 entry=21.23@2025-02-03 16:00:00-05:00 exit=19.89@2025-05-01 16:00:00-04:00 pnl=-31577910.75 pnlcomm=-32126840.49 commission=548929.74 bars=61
2026-10-03 14:42:53.672 INFO webull.main   #90 SPY LONG size=809909 entry=605.33@2025-06-02 16:00:00-04:00 exit=650.28@2026-04-01 16:00:00-04:00 pnl=56076786.75 pnlcomm=55372785.25 commission=704001.49 bars=209
2026-10-03 14:42:53.672 INFO webull.main   #91 VNQ LONG size=5535774 entry=87.49@2025-09-02 16:00:00-04:00 exit=87.13@2026-04-01 16:00:00-04:00 pnl=-485296.54 pnlcomm=-1168398.67 commission=683102.13 bars=146
2026-10-03 14:42:53.672 INFO webull.main   #92 IEF LONG size=5313153 entry=90.55@2025-03-03 16:00:00-05:00 exit=92.58@2026-06-01 16:00:00-04:00 pnl=18614904.53 pnlcomm=17817982.50 commission=796922.03 bars=313
2026-10-03 14:42:53.672 INFO webull.main   #93 VNQ LONG size=5746120 entry=95.20@2026-05-01 16:00:00-04:00 exit=89.31@2026-10-01 16:00:00-04:00 pnl=-33592905.39 pnlcomm=-34316493.84 commission=723588.45 bars=105
2026-10-03 14:42:53.672 INFO webull.main ============================================================
2026-10-03 14:42:53.672 INFO webull.main [Backtest] visualization disabled (WEBULL_VISUALIZE=false)
2026-10-03 14:42:53.949 INFO webull.harness [Harness] in_sample     2005-11-01..2024-10-02  kit Sharpe 0.6085  our Sharpe 0.4853  ann 4.70%  max DD -16.07%  orders 15840 (refused 0)
2026-10-03 14:42:53.949 INFO webull.harness [Harness] out_of_sample 2024-10-03..2026-10-02  kit Sharpe 1.1324  our Sharpe 0.6736  ann 7.89%  max DD -6.47%  orders 2032 (refused 0)
2026-10-03 14:42:53.949 INFO webull.harness [Harness] full          2005-01-03..2026-10-02  kit Sharpe 0.6385  our Sharpe 0.4907  ann 4.81%  max DD -16.07%  orders 17875 (refused 0)
2026-10-03 14:42:53.971 INFO webull.harness [Harness] metrics written: <scratch>\kit_native\final_run\recheck_gtaa\S3_guide_margin_1e9.json
