20160316 [('FBC', 6, 44.1, 1.6, None, '')]
20160615 [('FBC', 0, None, None, None, '')]
20160921 [('FBC', 5, -5.0, 0.6, None, '')]
20161214 [('FBC', 4, 34.1, 1.1, None, '')]
20170315 [('FBC', 10, 5.9, 0.6, None, '')]
20170614 [('FBC', 10, 35.5, 0.9, None, '')]
20170920 [('FBC', 11, 30.8, 0.5, None, '')]
20171213 [('FBC', 9, 39.2, 0.6, None, '')]
20180321 [('FBC', 9, 36.0, 0.4, None, '')]
20180613 [('FBC', 5, 29.2, 0.7, None, '')]
20180926 [('FBC', 6, 23.2, 0.4, None, '')]
20181219 [('FBC', 8, 31.9, 1.0, None, '')]
20190130 [('FBC', 8, 17.7, 1.4, None, '')]
20190320 [('FBC', 9, 24.2, 0.6, None, '')]
20190501 [('FBC', 7, -152.3, 1.2, None, '')]
20190619 [('FBC', 8, 38.4, 1.1, None, '')]
20190731 [('FBC', 7, 50.8, 0.3, None, '')]
20190918 [('FBC', 9, 31.5, 0.7, None, '')]
20191030 [('FBC', 8, 16.3, 0.5, None, '')]
20191211 [('FBC', 3, 24.0, 0.7, None, '')]
20200129 [('FBC', 7, 27.4, 0.7, None, '')]
20200303 [('FBC', 7, 36.3, 0.6, None, '')]
20200315 [('FBC', 0, None, None, None, '')]
20200429 [('FBC', 10, 31.7, 0.4, None, '')]
20200610 [('FBC', 7, -0.3, 0.4, None, '')]
20200729 [('FBC', 0, None, None, None, '')]
20200916 [('FBC', 7, 42.4, 0.5, None, '')]
20201105 [('FBC', 9, 32.8, 0.4, None, '')]
20201216 [('FBC', 9, 40.3, 0.6, None, '')]
20210127 [('FBC', 8, 37.3, 0.7, None, '')]
20210317 [('FBC', 4, -218.2, 13.9, None, '')]
20210428 [('FBC', 9, 37.0, 0.6, None, '')]
20210616 [('FBC', 9, 40.6, 0.6, None, '')]
20210728 [('FBC', 8, 41.7, 0.7, None, '')]
20210922 [('FBC', 7, 42.4, 0.2, None, '')]
20211103 [('FBC', 9, 40.9, 0.4, None, '')]
20211215 [('FBC', 8, 39.3, 0.9, None, '')]
20220126 [('FBC', 9, 40.3, 0.3, None, '')]
20220316 [('FBC', 11, 43.7, 1.0, None, '')]
20220504 [('FBC', 10, 59.5, 0.9, None, '')]
20220615 [('FBC', 5, 47.6, 0.4, None, '')]
20220727 [('FBC', 11, 51.3, 0.6, None, '')]
20220921 [('FBC', 9, 46.8, 0.7, None, '')]
20221102 [('FBC', 2, -1.4, 82.7, None, '')]
20221214 [('FBC', 2, None, None, 110.7, '')]
20230201 [('FBC', 5, -84.0, 0.4, None, '')]
20230322 [('FBC', 7, 102.8, 1.1, None, '')]
20230503 [('FBC', 8, 90.7, 0.3, None, '')]
20230614 [('FBC', 2, None, None, 109.0, '')]
20230726 [('FBC', 2, None, None, 93.0, '')]
20230920 [('FBC', 10, 70.5, 0.7, None, '')]
20231101 [('FBC', 2, None, None, 97.3, '')]
20231213 [('FBC', 3, None, None, 222.2, '')]
20240131 [('FBC', 8, 27.7, 0.7, None, '')]
20240320 [('FBC', 1, None, None, 119.7, '')]
20240501 [('FBC', 8, 110.8, 0.8, None, '')]
20240612 [('FBC', 8, 85.1, 1.1, None, '')]
20240731 [('FBC', 8, 68.0, 0.1, None, '')]
20240918 [('FBC', 8, 33.2, 1.5, None, '')]
20241107 [('FBC', 0, None, None, None, '')]
station                             FBC
off_median_s          count   50.000000
                      mean    28.394000
                      std     52.998122
                      min   -218.200000
                      25%     27.475000
                      50%     36.650000
                      75%     43.375000
                      max    110.800000
off_mad_s             count   50.000000
                      mean     2.596000
                      std     11.713989
                      min      0.100000
                      25%      0.425000
                      50%      0.650000
                      75%      0.900000
                      max     82.700000
tv_open_minus_sched_s count    6.000000
                      mean   125.316667
                      std     48.429554
                      min     93.000000
                      25%    100.225000
                      50%    109.850000
                      75%    117.450000
                      max    222.200000
