20160316 [('CNBC', 6, 42.6, 0.5, None, '')]
20160615 [('CNBC', 10, 39.2, 0.5, None, '')]
20160921 [('CNBC', 9, -3.3, 1.0, None, '')]
20161214 [('CNBC', 8, 35.2, 1.1, None, '')]
20170315 [('CNBC', 8, 7.1, 0.8, None, '')]
20170614 [('CNBC', 10, 36.8, 0.8, None, '')]
20170920 [('CNBC', 10, 38.9, 0.7, None, '')]
20171213 [('CNBC', 6, 38.2, 1.1, None, '')]
20180321 [('CNBC', 8, 43.3, 0.8, None, '')]
20180613 [('CNBC', 3, 30.4, 0.7, None, '')]
20180926 [('CNBC', 5, 31.6, 1.3, None, '')]
20181219 [('CNBC', 8, 35.8, 0.4, None, '')]
20190130 [('CNBC', 9, 24.3, 1.6, None, '')]
20190320 [('CNBC', 8, 30.6, 2.5, None, '')]
20190501 [('CNBC', 5, -148.3, 1.1, None, '')]
20190619 [('CNBC', 8, 42.5, 0.5, None, '')]
20190731 [('CNBC', 5, 59.8, 0.9, None, '')]
20190918 [('CNBC', 5, 39.2, 0.8, None, '')]
20191030 [('CNBC', 7, 19.7, 0.5, None, '')]
20191211 [('CNBC', 4, 28.1, 1.1, None, '')]
20200129 [('CNBC', 6, 30.3, 0.5, None, '')]
20200303 [('CNBC', 9, 41.5, 0.7, None, '')]
20200315 [('CNBC', 0, None, None, None, '')]
20200429 [('CNBC', 12, 35.9, 0.5, None, '')]
20200610 [('CNBC', 3, 6.1, 0.1, None, '')]
20200729 [('CNBC', 3, 42.4, 0.5, None, '')]
20200916 [('CNBC', 8, 45.1, 0.7, None, '')]
20201105 [('CNBC', 9, 38.3, 0.7, None, '')]
20201216 [('CNBC', 9, 44.0, 0.4, None, '')]
20210127 [('CNBC', 10, 42.5, 0.9, None, '')]
20210317 [('CNBC', 2, -216.6, 2.6, None, '')]
20210428 [('CNBC', 7, 41.6, 1.1, None, '')]
20210616 [('CNBC', 3, 38.1, 0.4, None, '')]
20210728 [('CNBC', 10, 39.6, 0.4, None, '')]
20210922 [('CNBC', 8, 41.8, 1.3, None, '')]
20211103 [('CNBC', 9, 39.6, 1.1, None, '')]
20211215 [('CNBC', 9, 38.8, 0.6, None, '')]
20220126 [('CNBC', 6, 39.4, 1.3, None, '')]
20220316 [('CNBC', 8, 43.8, 1.0, None, '')]
20220504 [('CNBC', 8, 57.4, 0.6, None, '')]
20220615 [('CNBC', 8, 45.7, 0.9, None, '')]
20220727 [('CNBC', 3, 53.0, 0.5, None, '')]
20220921 [('CNBC', 8, 43.5, 0.6, None, '')]
20221102 [('CNBC', 2, -6.7, 66.7, None, '')]
20221214 [('CNBC', 2, None, None, 85.0, '')]
20230201 [('CNBC', 5, -109.2, 0.6, None, '')]
20230322 [('CNBC', 1, 54.9, 0.0, None, '')]
20230503 [('CNBC', 6, 61.5, 0.4, None, '')]
20230614 [('CNBC', 4, None, None, 197.8, '')]
20230726 [('CNBC', 2, None, None, 64.3, '')]
20230920 [('CNBC', 11, 53.0, 2.4, None, '')]
20231101 [('CNBC', 1, None, None, 55.0, '')]
20231213 [('CNBC', 4, None, None, 134.0, '')]
20240131 [('CNBC', 9, -0.5, 1.2, None, '')]
20240320 [('CNBC', 1, None, None, 98.7, '')]
20240501 [('CNBC', 8, 74.3, 0.8, None, '')]
20240612 [('CNBC', 9, 53.3, 0.5, None, '')]
20240731 [('CNBC', 10, 35.3, 0.6, None, '')]
20240918 [('CNBC', 10, 1.7, 0.5, None, '')]
20241107 [('CNBC', 0, None, None, None, '')]
station                            CNBC
off_median_s          count   52.000000
                      mean    25.405769
                      std     49.773051
                      min   -216.600000
                      25%     30.375000
                      50%     39.050000
                      75%     43.350000
                      max     74.300000
off_mad_s             count   52.000000
                      mean     2.111538
                      std      9.147305
                      min      0.000000
                      25%      0.500000
                      50%      0.700000
                      75%      1.100000
                      max     66.700000
tv_open_minus_sched_s count    6.000000
                      mean   105.800000
                      std     53.000340
                      min     55.000000
                      25%     69.475000
                      50%     91.850000
                      75%    125.175000
                      max    197.800000
