20160316 [('CNBC', 61, 27.8, 1.1, 311.7), ('FBC', 59, 55.5, 1.1, 914.0), ('BLOOMBERG', 60, 55.9, 2.0, 132.5)]
20161214 [('CNBC', 47, 46.3, 2.2, 754.5), ('FBC', 46, 15.3, 3.0, 1196.7), ('BLOOMBERG', 48, 13.6, 1.2, 707.0)]
20170315 [('CNBC', 51, -9.3, 17.8, 134.3), ('FBC', 49, 17.8, 1.4, 253.3), ('BLOOMBERG', 48, 16.8, 1.4, 332.4)]
20190731 [('CNBC', 46, 44.7, 2.0, 1220.2), ('FBC', 46, 37.0, 1.1, 1159.7), ('BLOOMBERG', 0, None, None, None)]
20241218 [('CNBC', 52, 33.2, 1.0, 47.9), ('FBC', 48, 57.2, 0.7, 156.9), ('BLOOMBERG', 0, None, None, None)]
20250129 [('CNBC', 51, 41.2, 0.8, -154.5), ('FBC', 47, 71.3, 1.0, -141.0), ('BLOOMBERG', 0, None, None, None)]
20250319 [('CNBC', 50, 7.0, 0.9, 1392.0), ('FBC', 43, 40.9, 2.9, -383.4), ('BLOOMBERG', 0, None, None, None)]
20250507 [('CNBC', 48, 48.4, 0.7, 465.4), ('FBC', 39, 53.8, 1.4, 522.7), ('BLOOMBERG', 0, None, None, None)]
20250618 [('CNBC', 53, 19.1, 2.6, 1664.7), ('FBC', 46, 21.7, 1.3, 1624.4), ('BLOOMBERG', 0, None, None, None)]
20250730 [('CNBC', 45, 60.0, 0.5, 290.7), ('FBC', 41, 62.8, 1.8, 2987.4), ('BLOOMBERG', 0, None, None, None)]
20250917 [('CNBC', 53, 38.5, 0.6, 176.1), ('FBC', 48, 46.9, 1.4, 47.1), ('BLOOMBERG', 0, None, None, None)]
20251029 [('CNBC', 55, 20.9, 0.9, 317.0), ('FBC', 49, 30.4, 0.8, 231.4), ('BLOOMBERG', 0, None, None, None)]
20251210 [('CNBC', 0, None, None, 555.0), ('FBC', 0, None, None, 465.2), ('BLOOMBERG', 0, None, None, None)]
20260128 [('CNBC', 48, 40.9, 0.8, 1523.6), ('FBC', 39, 39.5, 1.8, 352.5), ('BLOOMBERG', 0, None, None, None)]
20260318 [('CNBC', 49, 13.8, 0.4, 359.0), ('FBC', 45, 20.5, 1.3, 45.7), ('BLOOMBERG', 0, None, None, None)]
20260429 [('CNBC', 54, 111.1, 0.4, 1327.5), ('FBC', 49, 102.9, 0.8, 120.2), ('BLOOMBERG', 0, None, None, None)]
20260617 [('CNBC', 44, 44.5, 0.5, 47.5), ('FBC', 40, 39.3, 0.7, 558.7), ('BLOOMBERG', 0, None, None, None)]
20260729 [('CNBC', 45, 53.6, 0.8, 61.4), ('FBC', 42, 45.4, 1.0, 56.9), ('BLOOMBERG', 0, None, None, None)]
20260916 [('CNBC', 28, 64.2, 0.5, 1426.4), ('FBC', 20, 64.0, 0.8, -145.7), ('BLOOMBERG', 0, None, None, None)]
station             BLOOMBERG        CNBC         FBC
off_median_s count   3.000000   18.000000   18.000000
             mean   28.766667   39.216667   45.677778
             std    23.552565   26.093142   21.930037
             min    13.600000   -9.300000   15.300000
             25%    15.200000   22.625000   32.050000
             50%    16.800000   41.050000   43.150000
             75%    36.350000   47.875000   56.775000
             max    55.900000  111.100000  102.900000
off_mad_s    count   3.000000   18.000000   18.000000
             mean    1.533333    1.916667    1.350000
             std     0.416333    4.014569    0.671478
             min     1.200000    0.400000    0.700000
             25%     1.300000    0.525000    0.850000
             50%     1.400000    0.800000    1.200000
             75%     1.700000    1.075000    1.400000
             max     2.000000   17.800000    3.000000
