20160316 [('CNBC', 61, 27.8, 1.1, 311.7), ('FBC', 59, 55.5, 1.1, 914.0)]
20160615 [('CNBC', 55, 48.9, 4.9, 482.0), ('FBC', 25, 50.5, 1.0, None)]
20160921 [('CNBC', 61, 9.7, 0.9, 252.1), ('FBC', 58, 7.0, 2.0, 250.4)]
20161214 [('CNBC', 47, 46.3, 2.2, 754.5), ('FBC', 46, 15.3, 3.0, 1196.7)]
20170315 [('CNBC', 51, -9.3, 17.8, 134.3), ('FBC', 49, 17.8, 1.4, 253.3)]
20170614 [('CNBC', 59, 23.0, 4.8, 590.6), ('FBC', 58, 20.5, 1.3, 462.0)]
20170920 [('CNBC', 65, 23.2, 10.5, 879.3), ('FBC', 66, 15.9, 1.2, 1019.2)]
20190731 [('CNBC', 46, 44.7, 2.0, 1220.2), ('FBC', 46, 37.0, 1.1, 1159.7)]
20241218 [('CNBC', 52, 33.2, 1.0, 47.9), ('FBC', 48, 57.2, 0.7, 156.9)]
20250129 [('CNBC', 51, 41.2, 0.8, -154.5), ('FBC', 47, 71.3, 1.0, -141.0)]
20250319 [('CNBC', 50, 7.0, 0.9, 1392.0), ('FBC', 43, 40.9, 2.9, -383.4)]
20250507 [('CNBC', 48, 48.4, 0.7, 465.4), ('FBC', 39, 53.8, 1.4, 522.7)]
20250618 [('CNBC', 53, 19.1, 2.6, 1664.7), ('FBC', 46, 21.7, 1.3, 1624.4)]
20250730 [('CNBC', 45, 60.0, 0.5, 290.7), ('FBC', 41, 62.8, 1.8, 2987.4)]
20250917 [('CNBC', 53, 38.5, 0.6, 176.1), ('FBC', 48, 46.9, 1.4, 47.1)]
20251029 [('CNBC', 55, 20.9, 0.9, 317.0), ('FBC', 49, 30.4, 0.8, 231.4)]
20251210 [('CNBC', 0, None, None, 555.0), ('FBC', 0, None, None, 465.2)]
20260128 [('CNBC', 48, 40.9, 0.8, 1523.6), ('FBC', 39, 39.5, 1.8, 352.5)]
20260318 [('CNBC', 49, 13.8, 0.4, 359.0), ('FBC', 45, 20.5, 1.3, 45.7)]
20260429 [('CNBC', 54, 111.1, 0.4, 1327.5), ('FBC', 49, 102.9, 0.8, 120.2)]
20260617 [('CNBC', 44, 44.5, 0.5, 47.5), ('FBC', 40, 39.3, 0.7, 558.7)]
20260729 [('CNBC', 45, 53.6, 0.8, 61.4), ('FBC', 42, 45.4, 1.0, 56.9)]
20260916 [('CNBC', 28, 64.2, 0.5, 1426.4), ('FBC', 20, 64.0, 0.8, -145.7)]
station                   CNBC         FBC
off_median_s count   22.000000   22.000000
             mean    36.850000   41.640909
             std     24.819131   22.737732
             min     -9.300000    7.000000
             25%     21.425000   20.800000
             50%     39.700000   40.200000
             75%     47.875000   55.075000
             max    111.100000  102.900000
off_mad_s    count   22.000000   22.000000
             mean     2.527273    1.354545
             std      4.127167    0.626196
             min      0.400000    0.700000
             25%      0.625000    1.000000
             50%      0.900000    1.250000
             75%      2.150000    1.400000
             max     17.800000    3.000000
