20200303 [('CNBC', 14, 27.2, 0.8, 1138.8), ('FBC', 12, 21.4, 1.0, -53.4)]
20200610 [('CNBC', 55, -9.9, 1.1, 172.9), ('FBC', 54, -16.3, 1.2, 288.0)]
20220921 [('CNBC', 40, 29.0, 1.3, 856.7), ('FBC', 31, 32.8, 1.3, 37.7)]
20230920 [('CNBC', 50, 38.8, 1.6, 319.5), ('FBC', 51, 56.0, 1.8, 959.6)]
20240131 [('CNBC', 50, -15.8, 1.1, 270.4), ('FBC', 42, 13.5, 1.6, 217.9)]
20240918 [('CNBC', 52, -13.1, 1.2, 425.3), ('FBC', 46, 19.0, 0.7, 910.3)]
station                  CNBC        FBC
off_median_s count   6.000000   6.000000
             mean    9.366667  21.066667
             std    24.815855  23.731470
             min   -15.800000 -16.300000
             25%   -12.300000  14.875000
             50%     8.650000  20.200000
             75%    28.550000  29.950000
             max    38.800000  56.000000
off_mad_s    count   6.000000   6.000000
             mean    1.183333   1.266667
             std     0.263944   0.398330
             min     0.800000   0.700000
             25%     1.100000   1.050000
             50%     1.150000   1.250000
             75%     1.275000   1.525000
             max     1.600000   1.800000
