2026-10-03 14:08:08.863 INFO webull.main [Backtest] strategy=gqh_gtaa symbols=['SPY', 'EFA', 'IEF', 'VNQ', 'DBC'] params={'buy_and_hold': False, 'reserve': 0}
2026-10-03 14:08:08.867 INFO webull.main [Backtest] starting cash: 1000000000.00
2026-10-03 14:08:13.526 INFO webull.main ============================================================
2026-10-03 14:08:13.526 INFO webull.main [Backtest] Result Summary
2026-10-03 14:08:13.526 INFO webull.main ============================================================
2026-10-03 14:08:13.526 INFO webull.main Starting cash    : 1000000000.00
2026-10-03 14:08:13.526 INFO webull.main Final cash       : 2956894226.56
2026-10-03 14:08:13.526 INFO webull.main Net P&L          : 1956894226.56 (195.69%)
2026-10-03 14:08:13.526 INFO webull.main Max drawdown     : 16.01% (223775705.01)
2026-10-03 14:08:13.526 INFO webull.main Sharpe ratio     : 0.6891 (annualized)
2026-10-03 14:08:13.526 INFO webull.main Total trades     : 91 (won=40, lost=48, win rate=43.96%)
2026-10-03 14:08:13.526 INFO webull.main Trades net P&L   : 1479509648.47
2026-10-03 14:08:13.526 INFO webull.main ============================================================
2026-10-03 14:08:13.526 INFO webull.main [Backtest] Trade-by-trade detail (88 closed trade(s)):
2026-10-03 14:08:13.526 INFO webull.main   #1 IEF LONG size=4250777 entry=48.30@2006-01-03 16:00:00-05:00 exit=48.05@2006-02-01 16:00:00-05:00 pnl=-1077911.78 pnlcomm=-1209420.96 commission=131509.19 bars=20
2026-10-03 14:08:13.526 INFO webull.main   #2 IEF LONG size=4564560 entry=48.59@2006-08-01 16:00:00-04:00 exit=49.75@2007-07-02 16:00:00-04:00 pnl=8657278.04 pnlcomm=8461261.84 commission=196016.20 bars=230
2026-10-03 14:08:13.526 INFO webull.main   #3 VNQ LONG size=8302371 entry=29.35@2005-11-01 16:00:00-05:00 exit=31.97@2007-07-02 16:00:00-04:00 pnl=62849393.59 pnlcomm=62375090.88 commission=474302.70 bars=417
2026-10-03 14:08:13.526 INFO webull.main   #4 SPY LONG size=2443456 entry=92.54@2005-11-01 16:00:00-05:00 exit=104.11@2008-01-02 16:00:00-05:00 pnl=54586315.58 pnlcomm=54323863.79 commission=262451.79 bars=544
2026-10-03 14:08:13.526 INFO webull.main   #5 EFA LONG size=6616045 entry=38.37@2005-11-01 16:00:00-05:00 exit=45.30@2008-01-02 16:00:00-05:00 pnl=93021549.63 pnlcomm=92697157.99 commission=324391.64 bars=544
2026-10-03 14:08:13.526 INFO webull.main   #6 VNQ LONG size=8766231 entry=30.50@2008-05-01 16:00:00-04:00 exit=26.79@2008-07-01 16:00:00-04:00 pnl=-37576606.95 pnlcomm=-37918926.11 commission=342319.16 bars=42
2026-10-03 14:08:13.527 INFO webull.main   #7 DBC LONG size=11662885 entry=28.06@2007-07-02 16:00:00-04:00 exit=27.88@2008-10-01 16:00:00-04:00 pnl=81754950.09 pnlcomm=81084266.86 commission=670683.24 bars=316
2026-10-03 14:08:13.527 INFO webull.main   #8 VNQ LONG size=9104426 entry=24.47@2008-09-02 16:00:00-04:00 exit=19.75@2008-11-03 16:00:00-05:00 pnl=-81542412.83 pnlcomm=-82002038.48 commission=459625.64 bars=44
2026-10-03 14:08:13.527 INFO webull.main   #9 IEF LONG size=4740783 entry=56.06@2007-08-01 16:00:00-04:00 exit=60.04@2009-06-01 16:00:00-04:00 pnl=44425376.35 pnlcomm=44071544.60 commission=353831.75 bars=461
2026-10-03 14:08:13.527 INFO webull.main   #10 IEF LONG size=4279061 entry=62.07@2009-10-01 16:00:00-04:00 exit=60.45@2010-01-04 16:00:00-05:00 pnl=-7634748.71 pnlcomm=-7848618.89 commission=213870.19 bars=64
2026-10-03 14:08:13.527 INFO webull.main   #11 DBC LONG size=12884952 entry=19.82@2009-08-03 16:00:00-04:00 exit=19.30@2010-02-01 16:00:00-05:00 pnl=-7594563.78 pnlcomm=-7935038.66 commission=340474.88 bars=125
2026-10-03 14:08:13.527 INFO webull.main   #12 IEF LONG size=4317777 entry=61.68@2010-02-01 16:00:00-05:00 exit=61.24@2010-04-01 16:00:00-04:00 pnl=-2007675.73 pnlcomm=-2190383.75 commission=182708.03 bars=42
2026-10-03 14:08:13.527 INFO webull.main   #13 EFA LONG size=8725108 entry=30.20@2009-06-01 16:00:00-04:00 exit=29.19@2010-06-01 16:00:00-04:00 pnl=4351564.97 pnlcomm=4076279.45 commission=275285.53 bars=252
2026-10-03 14:08:13.527 INFO webull.main   #14 DBC LONG size=14271930 entry=20.13@2010-04-01 16:00:00-04:00 exit=18.40@2010-06-01 16:00:00-04:00 pnl=-23801693.89 pnlcomm=-24088948.45 commission=287254.56 bars=41
2026-10-03 14:08:13.527 INFO webull.main   #15 SPY LONG size=3583300 entry=72.17@2009-07-01 16:00:00-04:00 exit=77.47@2010-07-01 16:00:00-04:00 pnl=34063807.20 pnlcomm=33839884.01 commission=223923.19 bars=252
2026-10-03 14:08:13.527 INFO webull.main   #16 SPY LONG size=3277256 entry=83.92@2010-08-02 16:00:00-04:00 exit=80.16@2010-09-01 16:00:00-04:00 pnl=-12720073.11 pnlcomm=-12890818.16 commission=170745.05 bars=22
2026-10-03 14:08:13.527 INFO webull.main   #17 EFA LONG size=8430267 entry=32.81@2010-08-02 16:00:00-04:00 exit=31.73@2010-09-01 16:00:00-04:00 pnl=-9522983.77 pnlcomm=-9697978.76 commission=174994.99 bars=22
2026-10-03 14:08:13.527 INFO webull.main   #18 IEF LONG size=4628978 entry=64.13@2010-05-03 16:00:00-04:00 exit=65.56@2011-01-03 16:00:00-05:00 pnl=15277860.09 pnlcomm=15003504.07 commission=274356.02 bars=170
2026-10-03 14:08:13.527 INFO webull.main   #19 SPY LONG size=3139558 entry=89.56@2010-10-01 16:00:00-04:00 exit=93.69@2011-09-01 16:00:00-04:00 pnl=21673654.30 pnlcomm=21439110.48 commission=234543.82 bars=232
2026-10-03 14:08:13.527 INFO webull.main   #20 EFA LONG size=7942938 entry=35.03@2010-10-01 16:00:00-04:00 exit=34.02@2011-09-01 16:00:00-04:00 pnl=-1054430.84 pnlcomm=-1341393.47 commission=286962.63 bars=232
2026-10-03 14:08:13.527 INFO webull.main   #21 VNQ LONG size=14385708 entry=26.03@2009-08-03 16:00:00-04:00 exit=31.48@2011-09-01 16:00:00-04:00 pnl=167075243.69 pnlcomm=166258956.41 commission=816287.28 bars=526
2026-10-03 14:08:13.527 INFO webull.main   #22 DBC LONG size=12052677 entry=23.88@2011-01-03 16:00:00-05:00 exit=21.40@2011-10-03 16:00:00-04:00 pnl=-24869563.00 pnlcomm=-25290920.74 commission=421357.74 bars=189
2026-10-03 14:08:13.527 INFO webull.main   #23 VNQ LONG size=8674353 entry=31.06@2011-11-01 16:00:00-04:00 exit=30.91@2011-12-01 16:00:00-05:00 pnl=-1453587.91 pnlcomm=-1770716.77 commission=317128.85 bars=21
2026-10-03 14:08:13.527 INFO webull.main   #24 EFA LONG size=8031951 entry=35.06@2012-03-01 16:00:00-05:00 exit=30.31@2012-06-01 16:00:00-04:00 pnl=-43891616.65 pnlcomm=-44093307.93 commission=201691.28 bars=64
2026-10-03 14:08:13.527 INFO webull.main   #25 IEF LONG size=4392325 entry=74.13@2011-06-01 16:00:00-04:00 exit=78.44@2013-02-01 16:00:00-05:00 pnl=38331850.28 pnlcomm=37940239.32 commission=391610.96 bars=420
2026-10-03 14:08:13.527 INFO webull.main   #26 DBC LONG size=12478995 entry=24.11@2013-02-01 16:00:00-05:00 exit=22.73@2013-03-01 16:00:00-05:00 pnl=-18100375.94 pnlcomm=-18408143.05 commission=307767.11 bars=19
2026-10-03 14:08:13.527 INFO webull.main   #27 IEF LONG size=3817198 entry=79.29@2013-04-01 16:00:00-04:00 exit=77.78@2013-06-03 16:00:00-04:00 pnl=-5840375.64 pnlcomm=-6043807.83 commission=203432.19 bars=44
2026-10-03 14:08:13.527 INFO webull.main   #28 VNQ LONG size=8633525 entry=36.15@2012-01-03 16:00:00-05:00 exit=38.18@2013-09-03 16:00:00-04:00 pnl=43189486.74 pnlcomm=42639376.07 commission=550110.67 bars=418
2026-10-03 14:08:13.527 INFO webull.main   #29 VNQ LONG size=7602895 entry=41.21@2013-11-01 16:00:00-04:00 exit=38.93@2013-12-02 16:00:00-05:00 pnl=-18232604.51 pnlcomm=-18557260.64 commission=324656.14 bars=20
2026-10-03 14:08:13.527 INFO webull.main   #30 EFA LONG size=8384749 entry=39.43@2012-09-04 16:00:00-04:00 exit=44.91@2014-10-01 16:00:00-04:00 pnl=85430450.50 pnlcomm=85064144.70 commission=366305.80 bars=521
2026-10-03 14:08:13.527 INFO webull.main   #31 VNQ LONG size=7587130 entry=44.60@2014-02-03 16:00:00-05:00 exit=50.16@2015-06-01 16:00:00-04:00 pnl=70339436.75 pnlcomm=69789271.81 commission=550164.94 bars=333
2026-10-03 14:08:13.527 INFO webull.main   #32 IEF LONG size=4030345 entry=78.35@2014-02-03 16:00:00-05:00 exit=80.60@2015-07-01 16:00:00-04:00 pnl=17542285.61 pnlcomm=17213244.48 commission=329041.13 bars=355
2026-10-03 14:08:13.527 INFO webull.main   #33 SPY LONG size=2779213 entry=138.81@2012-02-01 16:00:00-05:00 exit=160.61@2015-09-01 16:00:00-04:00 pnl=142322575.13 pnlcomm=141844539.87 commission=478035.26 bars=901
2026-10-03 14:08:13.527 INFO webull.main   #34 EFA LONG size=7445159 entry=46.17@2015-03-02 16:00:00-05:00 exit=42.14@2015-09-01 16:00:00-04:00 pnl=-29854970.19 pnlcomm=-30119434.92 commission=264464.73 bars=128
2026-10-03 14:08:13.527 INFO webull.main   #35 IEF LONG size=4162481 entry=82.19@2015-08-03 16:00:00-04:00 exit=82.46@2015-09-01 16:00:00-04:00 pnl=1322723.06 pnlcomm=1107156.23 commission=215566.83 bars=21
2026-10-03 14:08:13.527 INFO webull.main   #36 IEF LONG size=3945294 entry=83.57@2015-10-01 16:00:00-04:00 exit=82.66@2016-01-04 16:00:00-05:00 pnl=-3941027.86 pnlcomm=-4159312.13 commission=218284.27 bars=64
2026-10-03 14:08:13.527 INFO webull.main   #37 SPY LONG size=1892733 entry=172.69@2015-11-02 16:00:00-05:00 exit=161.91@2016-02-01 16:00:00-05:00 pnl=-23068320.19 pnlcomm=-23301347.63 commission=233027.44 bars=61
2026-10-03 14:08:13.527 INFO webull.main   #38 EFA LONG size=7803171 entry=42.14@2016-06-01 16:00:00-04:00 exit=41.59@2016-07-01 16:00:00-04:00 pnl=-5020870.09 pnlcomm=-5244496.80 commission=223626.71 bars=22
2026-10-03 14:08:13.527 INFO webull.main   #39 IEF LONG size=3799282 entry=85.67@2016-02-01 16:00:00-05:00 exit=86.62@2016-11-01 16:00:00-04:00 pnl=6740624.09 pnlcomm=6467731.71 commission=272892.38 bars=191
2026-10-03 14:08:13.527 INFO webull.main   #40 VNQ LONG size=6388633 entry=52.98@2015-11-02 16:00:00-05:00 exit=54.66@2016-11-01 16:00:00-04:00 pnl=21397234.66 pnlcomm=20826876.69 commission=570357.97 bars=252
2026-10-03 14:08:13.527 INFO webull.main   #41 EFA LONG size=7906071 entry=43.09@2016-08-01 16:00:00-04:00 exit=42.25@2016-12-01 16:00:00-05:00 pnl=-6261871.22 pnlcomm=-6492369.16 commission=230497.95 bars=86
2026-10-03 14:08:13.527 INFO webull.main   #42 VNQ LONG size=5930655 entry=58.19@2017-03-01 16:00:00-05:00 exit=56.88@2017-04-03 16:00:00-04:00 pnl=-8267618.01 pnlcomm=-8627529.36 commission=359911.34 bars=23
2026-10-03 14:08:13.527 INFO webull.main   #43 DBC LONG size=26687783 entry=12.46@2016-05-02 16:00:00-04:00 exit=12.52@2017-05-01 16:00:00-04:00 pnl=8407070.18 pnlcomm=7898723.88 commission=508346.30 bars=251
2026-10-03 14:08:13.527 INFO webull.main   #44 IEF LONG size=4077233 entry=85.45@2017-06-01 16:00:00-04:00 exit=85.19@2017-12-01 16:00:00-05:00 pnl=-908379.46 pnlcomm=-1151691.58 commission=243312.11 bars=128
2026-10-03 14:08:13.527 INFO webull.main   #45 VNQ LONG size=6020722 entry=58.18@2017-07-03 16:00:00-04:00 exit=56.57@2018-02-01 16:00:00-05:00 pnl=-10163581.18 pnlcomm=-10628003.61 commission=464422.44 bars=147
2026-10-03 14:08:13.527 INFO webull.main   #46 EFA LONG size=7838534 entry=46.53@2017-01-03 16:00:00-05:00 exit=54.03@2018-06-01 16:00:00-04:00 pnl=75980259.19 pnlcomm=75661550.65 commission=318708.54 bars=355
2026-10-03 14:08:13.527 INFO webull.main   #47 EFA LONG size=6890821 entry=54.13@2018-08-01 16:00:00-04:00 exit=52.41@2018-09-04 16:00:00-04:00 pnl=-12286186.71 pnlcomm=-12518741.81 commission=232555.10 bars=23
2026-10-03 14:08:13.527 INFO webull.main   #48 IEF LONG size=4499684 entry=83.74@2018-09-04 16:00:00-04:00 exit=82.75@2018-10-01 16:00:00-04:00 pnl=-4513989.37 pnlcomm=-4743666.05 commission=229676.68 bars=19
2026-10-03 14:08:13.527 INFO webull.main   #49 SPY LONG size=1899389 entry=202.10@2016-04-01 16:00:00-04:00 exit=240.96@2018-11-01 16:00:00-04:00 pnl=119109413.11 pnlcomm=118682029.65 commission=427383.46 bars=653
2026-10-03 14:08:13.527 INFO webull.main   #50 DBC LONG size=26562754 entry=14.04@2017-12-01 16:00:00-05:00 exit=14.41@2018-11-01 16:00:00-04:00 pnl=19626491.32 pnlcomm=19062327.60 commission=564163.72 bars=231
2026-10-03 14:08:13.527 INFO webull.main   #51 SPY LONG size=1508123 entry=245.92@2018-12-03 16:00:00-05:00 exit=219.50@2019-01-02 16:00:00-05:00 pnl=-44622765.54 pnlcomm=-44861846.80 commission=239081.25 bars=19
2026-10-03 14:08:13.527 INFO webull.main   #52 VNQ LONG size=6490276 entry=57.28@2018-06-01 16:00:00-04:00 exit=55.02@2019-01-02 16:00:00-05:00 pnl=-9313472.16 pnlcomm=-9825171.02 commission=511698.86 bars=147
2026-10-03 14:08:13.527 INFO webull.main   #53 SPY LONG size=1429719 entry=250.54@2019-03-01 16:00:00-05:00 exit=246.76@2019-06-03 16:00:00-04:00 pnl=-4656973.88 pnlcomm=-4894626.09 commission=237652.21 bars=64
2026-10-03 14:08:13.527 INFO webull.main   #54 EFA LONG size=6991777 entry=52.14@2019-04-01 16:00:00-04:00 exit=50.66@2019-06-03 16:00:00-04:00 pnl=-10451413.46 pnlcomm=-10684935.48 commission=233522.02 bars=43
2026-10-03 14:08:13.527 INFO webull.main   #55 SPY LONG size=1368528 entry=269.42@2019-07-01 16:00:00-04:00 exit=271.15@2020-03-02 16:00:00-05:00 pnl=7010397.17 pnlcomm=6714102.44 commission=296294.72 bars=168
2026-10-03 14:08:13.527 INFO webull.main   #56 EFA LONG size=6751378 entry=54.11@2019-07-01 16:00:00-04:00 exit=51.21@2020-03-02 16:00:00-05:00 pnl=-19400713.34 pnlcomm=-19686066.14 commission=285352.80 bars=168
2026-10-03 14:08:13.527 INFO webull.main   #57 VNQ LONG size=5698432 entry=65.08@2019-02-01 16:00:00-05:00 exit=67.92@2020-03-02 16:00:00-05:00 pnl=32897806.59 pnlcomm=32331185.88 commission=566620.71 bars=271
2026-10-03 14:08:13.527 INFO webull.main   #58 DBC LONG size=32527506 entry=11.75@2020-09-01 16:00:00-04:00 exit=10.99@2020-11-02 16:00:00-05:00 pnl=-26878792.74 pnlcomm=-27307566.34 commission=428773.60 bars=43
2026-10-03 14:08:13.527 INFO webull.main   #59 IEF LONG size=4405766 entry=91.98@2018-12-03 16:00:00-05:00 exit=102.23@2020-12-01 16:00:00-05:00 pnl=75164015.37 pnlcomm=74721687.80 commission=442327.57 bars=502
2026-10-03 14:08:13.527 INFO webull.main   #60 IEF LONG size=4634726 entry=100.83@2021-08-02 16:00:00-04:00 exit=98.94@2021-10-01 16:00:00-04:00 pnl=-9113464.75 pnlcomm=-9419829.16 commission=306364.41 bars=43
2026-10-03 14:08:13.527 INFO webull.main   #61 EFA LONG size=7261537 entry=57.89@2020-08-03 16:00:00-04:00 exit=66.54@2021-12-01 16:00:00-05:00 pnl=96521078.49 pnlcomm=96095251.62 commission=425826.87 bars=336
2026-10-03 14:08:13.527 INFO webull.main   #62 EFA LONG size=7060355 entry=69.25@2022-01-04 16:00:00-05:00 exit=66.44@2022-02-01 16:00:00-05:00 pnl=-20428585.13 pnlcomm=-20730114.04 commission=301528.91 bars=19
2026-10-03 14:08:13.527 INFO webull.main   #63 IEF LONG size=4699328 entry=98.97@2021-12-01 16:00:00-05:00 exit=96.81@2022-02-01 16:00:00-05:00 pnl=-10940657.28 pnlcomm=-11256478.95 commission=315821.66 bars=42
2026-10-03 14:08:13.527 INFO webull.main   #64 SPY LONG size=1327494 entry=336.50@2020-06-01 16:00:00-04:00 exit=408.32@2022-03-01 16:00:00-05:00 pnl=160416316.99 pnlcomm=159904318.48 commission=511998.51 bars=441
2026-10-03 14:08:13.527 INFO webull.main   #65 VNQ LONG size=5789985 entry=75.30@2020-12-01 16:00:00-05:00 exit=85.41@2022-03-01 16:00:00-05:00 pnl=105745671.84 pnlcomm=104970503.30 commission=775168.54 bars=313
2026-10-03 14:08:13.527 INFO webull.main   #66 SPY LONG size=1139363 entry=424.93@2022-04-01 16:00:00-04:00 exit=387.97@2022-05-02 16:00:00-04:00 pnl=-45406196.64 pnlcomm=-45714765.89 commission=308569.25 bars=20
2026-10-03 14:08:13.527 INFO webull.main   #67 VNQ LONG size=5351282 entry=90.95@2022-04-01 16:00:00-04:00 exit=86.78@2022-05-02 16:00:00-04:00 pnl=-21683140.38 pnlcomm=-22190467.54 commission=507327.17 bars=20
2026-10-03 14:08:13.527 INFO webull.main   #68 DBC LONG size=31868124 entry=19.13@2020-12-01 16:00:00-05:00 exit=21.27@2022-10-03 16:00:00-04:00 pnl=264594285.84 pnlcomm=263342003.19 commission=1252282.65 bars=462
2026-10-03 14:08:13.527 INFO webull.main   #69 SPY LONG size=1204452 entry=386.53@2022-12-01 16:00:00-05:00 exit=366.62@2023-01-03 16:00:00-05:00 pnl=-25790852.88 pnlcomm=-26087121.11 commission=296268.23 bars=21
2026-10-03 14:08:13.527 INFO webull.main   #70 IEF LONG size=5366736 entry=87.02@2023-02-01 16:00:00-05:00 exit=83.67@2023-03-01 16:00:00-05:00 pnl=-18400218.67 pnlcomm=-18683933.30 commission=283714.63 bars=19
2026-10-03 14:08:13.527 INFO webull.main   #71 VNQ LONG size=5941653 entry=77.97@2023-02-01 16:00:00-05:00 exit=73.36@2023-03-01 16:00:00-05:00 pnl=-28235321.33 pnlcomm=-28713128.40 commission=477807.06 bars=19
2026-10-03 14:08:13.527 INFO webull.main   #72 IEF LONG size=5256097 entry=86.95@2023-04-03 16:00:00-04:00 exit=84.57@2023-08-01 16:00:00-04:00 pnl=-13179064.15 pnlcomm=-13502742.82 commission=323678.67 bars=82
2026-10-03 14:08:13.527 INFO webull.main   #73 VNQ LONG size=6354831 entry=73.45@2023-07-03 16:00:00-04:00 exit=72.98@2023-09-01 16:00:00-04:00 pnl=-2733436.22 pnlcomm=-3243616.91 commission=510180.69 bars=43
2026-10-03 14:08:13.527 INFO webull.main   #74 EFA LONG size=7802589 entry=61.45@2022-12-01 16:00:00-05:00 exit=62.32@2023-10-02 16:00:00-04:00 pnl=16417747.79 pnlcomm=16013364.48 commission=404383.31 bars=208
2026-10-03 14:08:13.527 INFO webull.main   #75 SPY LONG size=1202744 entry=391.74@2023-02-01 16:00:00-05:00 exit=404.28@2023-11-01 16:00:00-04:00 pnl=22348431.04 pnlcomm=21963330.60 commission=385100.45 bars=189
2026-10-03 14:08:13.527 INFO webull.main   #76 DBC LONG size=21961940 entry=21.32@2023-08-01 16:00:00-04:00 exit=20.33@2024-01-02 16:00:00-05:00 pnl=-22605960.78 pnlcomm=-23215553.94 commission=609593.16 bars=106
2026-10-03 14:08:13.528 INFO webull.main   #77 IEF LONG size=5385254 entry=86.34@2024-01-02 16:00:00-05:00 exit=83.38@2024-05-01 16:00:00-04:00 pnl=-17307641.61 pnlcomm=-17625298.75 commission=317657.15 bars=83
2026-10-03 14:08:13.528 INFO webull.main   #78 VNQ LONG size=6245228 entry=73.50@2023-12-01 16:00:00-05:00 exit=72.15@2024-05-01 16:00:00-04:00 pnl=-1924748.99 pnlcomm=-2518370.78 commission=593621.78 bars=103
2026-10-03 14:08:13.528 INFO webull.main   #79 DBC LONG size=21645553 entry=21.33@2024-05-01 16:00:00-04:00 exit=20.72@2024-08-01 16:00:00-04:00 pnl=-13111020.72 pnlcomm=-13594673.65 commission=483652.93 bars=63
2026-10-03 14:08:13.528 INFO webull.main   #80 EFA LONG size=6883454 entry=68.71@2023-12-01 16:00:00-05:00 exit=74.15@2024-12-02 16:00:00-05:00 pnl=56938261.58 pnlcomm=56515448.92 commission=422812.66 bars=251
2026-10-03 14:08:13.528 INFO webull.main   #81 IEF LONG size=5595966 entry=85.57@2024-06-03 16:00:00-04:00 exit=86.58@2025-01-02 16:00:00-05:00 pnl=10185309.70 pnlcomm=9819239.97 commission=366069.73 bars=147
2026-10-03 14:08:13.528 INFO webull.main   #82 SPY LONG size=1030815 entry=486.38@2023-12-01 16:00:00-05:00 exit=548.35@2025-04-01 16:00:00-04:00 pnl=107767111.28 pnlcomm=107289405.02 commission=477706.26 bars=332
2026-10-03 14:08:13.528 INFO webull.main   #83 VNQ LONG size=6276273 entry=79.02@2024-06-04 16:00:00-04:00 exit=85.81@2025-04-01 16:00:00-04:00 pnl=67312394.29 pnlcomm=66556039.48 commission=756354.81 bars=206
2026-10-03 14:08:13.528 INFO webull.main   #84 DBC LONG size=23446055 entry=21.22@2025-02-03 16:00:00-05:00 exit=19.90@2025-05-01 16:00:00-04:00 pnl=-33001598.23 pnlcomm=-33564993.17 commission=563394.94 bars=61
2026-10-03 14:08:13.528 INFO webull.main   #85 SPY LONG size=862141 entry=605.05@2025-06-02 16:00:00-04:00 exit=650.60@2026-04-01 16:00:00-04:00 pnl=60483769.59 pnlcomm=60033744.84 commission=450024.75 bars=209
2026-10-03 14:08:13.528 INFO webull.main   #86 VNQ LONG size=5988072 entry=87.18@2025-09-04 16:00:00-04:00 exit=87.17@2026-04-01 16:00:00-04:00 pnl=2271751.90 pnlcomm=1566323.82 commission=705428.08 bars=144
2026-10-03 14:08:13.528 INFO webull.main   #87 IEF LONG size=5652155 entry=90.47@2025-03-03 16:00:00-05:00 exit=92.63@2026-06-01 16:00:00-04:00 pnl=20640388.30 pnlcomm=20134470.95 commission=505917.36 bars=313
2026-10-03 14:08:13.528 INFO webull.main   #88 VNQ LONG size=6120960 entry=94.57@2026-05-04 16:00:00-04:00 exit=89.35@2026-10-01 16:00:00-04:00 pnl=-29924664.83 pnlcomm=-30693289.39 commission=768624.56 bars=104
2026-10-03 14:08:13.528 INFO webull.main ============================================================
2026-10-03 14:08:13.528 INFO webull.main [Backtest] visualization disabled (WEBULL_VISUALIZE=false)
2026-10-03 14:08:13.622 INFO webull.harness [Harness] in_sample     2005-11-01..2024-10-02  kit Sharpe 0.6610  our Sharpe 0.5395  ann 5.04%  max DD -16.01%  orders 15835 (refused 892)
2026-10-03 14:08:13.622 INFO webull.harness [Harness] out_of_sample 2024-10-03..2026-10-02  kit Sharpe 1.1640  our Sharpe 0.7053  ann 8.10%  max DD -6.42%  orders 2032 (refused 188)
2026-10-03 14:08:13.622 INFO webull.harness [Harness] full          2005-01-03..2026-10-02  kit Sharpe 0.6891  our Sharpe 0.5424  ann 5.12%  max DD -16.01%  orders 17870 (refused 1080)
2026-10-03 14:08:13.642 INFO webull.harness [Harness] metrics written: <scratch>/kit_native/native_gtaa/reserve/bhfalse_project_1e9_r0.json
