2026-10-03 14:08:08.720 INFO webull.main [Backtest] strategy=gqh_gtaa symbols=['SPY', 'EFA', 'IEF', 'VNQ', 'DBC'] params={'buy_and_hold': False, 'reserve': 0.0025}
2026-10-03 14:08:08.725 INFO webull.main [Backtest] starting cash: 1000000000.00
2026-10-03 14:08:12.595 INFO webull.main ============================================================
2026-10-03 14:08:12.595 INFO webull.main [Backtest] Result Summary
2026-10-03 14:08:12.595 INFO webull.main ============================================================
2026-10-03 14:08:12.595 INFO webull.main Starting cash    : 1000000000.00
2026-10-03 14:08:12.596 INFO webull.main Final cash       : 2868459904.62
2026-10-03 14:08:12.596 INFO webull.main Net P&L          : 1868459904.62 (186.85%)
2026-10-03 14:08:12.596 INFO webull.main Max drawdown     : 15.97% (219912601.43)
2026-10-03 14:08:12.596 INFO webull.main Sharpe ratio     : 0.6603 (annualized)
2026-10-03 14:08:12.596 INFO webull.main Total trades     : 96 (won=40, lost=53, win rate=41.67%)
2026-10-03 14:08:12.596 INFO webull.main Trades net P&L   : 1400652129.46
2026-10-03 14:08:12.596 INFO webull.main ============================================================
2026-10-03 14:08:12.596 INFO webull.main [Backtest] Trade-by-trade detail (93 closed trade(s)):
2026-10-03 14:08:12.596 INFO webull.main   #1 IEF LONG size=4239847 entry=48.30@2006-01-03 16:00:00-05:00 exit=48.05@2006-02-01 16:00:00-05:00 pnl=-1075049.67 pnlcomm=-1206205.01 commission=131155.34 bars=20
2026-10-03 14:08:12.596 INFO webull.main   #2 DBC LONG size=11573965 entry=20.24@2006-12-01 16:00:00-05:00 exit=19.61@2007-02-01 16:00:00-05:00 pnl=-9433891.40 pnlcomm=-9714148.19 commission=280256.79 bars=40
2026-10-03 14:08:12.596 INFO webull.main   #3 IEF LONG size=4552149 entry=48.63@2006-08-01 16:00:00-04:00 exit=49.75@2007-07-02 16:00:00-04:00 pnl=8681001.81 pnlcomm=8479808.81 commission=201193.00 bars=230
2026-10-03 14:08:12.596 INFO webull.main   #4 VNQ LONG size=8281615 entry=29.51@2005-11-01 16:00:00-05:00 exit=31.97@2007-07-02 16:00:00-04:00 pnl=62423008.21 pnlcomm=61943790.54 commission=479217.67 bars=417
2026-10-03 14:08:12.596 INFO webull.main   #5 SPY LONG size=2437347 entry=92.60@2005-11-01 16:00:00-05:00 exit=104.11@2008-01-02 16:00:00-05:00 pnl=54164656.71 pnlcomm=53902414.06 commission=262242.65 bars=544
2026-10-03 14:08:12.596 INFO webull.main   #6 EFA LONG size=6599505 entry=38.29@2005-11-01 16:00:00-05:00 exit=45.30@2008-01-02 16:00:00-05:00 pnl=92354115.66 pnlcomm=92033584.94 commission=320530.73 bars=544
2026-10-03 14:08:12.596 INFO webull.main   #7 VNQ LONG size=8730045 entry=30.50@2008-05-01 16:00:00-04:00 exit=26.79@2008-07-01 16:00:00-04:00 pnl=-37419667.57 pnlcomm=-37760570.60 commission=340903.02 bars=42
2026-10-03 14:08:12.596 INFO webull.main   #8 DBC LONG size=11680262 entry=27.89@2007-03-01 16:00:00-05:00 exit=27.88@2008-10-01 16:00:00-04:00 pnl=91035857.67 pnlcomm=90302674.58 commission=733183.09 bars=401
2026-10-03 14:08:12.596 INFO webull.main   #9 VNQ LONG size=9067365 entry=24.47@2008-09-02 16:00:00-04:00 exit=19.75@2008-11-03 16:00:00-05:00 pnl=-81211538.12 pnlcomm=-81669474.09 commission=457935.97 bars=44
2026-10-03 14:08:12.596 INFO webull.main   #10 IEF LONG size=4722539 entry=56.06@2007-08-01 16:00:00-04:00 exit=60.04@2009-06-01 16:00:00-04:00 pnl=44249154.59 pnlcomm=43896874.25 commission=352280.34 bars=461
2026-10-03 14:08:12.596 INFO webull.main   #11 IEF LONG size=4261679 entry=62.07@2009-10-01 16:00:00-04:00 exit=60.45@2010-01-04 16:00:00-05:00 pnl=-7598870.25 pnlcomm=-7812105.24 commission=213234.99 bars=64
2026-10-03 14:08:12.596 INFO webull.main   #12 DBC LONG size=12834287 entry=19.83@2009-08-03 16:00:00-04:00 exit=19.30@2010-02-01 16:00:00-05:00 pnl=-6640019.71 pnlcomm=-7017112.02 commission=377092.31 bars=125
2026-10-03 14:08:12.596 INFO webull.main   #13 IEF LONG size=4303945 entry=61.68@2010-02-01 16:00:00-05:00 exit=61.24@2010-04-01 16:00:00-04:00 pnl=-1996611.67 pnlcomm=-2179805.54 commission=183193.86 bars=42
2026-10-03 14:08:12.596 INFO webull.main   #14 EFA LONG size=8691326 entry=30.17@2009-06-01 16:00:00-04:00 exit=29.19@2010-06-01 16:00:00-04:00 pnl=4216189.59 pnlcomm=3943494.75 commission=272694.84 bars=252
2026-10-03 14:08:12.596 INFO webull.main   #15 DBC LONG size=13579864 entry=19.97@2010-03-01 16:00:00-05:00 exit=18.40@2010-06-01 16:00:00-04:00 pnl=-23717127.68 pnlcomm=-24037781.74 commission=320654.06 bars=64
2026-10-03 14:08:12.597 INFO webull.main   #16 SPY LONG size=3569503 entry=72.30@2009-07-01 16:00:00-04:00 exit=77.47@2010-07-01 16:00:00-04:00 pnl=33881605.29 pnlcomm=33656919.21 commission=224686.08 bars=252
2026-10-03 14:08:12.597 INFO webull.main   #17 SPY LONG size=3266269 entry=83.92@2010-08-02 16:00:00-04:00 exit=80.16@2010-09-01 16:00:00-04:00 pnl=-12677049.14 pnlcomm=-12847242.93 commission=170193.79 bars=22
2026-10-03 14:08:12.597 INFO webull.main   #18 EFA LONG size=8402002 entry=32.81@2010-08-02 16:00:00-04:00 exit=31.73@2010-09-01 16:00:00-04:00 pnl=-9490196.36 pnlcomm=-9664621.43 commission=174425.07 bars=22
2026-10-03 14:08:12.597 INFO webull.main   #19 IEF LONG size=4615715 entry=64.34@2010-05-03 16:00:00-04:00 exit=65.56@2011-01-03 16:00:00-05:00 pnl=14964128.51 pnlcomm=14681512.15 commission=282616.35 bars=170
2026-10-03 14:08:12.597 INFO webull.main   #20 SPY LONG size=3129063 entry=89.63@2010-10-01 16:00:00-04:00 exit=93.69@2011-09-01 16:00:00-04:00 pnl=21678746.07 pnlcomm=21441097.19 commission=237648.88 bars=232
2026-10-03 14:08:12.597 INFO webull.main   #21 EFA LONG size=7916387 entry=35.03@2010-10-01 16:00:00-04:00 exit=34.02@2011-09-01 16:00:00-04:00 pnl=-1415563.61 pnlcomm=-1702529.05 commission=286965.44 bars=232
2026-10-03 14:08:12.597 INFO webull.main   #22 VNQ LONG size=14329142 entry=26.30@2009-08-03 16:00:00-04:00 exit=31.48@2011-09-01 16:00:00-04:00 pnl=168012254.27 pnlcomm=167149698.04 commission=862556.24 bars=526
2026-10-03 14:08:12.597 INFO webull.main   #23 DBC LONG size=13205726 entry=22.58@2010-10-04 16:00:00-04:00 exit=21.40@2011-10-03 16:00:00-04:00 pnl=15403074.84 pnlcomm=14867229.36 commission=535845.48 bars=252
2026-10-03 14:08:12.597 INFO webull.main   #24 VNQ LONG size=8901311 entry=31.06@2011-11-01 16:00:00-04:00 exit=30.91@2011-12-01 16:00:00-05:00 pnl=-1491117.15 pnlcomm=-1816560.66 commission=325443.51 bars=21
2026-10-03 14:08:12.597 INFO webull.main   #25 EFA LONG size=8241757 entry=35.13@2012-03-01 16:00:00-05:00 exit=30.31@2012-06-01 16:00:00-04:00 pnl=-44395315.04 pnlcomm=-44593316.81 commission=198001.77 bars=64
2026-10-03 14:08:12.597 INFO webull.main   #26 DBC LONG size=11738719 entry=24.63@2012-03-01 16:00:00-05:00 exit=21.04@2012-06-01 16:00:00-04:00 pnl=-47187781.71 pnlcomm=-47506749.99 commission=318968.28 bars=64
2026-10-03 14:08:12.597 INFO webull.main   #27 DBC LONG size=11659607 entry=24.48@2012-09-04 16:00:00-04:00 exit=23.38@2012-11-01 16:00:00-04:00 pnl=-13519286.96 pnlcomm=-13834833.33 commission=315546.37 bars=40
2026-10-03 14:08:12.597 INFO webull.main   #28 IEF LONG size=4502790 entry=74.23@2011-06-01 16:00:00-04:00 exit=78.44@2013-02-01 16:00:00-05:00 pnl=39237752.36 pnlcomm=38833237.65 commission=404514.71 bars=420
2026-10-03 14:08:12.597 INFO webull.main   #29 DBC LONG size=11960548 entry=23.91@2012-12-03 16:00:00-05:00 exit=22.73@2013-03-01 16:00:00-05:00 pnl=-15446841.32 pnlcomm=-15767109.68 commission=320268.36 bars=60
2026-10-03 14:08:12.597 INFO webull.main   #30 IEF LONG size=3756418 entry=79.29@2013-04-01 16:00:00-04:00 exit=77.78@2013-06-03 16:00:00-04:00 pnl=-5746601.33 pnlcomm=-5946755.81 commission=200154.48 bars=44
2026-10-03 14:08:12.597 INFO webull.main   #31 VNQ LONG size=8859331 entry=36.15@2012-01-03 16:00:00-05:00 exit=38.18@2013-09-03 16:00:00-04:00 pnl=43464173.89 pnlcomm=42910815.69 commission=553358.20 bars=418
2026-10-03 14:08:12.597 INFO webull.main   #32 VNQ LONG size=7481233 entry=41.21@2013-11-01 16:00:00-04:00 exit=38.93@2013-12-02 16:00:00-05:00 pnl=-17940841.24 pnlcomm=-18260318.06 commission=319476.82 bars=20
2026-10-03 14:08:12.597 INFO webull.main   #33 DBC LONG size=13938868 entry=22.20@2014-03-04 16:00:00-05:00 exit=21.32@2014-08-01 16:00:00-04:00 pnl=-13384141.89 pnlcomm=-13759768.19 commission=375626.29 bars=105
2026-10-03 14:08:12.597 INFO webull.main   #34 EFA LONG size=8321069 entry=39.38@2012-09-04 16:00:00-04:00 exit=44.91@2014-10-01 16:00:00-04:00 pnl=84158319.63 pnlcomm=83800200.65 commission=358118.98 bars=521
2026-10-03 14:08:12.597 INFO webull.main   #35 VNQ LONG size=7465969 entry=44.60@2014-02-03 16:00:00-05:00 exit=50.16@2015-06-01 16:00:00-04:00 pnl=68973386.06 pnlcomm=68433079.34 commission=540306.72 bars=333
2026-10-03 14:08:12.597 INFO webull.main   #36 IEF LONG size=3965984 entry=78.34@2014-02-03 16:00:00-05:00 exit=80.60@2015-07-01 16:00:00-04:00 pnl=17182652.35 pnlcomm=16859396.14 commission=323256.21 bars=355
2026-10-03 14:08:12.597 INFO webull.main   #37 SPY LONG size=2851828 entry=138.86@2012-02-01 16:00:00-05:00 exit=160.61@2015-09-01 16:00:00-04:00 pnl=140340944.06 pnlcomm=139869265.95 commission=471678.11 bars=901
2026-10-03 14:08:12.597 INFO webull.main   #38 EFA LONG size=7262485 entry=46.17@2015-03-02 16:00:00-05:00 exit=42.14@2015-09-01 16:00:00-04:00 pnl=-29123146.81 pnlcomm=-29381205.48 commission=258058.67 bars=128
2026-10-03 14:08:12.597 INFO webull.main   #39 IEF LONG size=4060441 entry=82.19@2015-08-03 16:00:00-04:00 exit=82.46@2015-09-01 16:00:00-04:00 pnl=1290040.03 pnlcomm=1079767.16 commission=210272.87 bars=21
2026-10-03 14:08:12.597 INFO webull.main   #40 IEF LONG size=3848940 entry=83.57@2015-10-01 16:00:00-04:00 exit=82.66@2016-01-04 16:00:00-05:00 pnl=-3844727.78 pnlcomm=-4057660.84 commission=212933.06 bars=64
2026-10-03 14:08:12.597 INFO webull.main   #41 SPY LONG size=1846516 entry=172.69@2015-11-02 16:00:00-05:00 exit=161.91@2016-02-01 16:00:00-05:00 pnl=-22504610.83 pnlcomm=-22731993.29 commission=227382.46 bars=61
2026-10-03 14:08:12.597 INFO webull.main   #42 EFA LONG size=7612445 entry=42.14@2016-06-01 16:00:00-04:00 exit=41.59@2016-07-01 16:00:00-04:00 pnl=-4887148.70 pnlcomm=-5105314.43 commission=218165.74 bars=22
2026-10-03 14:08:12.597 INFO webull.main   #43 IEF LONG size=3706685 entry=85.68@2016-02-01 16:00:00-05:00 exit=86.62@2016-11-01 16:00:00-04:00 pnl=6570432.65 pnlcomm=6302485.80 commission=267946.84 bars=191
2026-10-03 14:08:12.597 INFO webull.main   #44 VNQ LONG size=6232632 entry=53.12@2015-11-02 16:00:00-05:00 exit=54.66@2016-11-01 16:00:00-04:00 pnl=20785172.88 pnlcomm=20218449.14 commission=566723.74 bars=252
2026-10-03 14:08:12.597 INFO webull.main   #45 EFA LONG size=7712749 entry=43.09@2016-08-01 16:00:00-04:00 exit=42.25@2016-12-01 16:00:00-05:00 pnl=-6115158.84 pnlcomm=-6340119.43 commission=224960.59 bars=86
2026-10-03 14:08:12.597 INFO webull.main   #46 VNQ LONG size=5786362 entry=58.19@2017-03-01 16:00:00-05:00 exit=56.88@2017-04-03 16:00:00-04:00 pnl=-8066337.37 pnlcomm=-8417498.98 commission=351161.61 bars=23
2026-10-03 14:08:12.597 INFO webull.main   #47 DBC LONG size=26036156 entry=12.48@2016-05-02 16:00:00-04:00 exit=12.52@2017-05-01 16:00:00-04:00 pnl=8726678.69 pnlcomm=8169942.57 commission=556736.12 bars=251
2026-10-03 14:08:12.597 INFO webull.main   #48 IEF LONG size=3977972 entry=85.45@2017-06-01 16:00:00-04:00 exit=85.19@2017-12-01 16:00:00-05:00 pnl=-894704.34 pnlcomm=-1134820.23 commission=240115.89 bars=128
2026-10-03 14:08:12.597 INFO webull.main   #49 VNQ LONG size=5874128 entry=58.19@2017-07-03 16:00:00-04:00 exit=56.57@2018-02-01 16:00:00-05:00 pnl=-10055855.75 pnlcomm=-10512981.65 commission=457125.89 bars=147
2026-10-03 14:08:12.597 INFO webull.main   #50 EFA LONG size=7648163 entry=46.59@2017-01-03 16:00:00-05:00 exit=54.03@2018-06-01 16:00:00-04:00 pnl=74210336.64 pnlcomm=73896583.51 commission=313753.13 bars=355
2026-10-03 14:08:12.597 INFO webull.main   #51 EFA LONG size=6807962 entry=54.13@2018-08-01 16:00:00-04:00 exit=52.41@2018-09-04 16:00:00-04:00 pnl=-12138184.80 pnlcomm=-12367954.51 commission=229769.71 bars=23
2026-10-03 14:08:12.597 INFO webull.main   #52 IEF LONG size=4445480 entry=83.74@2018-09-04 16:00:00-04:00 exit=82.75@2018-10-01 16:00:00-04:00 pnl=-4459679.97 pnlcomm=-4686585.11 commission=226905.15 bars=19
2026-10-03 14:08:12.597 INFO webull.main   #53 SPY LONG size=1852997 entry=202.50@2016-04-01 16:00:00-04:00 exit=240.96@2018-11-01 16:00:00-04:00 pnl=116578776.00 pnlcomm=116157296.95 commission=421479.05 bars=653
2026-10-03 14:08:12.597 INFO webull.main   #54 DBC LONG size=26717579 entry=13.56@2017-10-02 16:00:00-04:00 exit=14.41@2018-11-01 16:00:00-04:00 pnl=41888597.43 pnlcomm=41308419.05 commission=580178.39 bars=274
2026-10-03 14:08:12.597 INFO webull.main   #55 SPY LONG size=1490043 entry=245.92@2018-12-03 16:00:00-05:00 exit=219.50@2019-01-02 16:00:00-05:00 pnl=-44088479.27 pnlcomm=-44324721.48 commission=236242.22 bars=19
2026-10-03 14:08:12.597 INFO webull.main   #56 VNQ LONG size=6412416 entry=57.28@2018-06-01 16:00:00-04:00 exit=55.02@2019-01-02 16:00:00-05:00 pnl=-9201616.37 pnlcomm=-9707281.03 commission=505664.66 bars=147
2026-10-03 14:08:12.597 INFO webull.main   #57 SPY LONG size=1412709 entry=250.54@2019-03-01 16:00:00-05:00 exit=246.76@2019-06-03 16:00:00-04:00 pnl=-4601183.00 pnlcomm=-4836028.40 commission=234845.39 bars=64
2026-10-03 14:08:12.597 INFO webull.main   #58 EFA LONG size=6908321 entry=52.14@2019-04-01 16:00:00-04:00 exit=50.66@2019-06-03 16:00:00-04:00 pnl=-10326600.88 pnlcomm=-10557349.84 commission=230748.96 bars=43
2026-10-03 14:08:12.597 INFO webull.main   #59 DBC LONG size=26992256 entry=13.85@2020-01-02 16:00:00-05:00 exit=12.58@2020-02-03 16:00:00-05:00 pnl=-36822309.42 pnlcomm=-37214967.69 commission=392658.27 bars=21
2026-10-03 14:08:12.597 INFO webull.main   #60 SPY LONG size=1352194 entry=269.19@2019-07-01 16:00:00-04:00 exit=271.15@2020-03-02 16:00:00-05:00 pnl=7603073.43 pnlcomm=7312340.97 commission=290732.47 bars=168
2026-10-03 14:08:12.597 INFO webull.main   #61 EFA LONG size=6670800 entry=54.08@2019-07-01 16:00:00-04:00 exit=51.21@2020-03-02 16:00:00-05:00 pnl=-18421893.61 pnlcomm=-18701441.31 commission=279547.70 bars=168
2026-10-03 14:08:12.597 INFO webull.main   #62 VNQ LONG size=5630638 entry=65.05@2019-02-01 16:00:00-05:00 exit=67.92@2020-03-02 16:00:00-05:00 pnl=33031781.91 pnlcomm=32473671.59 commission=558110.31 bars=271
2026-10-03 14:08:12.597 INFO webull.main   #63 DBC LONG size=31504217 entry=11.75@2020-09-01 16:00:00-04:00 exit=10.99@2020-11-02 16:00:00-05:00 pnl=-26033144.48 pnlcomm=-26448475.66 commission=415331.18 bars=43
2026-10-03 14:08:12.597 INFO webull.main   #64 IEF LONG size=4352947 entry=91.95@2018-12-03 16:00:00-05:00 exit=102.23@2020-12-01 16:00:00-05:00 pnl=73709090.07 pnlcomm=73275591.17 commission=433498.90 bars=502
2026-10-03 14:08:12.597 INFO webull.main   #65 IEF LONG size=4486746 entry=100.83@2021-08-02 16:00:00-04:00 exit=98.94@2021-10-01 16:00:00-04:00 pnl=-8824382.89 pnlcomm=-9121231.89 commission=296849.00 bars=43
2026-10-03 14:08:12.597 INFO webull.main   #66 EFA LONG size=7033425 entry=57.89@2020-08-03 16:00:00-04:00 exit=66.54@2021-12-01 16:00:00-05:00 pnl=93477867.16 pnlcomm=93065242.40 commission=412624.76 bars=336
2026-10-03 14:08:12.597 INFO webull.main   #67 EFA LONG size=6891472 entry=68.80@2022-01-03 16:00:00-05:00 exit=66.44@2022-02-01 16:00:00-05:00 pnl=-16567531.32 pnlcomm=-16860837.62 commission=293306.30 bars=20
2026-10-03 14:08:12.597 INFO webull.main   #68 IEF LONG size=4551012 entry=98.96@2021-12-01 16:00:00-05:00 exit=96.81@2022-02-01 16:00:00-05:00 pnl=-10594018.21 pnlcomm=-10900233.71 commission=306215.50 bars=42
2026-10-03 14:08:12.597 INFO webull.main   #69 SPY LONG size=1285849 entry=336.70@2020-06-01 16:00:00-04:00 exit=408.32@2022-03-01 16:00:00-05:00 pnl=155299726.19 pnlcomm=154803192.09 commission=496534.10 bars=441
2026-10-03 14:08:12.597 INFO webull.main   #70 VNQ LONG size=5607733 entry=75.90@2020-12-01 16:00:00-05:00 exit=85.41@2022-03-01 16:00:00-05:00 pnl=101778465.07 pnlcomm=101007457.67 commission=771007.40 bars=313
2026-10-03 14:08:12.597 INFO webull.main   #71 SPY LONG size=1104587 entry=424.93@2022-04-01 16:00:00-04:00 exit=387.97@2022-05-02 16:00:00-04:00 pnl=-44019297.76 pnlcomm=-44318465.20 commission=299167.44 bars=20
2026-10-03 14:08:12.597 INFO webull.main   #72 VNQ LONG size=5187948 entry=90.95@2022-04-01 16:00:00-04:00 exit=86.78@2022-05-02 16:00:00-04:00 pnl=-21021084.42 pnlcomm=-21512940.91 commission=491856.50 bars=20
2026-10-03 14:08:12.597 INFO webull.main   #73 DBC LONG size=30865006 entry=19.27@2020-12-01 16:00:00-05:00 exit=21.27@2022-10-03 16:00:00-04:00 pnl=257339661.77 pnlcomm=256060967.23 commission=1278694.54 bars=462
2026-10-03 14:08:12.597 INFO webull.main   #74 SPY LONG size=1167805 entry=386.53@2022-12-01 16:00:00-05:00 exit=366.62@2023-01-03 16:00:00-05:00 pnl=-25006022.09 pnlcomm=-25293303.13 commission=287281.04 bars=21
2026-10-03 14:08:12.597 INFO webull.main   #75 IEF LONG size=5203445 entry=87.02@2023-02-01 16:00:00-05:00 exit=83.67@2023-03-01 16:00:00-05:00 pnl=-17840342.17 pnlcomm=-18115418.26 commission=275076.10 bars=19
2026-10-03 14:08:12.597 INFO webull.main   #76 VNQ LONG size=5760870 entry=77.97@2023-02-01 16:00:00-05:00 exit=73.36@2023-03-01 16:00:00-05:00 pnl=-27376964.98 pnlcomm=-27840283.02 commission=463318.03 bars=19
2026-10-03 14:08:12.597 INFO webull.main   #77 IEF LONG size=5096402 entry=86.95@2023-04-03 16:00:00-04:00 exit=84.57@2023-08-01 16:00:00-04:00 pnl=-12777797.95 pnlcomm=-13091623.43 commission=313825.48 bars=82
2026-10-03 14:08:12.597 INFO webull.main   #78 VNQ LONG size=6161448 entry=73.45@2023-07-03 16:00:00-04:00 exit=72.98@2023-09-01 16:00:00-04:00 pnl=-2649369.87 pnlcomm=-3144039.97 commission=494670.09 bars=43
2026-10-03 14:08:12.597 INFO webull.main   #79 EFA LONG size=7565183 entry=61.45@2022-12-01 16:00:00-05:00 exit=62.32@2023-10-02 16:00:00-04:00 pnl=15922465.00 pnlcomm=15530247.26 commission=392217.73 bars=208
2026-10-03 14:08:12.597 INFO webull.main   #80 SPY LONG size=1166149 entry=391.74@2023-02-01 16:00:00-05:00 exit=404.28@2023-11-01 16:00:00-04:00 pnl=21671766.25 pnlcomm=21298273.96 commission=373492.29 bars=189
2026-10-03 14:08:12.597 INFO webull.main   #81 DBC LONG size=21292841 entry=21.32@2023-08-01 16:00:00-04:00 exit=20.33@2024-01-02 16:00:00-05:00 pnl=-21919220.96 pnlcomm=-22510295.66 commission=591074.71 bars=106
2026-10-03 14:08:12.597 INFO webull.main   #82 IEF LONG size=5221370 entry=86.33@2024-01-02 16:00:00-05:00 exit=83.38@2024-05-01 16:00:00-04:00 pnl=-16817802.08 pnlcomm=-17127060.07 commission=309257.98 bars=83
2026-10-03 14:08:12.597 INFO webull.main   #83 VNQ LONG size=6055644 entry=73.52@2023-12-01 16:00:00-05:00 exit=72.15@2024-05-01 16:00:00-04:00 pnl=-2023232.57 pnlcomm=-2600984.14 commission=577751.57 bars=103
2026-10-03 14:08:12.597 INFO webull.main   #84 DBC LONG size=22139270 entry=21.19@2024-04-01 16:00:00-04:00 exit=20.72@2024-08-01 16:00:00-04:00 pnl=-9387378.45 pnlcomm=-9968769.81 commission=581391.35 bars=85
2026-10-03 14:08:12.597 INFO webull.main   #85 EFA LONG size=6674495 entry=68.70@2023-12-01 16:00:00-05:00 exit=74.15@2024-12-02 16:00:00-05:00 pnl=55158436.37 pnlcomm=54748754.19 commission=409682.18 bars=251
2026-10-03 14:08:12.597 INFO webull.main   #86 IEF LONG size=5433276 entry=85.57@2024-06-03 16:00:00-04:00 exit=86.58@2025-01-02 16:00:00-05:00 pnl=9878355.10 pnlcomm=9523109.79 commission=355245.30 bars=147
2026-10-03 14:08:12.597 INFO webull.main   #87 SPY LONG size=999523 entry=486.44@2023-12-01 16:00:00-05:00 exit=548.35@2025-04-01 16:00:00-04:00 pnl=104401409.43 pnlcomm=103938235.82 commission=463173.62 bars=332
2026-10-03 14:08:12.597 INFO webull.main   #88 VNQ LONG size=6086595 entry=79.55@2024-06-03 16:00:00-04:00 exit=85.81@2025-04-01 16:00:00-04:00 pnl=60391080.88 pnlcomm=59650238.26 commission=740842.63 bars=207
2026-10-03 14:08:12.597 INFO webull.main   #89 DBC LONG size=22709746 entry=21.22@2025-02-03 16:00:00-05:00 exit=19.90@2025-05-01 16:00:00-04:00 pnl=-31988377.01 pnlcomm=-32554111.81 commission=565734.80 bars=61
2026-10-03 14:08:12.597 INFO webull.main   #90 SPY LONG size=835061 entry=605.06@2025-06-02 16:00:00-04:00 exit=650.60@2026-04-01 16:00:00-04:00 pnl=58541244.89 pnlcomm=58105486.59 commission=435758.30 bars=209
2026-10-03 14:08:12.597 INFO webull.main   #91 VNQ LONG size=5709163 entry=87.45@2025-09-02 16:00:00-04:00 exit=87.17@2026-04-01 16:00:00-04:00 pnl=202074.62 pnlcomm=-502596.66 commission=704671.28 bars=146
2026-10-03 14:08:12.597 INFO webull.main   #92 IEF LONG size=5474471 entry=90.50@2025-03-03 16:00:00-05:00 exit=92.63@2026-06-01 16:00:00-04:00 pnl=19989188.35 pnlcomm=19496318.07 commission=492870.28 bars=313
2026-10-03 14:08:12.597 INFO webull.main   #93 VNQ LONG size=5929415 entry=95.16@2026-05-01 16:00:00-04:00 exit=89.35@2026-10-01 16:00:00-04:00 pnl=-33942502.43 pnlcomm=-34689432.07 commission=746929.64 bars=105
2026-10-03 14:08:12.597 INFO webull.main ============================================================
2026-10-03 14:08:12.597 INFO webull.main [Backtest] visualization disabled (WEBULL_VISUALIZE=false)
2026-10-03 14:08:12.723 INFO webull.harness [Harness] in_sample     2005-11-01..2024-10-02  kit Sharpe 0.6306  our Sharpe 0.5073  ann 4.88%  max DD -15.97%  orders 15840 (refused 2)
2026-10-03 14:08:12.723 INFO webull.harness [Harness] out_of_sample 2024-10-03..2026-10-02  kit Sharpe 1.1571  our Sharpe 0.6982  ann 8.05%  max DD -6.40%  orders 2032 (refused 0)
2026-10-03 14:08:12.723 INFO webull.harness [Harness] full          2005-01-03..2026-10-02  kit Sharpe 0.6603  our Sharpe 0.5125  ann 4.97%  max DD -15.97%  orders 17875 (refused 2)
2026-10-03 14:08:12.744 INFO webull.harness [Harness] metrics written: <scratch>/kit_native/native_gtaa/reserve/bhfalse_project_1e9_r0.0025.json
