2026-10-03 14:08:15.650 INFO webull.main [Backtest] strategy=gqh_gtaa symbols=['SPY', 'EFA', 'IEF', 'VNQ', 'DBC'] params={'buy_and_hold': False, 'reserve': 0.0025}
2026-10-03 14:08:15.654 INFO webull.main [Backtest] starting cash: 1000000000.00
2026-10-03 14:08:20.304 INFO webull.main ============================================================
2026-10-03 14:08:20.304 INFO webull.main [Backtest] Result Summary
2026-10-03 14:08:20.304 INFO webull.main ============================================================
2026-10-03 14:08:20.304 INFO webull.main Starting cash    : 1000000000.00
2026-10-03 14:08:20.305 INFO webull.main Final cash       : 2775483262.34
2026-10-03 14:08:20.305 INFO webull.main Net P&L          : 1775483262.34 (177.55%)
2026-10-03 14:08:20.305 INFO webull.main Max drawdown     : 16.03% (220035569.62)
2026-10-03 14:08:20.305 INFO webull.main Sharpe ratio     : 0.6409 (annualized)
2026-10-03 14:08:20.305 INFO webull.main Total trades     : 96 (won=40, lost=53, win rate=41.67%)
2026-10-03 14:08:20.305 INFO webull.main Trades net P&L   : 1324880365.90
2026-10-03 14:08:20.305 INFO webull.main ============================================================
2026-10-03 14:08:20.305 INFO webull.main [Backtest] Trade-by-trade detail (93 closed trade(s)):
2026-10-03 14:08:20.305 INFO webull.main   #1 IEF LONG size=4238445 entry=48.33@2006-01-03 16:00:00-05:00 exit=48.03@2006-02-01 16:00:00-05:00 pnl=-1291195.68 pnlcomm=-1509678.82 commission=218483.14 bars=20
2026-10-03 14:08:20.305 INFO webull.main   #2 DBC LONG size=11561186 entry=20.25@2006-12-01 16:00:00-05:00 exit=19.60@2007-02-01 16:00:00-05:00 pnl=-9702927.50 pnlcomm=-9982859.37 commission=279931.88 bars=40
2026-10-03 14:08:20.305 INFO webull.main   #3 IEF LONG size=4548308 entry=48.66@2006-08-01 16:00:00-04:00 exit=49.72@2007-07-02 16:00:00-04:00 pnl=8359915.05 pnlcomm=8025037.36 commission=334877.69 bars=230
2026-10-03 14:08:20.305 INFO webull.main   #4 VNQ LONG size=8281615 entry=29.52@2005-11-01 16:00:00-05:00 exit=31.96@2007-07-02 16:00:00-04:00 pnl=62052854.88 pnlcomm=61574253.85 commission=478601.04 bars=417
2026-10-03 14:08:20.305 INFO webull.main   #5 SPY LONG size=2437347 entry=92.64@2005-11-01 16:00:00-05:00 exit=104.06@2008-01-02 16:00:00-05:00 pnl=53680836.47 pnlcomm=53244329.24 commission=436507.23 bars=544
2026-10-03 14:08:20.305 INFO webull.main   #6 EFA LONG size=6599505 entry=38.31@2005-11-01 16:00:00-05:00 exit=45.28@2008-01-02 16:00:00-05:00 pnl=91740794.90 pnlcomm=91207260.23 commission=533534.66 bars=544
2026-10-03 14:08:20.305 INFO webull.main   #7 VNQ LONG size=8704113 entry=30.52@2008-05-01 16:00:00-04:00 exit=26.78@2008-07-01 16:00:00-04:00 pnl=-37630198.38 pnlcomm=-37970063.71 commission=339865.33 bars=42
2026-10-03 14:08:20.305 INFO webull.main   #8 DBC LONG size=11663387 entry=27.90@2007-03-01 16:00:00-05:00 exit=27.87@2008-10-01 16:00:00-04:00 pnl=90125605.99 pnlcomm=89394427.21 commission=731178.78 bars=401
2026-10-03 14:08:20.305 INFO webull.main   #9 VNQ LONG size=9036881 entry=24.48@2008-09-02 16:00:00-04:00 exit=19.74@2008-11-03 16:00:00-05:00 pnl=-81367276.80 pnlcomm=-81823575.42 commission=456298.62 bars=44
2026-10-03 14:08:20.306 INFO webull.main   #10 IEF LONG size=4712842 entry=56.09@2007-08-01 16:00:00-04:00 exit=60.01@2009-06-01 16:00:00-04:00 pnl=43559925.71 pnlcomm=42974658.25 commission=585267.46 bars=461
2026-10-03 14:08:20.306 INFO webull.main   #11 IEF LONG size=4241040 entry=62.10@2009-10-01 16:00:00-04:00 exit=60.42@2010-01-04 16:00:00-05:00 pnl=-7907955.95 pnlcomm=-8261566.65 commission=353610.70 bars=64
2026-10-03 14:08:20.306 INFO webull.main   #12 DBC LONG size=12776377 entry=19.84@2009-08-03 16:00:00-04:00 exit=19.29@2010-02-01 16:00:00-05:00 pnl=-6971355.86 pnlcomm=-7346627.62 commission=375271.76 bars=125
2026-10-03 14:08:20.306 INFO webull.main   #13 IEF LONG size=4280638 entry=61.69@2010-02-01 16:00:00-05:00 exit=61.21@2010-04-01 16:00:00-04:00 pnl=-2154349.53 pnlcomm=-2457858.70 commission=303509.16 bars=42
2026-10-03 14:08:20.306 INFO webull.main   #14 EFA LONG size=8656388 entry=30.19@2009-06-01 16:00:00-04:00 exit=29.18@2010-06-01 16:00:00-04:00 pnl=3797053.13 pnlcomm=3344805.66 commission=452247.47 bars=252
2026-10-03 14:08:20.306 INFO webull.main   #15 DBC LONG size=13503661 entry=19.98@2010-03-01 16:00:00-05:00 exit=18.39@2010-06-01 16:00:00-04:00 pnl=-23886087.97 pnlcomm=-24204836.15 commission=318748.18 bars=64
2026-10-03 14:08:20.306 INFO webull.main   #16 SPY LONG size=3554041 entry=72.33@2009-07-01 16:00:00-04:00 exit=77.43@2010-07-01 16:00:00-04:00 pnl=33382457.13 pnlcomm=33009985.08 commission=372472.05 bars=252
2026-10-03 14:08:20.306 INFO webull.main   #17 SPY LONG size=3244366 entry=83.96@2010-08-02 16:00:00-04:00 exit=80.12@2010-09-01 16:00:00-04:00 pnl=-12869483.54 pnlcomm=-13151227.04 commission=281743.50 bars=22
2026-10-03 14:08:20.306 INFO webull.main   #18 EFA LONG size=8345661 entry=32.83@2010-08-02 16:00:00-04:00 exit=31.72@2010-09-01 16:00:00-04:00 pnl=-9711737.73 pnlcomm=-10000485.75 commission=288748.02 bars=22
2026-10-03 14:08:20.306 INFO webull.main   #19 IEF LONG size=4588232 entry=64.37@2010-05-03 16:00:00-04:00 exit=65.53@2011-01-03 16:00:00-05:00 pnl=14425009.16 pnlcomm=13957240.84 commission=467768.33 bars=170
2026-10-03 14:08:20.306 INFO webull.main   #20 SPY LONG size=3106004 entry=89.67@2010-10-01 16:00:00-04:00 exit=93.65@2011-09-01 16:00:00-04:00 pnl=21126511.34 pnlcomm=20733634.68 commission=392876.65 bars=232
2026-10-03 14:08:20.306 INFO webull.main   #21 EFA LONG size=7858048 entry=35.04@2010-10-01 16:00:00-04:00 exit=34.01@2011-09-01 16:00:00-04:00 pnl=-1856165.03 pnlcomm=-2330565.24 commission=474400.22 bars=232
2026-10-03 14:08:20.306 INFO webull.main   #22 VNQ LONG size=14264487 entry=26.31@2009-08-03 16:00:00-04:00 exit=31.47@2011-09-01 16:00:00-04:00 pnl=166153300.26 pnlcomm=165296416.84 commission=856883.42 bars=526
2026-10-03 14:08:20.306 INFO webull.main   #23 DBC LONG size=13104709 entry=22.59@2010-10-04 16:00:00-04:00 exit=21.39@2011-10-03 16:00:00-04:00 pnl=14818886.28 pnlcomm=14287585.70 commission=531300.58 bars=252
2026-10-03 14:08:20.306 INFO webull.main   #24 VNQ LONG size=8818822 entry=31.08@2011-11-01 16:00:00-04:00 exit=30.89@2011-12-01 16:00:00-05:00 pnl=-1798623.61 pnlcomm=-2121013.42 commission=322389.81 bars=21
2026-10-03 14:08:20.306 INFO webull.main   #25 EFA LONG size=8160974 entry=35.15@2012-03-01 16:00:00-05:00 exit=30.30@2012-06-01 16:00:00-04:00 pnl=-44269947.37 pnlcomm=-44596685.86 commission=326738.49 bars=64
2026-10-03 14:08:20.306 INFO webull.main   #26 DBC LONG size=11623660 entry=24.64@2012-03-01 16:00:00-05:00 exit=21.03@2012-06-01 16:00:00-04:00 pnl=-47017961.53 pnlcomm=-47333771.81 commission=315810.29 bars=64
2026-10-03 14:08:20.306 INFO webull.main   #27 DBC LONG size=11536515 entry=24.50@2012-09-04 16:00:00-04:00 exit=23.37@2012-11-01 16:00:00-04:00 pnl=-13685181.82 pnlcomm=-13997374.10 commission=312192.27 bars=40
2026-10-03 14:08:20.306 INFO webull.main   #28 IEF LONG size=4465454 entry=74.26@2011-06-01 16:00:00-04:00 exit=78.40@2013-02-01 16:00:00-05:00 pnl=38250513.94 pnlcomm=37582826.22 commission=667687.73 bars=420
2026-10-03 14:08:20.306 INFO webull.main   #29 DBC LONG size=11828457 entry=23.92@2012-12-03 16:00:00-05:00 exit=22.71@2013-03-01 16:00:00-05:00 pnl=-15587458.87 pnlcomm=-15904127.92 commission=316669.05 bars=60
2026-10-03 14:08:20.306 INFO webull.main   #30 IEF LONG size=3713209 entry=79.33@2013-04-01 16:00:00-04:00 exit=77.74@2013-06-03 16:00:00-04:00 pnl=-6005258.14 pnlcomm=-6334991.68 commission=329733.54 bars=44
2026-10-03 14:08:20.306 INFO webull.main   #31 VNQ LONG size=8775009 entry=36.17@2012-01-03 16:00:00-05:00 exit=38.16@2013-09-03 16:00:00-04:00 pnl=42499296.88 pnlcomm=41951828.43 commission=547468.44 bars=418
2026-10-03 14:08:20.306 INFO webull.main   #32 VNQ LONG size=7390692 entry=41.23@2013-11-01 16:00:00-04:00 exit=38.92@2013-12-02 16:00:00-05:00 pnl=-18036843.90 pnlcomm=-18352453.52 commission=315609.62 bars=20
2026-10-03 14:08:20.306 INFO webull.main   #33 DBC LONG size=13762775 entry=22.21@2014-03-04 16:00:00-05:00 exit=21.31@2014-08-01 16:00:00-04:00 pnl=-13578598.79 pnlcomm=-13949404.66 commission=370805.87 bars=105
2026-10-03 14:08:20.306 INFO webull.main   #34 EFA LONG size=8233223 entry=39.40@2012-09-04 16:00:00-04:00 exit=44.89@2014-10-01 16:00:00-04:00 pnl=82615548.72 pnlcomm=82025876.78 commission=589671.94 bars=521
2026-10-03 14:08:20.306 INFO webull.main   #35 VNQ LONG size=7373685 entry=44.63@2014-02-03 16:00:00-05:00 exit=50.14@2015-06-01 16:00:00-04:00 pnl=67556791.10 pnlcomm=67023559.24 commission=533231.86 bars=333
2026-10-03 14:08:20.306 INFO webull.main   #36 IEF LONG size=3916962 entry=78.38@2014-02-03 16:00:00-05:00 exit=80.55@2015-07-01 16:00:00-04:00 pnl=16457211.01 pnlcomm=15925525.24 commission=531685.77 bars=355
2026-10-03 14:08:20.306 INFO webull.main   #37 SPY LONG size=2824348 entry=138.90@2012-02-01 16:00:00-05:00 exit=160.53@2015-09-01 16:00:00-04:00 pnl=137950306.82 pnlcomm=137173709.46 commission=776597.36 bars=901
2026-10-03 14:08:20.306 INFO webull.main   #38 EFA LONG size=7165085 entry=46.19@2015-03-02 16:00:00-05:00 exit=42.12@2015-09-01 16:00:00-04:00 pnl=-29122720.32 pnlcomm=-29546900.10 commission=424179.77 bars=128
2026-10-03 14:08:20.306 INFO webull.main   #39 IEF LONG size=4003756 entry=82.24@2015-08-03 16:00:00-04:00 exit=82.42@2015-09-01 16:00:00-04:00 pnl=926958.47 pnlcomm=581406.25 commission=345552.21 bars=21
2026-10-03 14:08:20.306 INFO webull.main   #40 IEF LONG size=3792891 entry=83.61@2015-10-01 16:00:00-04:00 exit=82.62@2016-01-04 16:00:00-05:00 pnl=-4133736.98 pnlcomm=-4483360.11 commission=349623.13 bars=64
2026-10-03 14:08:20.306 INFO webull.main   #41 SPY LONG size=1819360 entry=172.78@2015-11-02 16:00:00-05:00 exit=161.83@2016-02-01 16:00:00-05:00 pnl=-22537671.64 pnlcomm=-22910990.04 commission=373318.40 bars=61
2026-10-03 14:08:20.306 INFO webull.main   #42 EFA LONG size=7492724 entry=42.16@2016-06-01 16:00:00-04:00 exit=41.57@2016-07-01 16:00:00-04:00 pnl=-5167746.55 pnlcomm=-5525574.45 commission=357827.90 bars=22
2026-10-03 14:08:20.306 INFO webull.main   #43 IEF LONG size=3650384 entry=85.72@2016-02-01 16:00:00-05:00 exit=86.57@2016-11-01 16:00:00-04:00 pnl=6045482.11 pnlcomm=5606074.75 commission=439407.36 bars=191
2026-10-03 14:08:20.306 INFO webull.main   #44 VNQ LONG size=6140974 entry=53.14@2015-11-02 16:00:00-05:00 exit=54.63@2016-11-01 16:00:00-04:00 pnl=19925774.80 pnlcomm=19367876.01 commission=557898.78 bars=252
2026-10-03 14:08:20.306 INFO webull.main   #45 EFA LONG size=7588357 entry=43.11@2016-08-01 16:00:00-04:00 exit=42.23@2016-12-01 16:00:00-05:00 pnl=-6380269.24 pnlcomm=-6748996.61 commission=368727.38 bars=86
2026-10-03 14:08:20.306 INFO webull.main   #46 VNQ LONG size=5687936 entry=58.21@2017-03-01 16:00:00-05:00 exit=56.85@2017-04-03 16:00:00-04:00 pnl=-8268837.48 pnlcomm=-8613989.55 commission=345152.08 bars=23
2026-10-03 14:08:20.306 INFO webull.main   #47 DBC LONG size=25628017 entry=12.48@2016-05-02 16:00:00-04:00 exit=12.51@2017-05-01 16:00:00-04:00 pnl=8217632.89 pnlcomm=7670108.80 commission=547524.09 bars=251
2026-10-03 14:08:20.306 INFO webull.main   #48 IEF LONG size=3908878 entry=85.49@2017-06-01 16:00:00-04:00 exit=85.15@2017-12-01 16:00:00-05:00 pnl=-1264159.25 pnlcomm=-1657236.61 commission=393077.36 bars=128
2026-10-03 14:08:20.306 INFO webull.main   #49 VNQ LONG size=5771180 entry=58.21@2017-07-03 16:00:00-04:00 exit=56.54@2018-02-01 16:00:00-05:00 pnl=-10316067.70 pnlcomm=-10765075.17 commission=449007.48 bars=147
2026-10-03 14:08:20.306 INFO webull.main   #50 EFA LONG size=7519407 entry=46.61@2017-01-03 16:00:00-05:00 exit=54.01@2018-06-01 16:00:00-04:00 pnl=72418251.13 pnlcomm=71904502.80 commission=513748.33 bars=355
2026-10-03 14:08:20.306 INFO webull.main   #51 EFA LONG size=6681423 entry=54.16@2018-08-01 16:00:00-04:00 exit=52.39@2018-09-04 16:00:00-04:00 pnl=-12264073.93 pnlcomm=-12639841.17 commission=375767.24 bars=23
2026-10-03 14:08:20.306 INFO webull.main   #52 IEF LONG size=4362131 entry=83.78@2018-09-04 16:00:00-04:00 exit=82.71@2018-10-01 16:00:00-04:00 pnl=-4744541.60 pnlcomm=-5115618.78 commission=371077.18 bars=19
2026-10-03 14:08:20.306 INFO webull.main   #53 SPY LONG size=1824256 entry=202.58@2016-04-01 16:00:00-04:00 exit=240.84@2018-11-01 16:00:00-04:00 pnl=113912659.05 pnlcomm=113222358.92 commission=690300.13 bars=653
2026-10-03 14:08:20.306 INFO webull.main   #54 DBC LONG size=26244566 entry=13.57@2017-10-02 16:00:00-04:00 exit=14.40@2018-11-01 16:00:00-04:00 pnl=40588043.16 pnlcomm=40018547.02 commission=569496.14 bars=274
2026-10-03 14:08:20.306 INFO webull.main   #55 SPY LONG size=1461013 entry=246.03@2018-12-03 16:00:00-05:00 exit=219.48@2019-01-02 16:00:00-05:00 pnl=-43448532.13 pnlcomm=-43834641.21 commission=386109.08 bars=19
2026-10-03 14:08:20.306 INFO webull.main   #56 VNQ LONG size=6295088 entry=57.31@2018-06-01 16:00:00-04:00 exit=54.99@2019-01-02 16:00:00-05:00 pnl=-9487949.63 pnlcomm=-9984064.42 commission=496114.79 bars=147
2026-10-03 14:08:20.306 INFO webull.main   #57 SPY LONG size=1384348 entry=250.66@2019-03-01 16:00:00-05:00 exit=246.64@2019-06-03 16:00:00-04:00 pnl=-4886783.82 pnlcomm=-5270306.08 commission=383522.26 bars=64
2026-10-03 14:08:20.306 INFO webull.main   #58 EFA LONG size=6768492 entry=52.17@2019-04-01 16:00:00-04:00 exit=50.63@2019-06-03 16:00:00-04:00 pnl=-10490925.58 pnlcomm=-10867708.86 commission=376783.27 bars=43
2026-10-03 14:08:20.306 INFO webull.main   #59 DBC LONG size=26421455 entry=13.85@2020-01-02 16:00:00-05:00 exit=12.58@2020-02-03 16:00:00-05:00 pnl=-36419753.11 pnlcomm=-36804062.06 commission=384308.95 bars=21
2026-10-03 14:08:20.306 INFO webull.main   #60 SPY LONG size=1324149 entry=269.33@2019-07-01 16:00:00-04:00 exit=271.02@2020-03-02 16:00:00-05:00 pnl=6982703.76 pnlcomm=6508301.97 commission=474401.79 bars=168
2026-10-03 14:08:20.306 INFO webull.main   #61 EFA LONG size=6532442 entry=54.09@2019-07-01 16:00:00-04:00 exit=51.19@2020-03-02 16:00:00-05:00 pnl=-18294102.49 pnlcomm=-18750177.16 commission=456074.67 bars=168
2026-10-03 14:08:20.306 INFO webull.main   #62 VNQ LONG size=5518211 entry=65.08@2019-02-01 16:00:00-05:00 exit=67.89@2020-03-02 16:00:00-05:00 pnl=31823356.79 pnlcomm=31276819.11 commission=546537.69 bars=271
2026-10-03 14:08:20.306 INFO webull.main   #63 DBC LONG size=30804059 entry=11.76@2020-09-01 16:00:00-04:00 exit=10.99@2020-11-02 16:00:00-05:00 pnl=-25679117.63 pnlcomm=-26085244.77 commission=406127.14 bars=43
2026-10-03 14:08:20.306 INFO webull.main   #64 IEF LONG size=4268141 entry=91.98@2018-12-03 16:00:00-05:00 exit=102.18@2020-12-01 16:00:00-05:00 pnl=71503139.88 pnlcomm=70795948.52 commission=707191.35 bars=502
2026-10-03 14:08:20.306 INFO webull.main   #65 IEF LONG size=4382826 entry=100.88@2021-08-02 16:00:00-04:00 exit=98.89@2021-10-01 16:00:00-04:00 pnl=-9096248.51 pnlcomm=-9579499.71 commission=483251.20 bars=43
2026-10-03 14:08:20.306 INFO webull.main   #66 EFA LONG size=6878284 entry=57.92@2020-08-03 16:00:00-04:00 exit=66.51@2021-12-01 16:00:00-05:00 pnl=90703272.48 pnlcomm=90031276.84 commission=671995.64 bars=336
2026-10-03 14:08:20.306 INFO webull.main   #67 EFA LONG size=6726410 entry=68.84@2022-01-03 16:00:00-05:00 exit=66.41@2022-02-01 16:00:00-05:00 pnl=-16644790.22 pnlcomm=-17121912.46 commission=477122.24 bars=20
2026-10-03 14:08:20.306 INFO webull.main   #68 IEF LONG size=4443509 entry=99.01@2021-12-01 16:00:00-05:00 exit=96.76@2022-02-01 16:00:00-05:00 pnl=-10829653.95 pnlcomm=-11327846.88 commission=498192.93 bars=42
2026-10-03 14:08:20.306 INFO webull.main   #69 SPY LONG size=1257749 entry=336.80@2020-06-01 16:00:00-04:00 exit=408.12@2022-03-01 16:00:00-05:00 pnl=151005846.64 pnlcomm=150197328.21 commission=808518.42 bars=441
2026-10-03 14:08:20.306 INFO webull.main   #70 VNQ LONG size=5481615 entry=75.92@2020-12-01 16:00:00-05:00 exit=85.37@2022-03-01 16:00:00-05:00 pnl=98711805.59 pnlcomm=97959026.94 commission=752778.65 bars=313
2026-10-03 14:08:20.306 INFO webull.main   #71 SPY LONG size=1077250 entry=425.08@2022-04-01 16:00:00-04:00 exit=387.77@2022-05-02 16:00:00-04:00 pnl=-43328141.33 pnlcomm=-43814271.74 commission=486130.41 bars=20
2026-10-03 14:08:20.306 INFO webull.main   #72 VNQ LONG size=5059556 entry=91.00@2022-04-01 16:00:00-04:00 exit=86.73@2022-05-02 16:00:00-04:00 pnl=-20973669.51 pnlcomm=-21453339.58 commission=479670.07 bars=20
2026-10-03 14:08:20.306 INFO webull.main   #73 DBC LONG size=30170851 entry=19.28@2020-12-01 16:00:00-05:00 exit=21.26@2022-10-03 16:00:00-04:00 pnl=250083344.69 pnlcomm=248835408.27 commission=1247936.42 bars=462
2026-10-03 14:08:20.306 INFO webull.main   #74 SPY LONG size=1138107 entry=386.72@2022-12-01 16:00:00-05:00 exit=366.43@2023-01-03 16:00:00-05:00 pnl=-24831657.26 pnlcomm=-25298272.41 commission=466615.15 bars=21
2026-10-03 14:08:20.306 INFO webull.main   #75 IEF LONG size=5068755 entry=87.06@2023-02-01 16:00:00-05:00 exit=83.63@2023-03-01 16:00:00-05:00 pnl=-17816613.71 pnlcomm=-18263033.61 commission=446419.90 bars=19
2026-10-03 14:08:20.306 INFO webull.main   #76 VNQ LONG size=5611750 entry=78.01@2023-02-01 16:00:00-05:00 exit=73.33@2023-03-01 16:00:00-05:00 pnl=-27104764.19 pnlcomm=-27555913.18 commission=451148.99 bars=19
2026-10-03 14:08:20.306 INFO webull.main   #77 IEF LONG size=4961077 entry=86.99@2023-04-03 16:00:00-04:00 exit=84.53@2023-08-01 16:00:00-04:00 pnl=-12937919.61 pnlcomm=-13446985.08 commission=509065.47 bars=82
2026-10-03 14:08:20.306 INFO webull.main   #78 VNQ LONG size=5996382 entry=73.49@2023-07-03 16:00:00-04:00 exit=72.94@2023-09-01 16:00:00-04:00 pnl=-3056367.86 pnlcomm=-3537762.89 commission=481395.03 bars=43
2026-10-03 14:08:20.306 INFO webull.main   #79 EFA LONG size=7372794 entry=61.48@2022-12-01 16:00:00-05:00 exit=62.29@2023-10-02 16:00:00-04:00 pnl=14907283.68 pnlcomm=14270694.12 commission=636589.56 bars=208
2026-10-03 14:08:20.307 INFO webull.main   #80 SPY LONG size=1135963 entry=391.93@2023-02-01 16:00:00-05:00 exit=404.08@2023-11-01 16:00:00-04:00 pnl=20510207.81 pnlcomm=19904264.47 commission=605943.33 bars=189
2026-10-03 14:08:20.307 INFO webull.main   #81 DBC LONG size=20719684 entry=21.33@2023-08-01 16:00:00-04:00 exit=20.32@2024-01-02 16:00:00-05:00 pnl=-21880208.62 pnlcomm=-22454927.47 commission=574718.85 bars=106
2026-10-03 14:08:20.307 INFO webull.main   #82 IEF LONG size=5074978 entry=86.37@2024-01-02 16:00:00-05:00 exit=83.34@2024-05-01 16:00:00-04:00 pnl=-16838292.81 pnlcomm=-17339059.74 commission=500766.93 bars=83
2026-10-03 14:08:20.307 INFO webull.main   #83 VNQ LONG size=5888299 entry=73.55@2023-12-01 16:00:00-05:00 exit=72.11@2024-05-01 16:00:00-04:00 pnl=-2497580.52 pnlcomm=-3059189.43 commission=561608.91 bars=103
2026-10-03 14:08:20.307 INFO webull.main   #84 DBC LONG size=21511046 entry=21.20@2024-04-01 16:00:00-04:00 exit=20.71@2024-08-01 16:00:00-04:00 pnl=-9676753.52 pnlcomm=-10241383.28 commission=564629.75 bars=85
2026-10-03 14:08:20.307 INFO webull.main   #85 EFA LONG size=6490048 entry=68.73@2023-12-01 16:00:00-05:00 exit=74.11@2024-12-02 16:00:00-05:00 pnl=52939581.79 pnlcomm=52276227.46 commission=663354.32 bars=251
2026-10-03 14:08:20.307 INFO webull.main   #86 IEF LONG size=5276842 entry=85.61@2024-06-03 16:00:00-04:00 exit=86.53@2025-01-02 16:00:00-05:00 pnl=9034330.23 pnlcomm=8459430.64 commission=574899.59 bars=147
2026-10-03 14:08:20.307 INFO webull.main   #87 SPY LONG size=971902 entry=486.61@2023-12-01 16:00:00-05:00 exit=548.08@2025-04-01 16:00:00-04:00 pnl=100700684.49 pnlcomm=99951260.65 commission=749423.84 bars=332
2026-10-03 14:08:20.307 INFO webull.main   #88 VNQ LONG size=5911351 entry=79.56@2024-06-03 16:00:00-04:00 exit=85.77@2025-04-01 16:00:00-04:00 pnl=58153937.94 pnlcomm=57435054.32 commission=718883.62 bars=207
2026-10-03 14:08:20.307 INFO webull.main   #89 DBC LONG size=22036716 entry=21.23@2025-02-03 16:00:00-05:00 exit=19.89@2025-05-01 16:00:00-04:00 pnl=-31563229.88 pnlcomm=-32111941.33 commission=548711.45 bars=61
2026-10-03 14:08:20.307 INFO webull.main   #90 SPY LONG size=809574 entry=605.33@2025-06-02 16:00:00-04:00 exit=650.28@2026-04-01 16:00:00-04:00 pnl=56056934.05 pnlcomm=55353197.34 commission=703736.72 bars=209
2026-10-03 14:08:20.307 INFO webull.main   #91 VNQ LONG size=5533004 entry=87.49@2025-09-02 16:00:00-04:00 exit=87.13@2026-04-01 16:00:00-04:00 pnl=-481349.04 pnlcomm=-1164061.37 commission=682712.33 bars=146
2026-10-03 14:08:20.307 INFO webull.main   #92 IEF LONG size=5310768 entry=90.54@2025-03-03 16:00:00-05:00 exit=92.58@2026-06-01 16:00:00-04:00 pnl=18608035.55 pnlcomm=17812050.73 commission=795984.82 bars=313
2026-10-03 14:08:20.307 INFO webull.main   #93 VNQ LONG size=5741848 entry=95.20@2026-05-01 16:00:00-04:00 exit=89.31@2026-10-01 16:00:00-04:00 pnl=-33564368.98 pnlcomm=-34287403.83 commission=723034.85 bars=105
2026-10-03 14:08:20.307 INFO webull.main ============================================================
2026-10-03 14:08:20.307 INFO webull.main [Backtest] visualization disabled (WEBULL_VISUALIZE=false)
2026-10-03 14:08:20.402 INFO webull.harness [Harness] in_sample     2005-11-01..2024-10-02  kit Sharpe 0.6111  our Sharpe 0.4879  ann 4.71%  max DD -16.03%  orders 15840 (refused 2)
2026-10-03 14:08:20.402 INFO webull.harness [Harness] out_of_sample 2024-10-03..2026-10-02  kit Sharpe 1.1329  our Sharpe 0.6741  ann 7.88%  max DD -6.45%  orders 2032 (refused 0)
2026-10-03 14:08:20.403 INFO webull.harness [Harness] full          2005-01-03..2026-10-02  kit Sharpe 0.6409  our Sharpe 0.4931  ann 4.81%  max DD -16.03%  orders 17875 (refused 2)
2026-10-03 14:08:20.423 INFO webull.harness [Harness] metrics written: <scratch>/kit_native/native_gtaa/reserve/bhfalse_guide_1e9_r0.0025.json
