2026-10-03 14:08:15.517 INFO webull.main [Backtest] strategy=gqh_gtaa symbols=['SPY', 'EFA', 'IEF', 'VNQ', 'DBC'] params={'buy_and_hold': False, 'reserve': 0.005}
2026-10-03 14:08:15.521 INFO webull.main [Backtest] starting cash: 1000000000.00
2026-10-03 14:08:19.382 INFO webull.main ============================================================
2026-10-03 14:08:19.382 INFO webull.main [Backtest] Result Summary
2026-10-03 14:08:19.382 INFO webull.main ============================================================
2026-10-03 14:08:19.382 INFO webull.main Starting cash    : 1000000000.00
2026-10-03 14:08:19.382 INFO webull.main Final cash       : 2763952038.54
2026-10-03 14:08:19.382 INFO webull.main Net P&L          : 1763952038.54 (176.40%)
2026-10-03 14:08:19.382 INFO webull.main Max drawdown     : 15.99% (219351018.24)
2026-10-03 14:08:19.382 INFO webull.main Sharpe ratio     : 0.6399 (annualized)
2026-10-03 14:08:19.382 INFO webull.main Total trades     : 96 (won=40, lost=53, win rate=41.67%)
2026-10-03 14:08:19.382 INFO webull.main Trades net P&L   : 1316258446.64
2026-10-03 14:08:19.382 INFO webull.main ============================================================
2026-10-03 14:08:19.382 INFO webull.main [Backtest] Trade-by-trade detail (93 closed trade(s)):
2026-10-03 14:08:19.382 INFO webull.main   #1 IEF LONG size=4227523 entry=48.33@2006-01-03 16:00:00-05:00 exit=48.03@2006-02-01 16:00:00-05:00 pnl=-1287754.86 pnlcomm=-1505648.97 commission=217894.12 bars=20
2026-10-03 14:08:19.382 INFO webull.main   #2 DBC LONG size=11527389 entry=20.25@2006-12-01 16:00:00-05:00 exit=19.60@2007-02-01 16:00:00-05:00 pnl=-9674774.15 pnlcomm=-9953903.35 commission=279129.21 bars=40
2026-10-03 14:08:19.382 INFO webull.main   #3 IEF LONG size=4535920 entry=48.65@2006-08-01 16:00:00-04:00 exit=49.72@2007-07-02 16:00:00-04:00 pnl=8336863.88 pnlcomm=8003158.01 commission=333705.87 bars=230
2026-10-03 14:08:19.383 INFO webull.main   #4 VNQ LONG size=8260859 entry=29.52@2005-11-01 16:00:00-05:00 exit=31.96@2007-07-02 16:00:00-04:00 pnl=61894993.71 pnlcomm=61417494.14 commission=477499.56 bars=417
2026-10-03 14:08:19.383 INFO webull.main   #5 SPY LONG size=2431239 entry=92.65@2005-11-01 16:00:00-05:00 exit=104.06@2008-01-02 16:00:00-05:00 pnl=53536879.94 pnlcomm=53101423.77 commission=435456.17 bars=544
2026-10-03 14:08:19.383 INFO webull.main   #6 EFA LONG size=6582965 entry=38.31@2005-11-01 16:00:00-05:00 exit=45.28@2008-01-02 16:00:00-05:00 pnl=91490210.48 pnlcomm=90957871.69 commission=532338.79 bars=544
2026-10-03 14:08:19.383 INFO webull.main   #7 VNQ LONG size=8675982 entry=30.52@2008-05-01 16:00:00-04:00 exit=26.78@2008-07-01 16:00:00-04:00 pnl=-37506786.12 pnlcomm=-37845550.07 commission=338763.94 bars=42
2026-10-03 14:08:19.383 INFO webull.main   #8 DBC LONG size=11629001 entry=27.90@2007-03-01 16:00:00-05:00 exit=27.87@2008-10-01 16:00:00-04:00 pnl=89848360.99 pnlcomm=89119356.56 commission=729004.43 bars=401
2026-10-03 14:08:19.383 INFO webull.main   #9 VNQ LONG size=9008202 entry=24.48@2008-09-02 16:00:00-04:00 exit=19.74@2008-11-03 16:00:00-05:00 pnl=-81110346.14 pnlcomm=-81565377.15 commission=455031.01 bars=44
2026-10-03 14:08:19.383 INFO webull.main   #10 IEF LONG size=4698920 entry=56.09@2007-08-01 16:00:00-04:00 exit=60.01@2009-06-01 16:00:00-04:00 pnl=43426395.69 pnlcomm=42843169.68 commission=583226.01 bars=461
2026-10-03 14:08:19.383 INFO webull.main   #11 IEF LONG size=4227632 entry=62.10@2009-10-01 16:00:00-04:00 exit=60.42@2010-01-04 16:00:00-05:00 pnl=-7882146.46 pnlcomm=-8234454.19 commission=352307.73 bars=64
2026-10-03 14:08:19.383 INFO webull.main   #12 DBC LONG size=12737638 entry=19.84@2009-08-03 16:00:00-04:00 exit=19.29@2010-02-01 16:00:00-05:00 pnl=-6945773.48 pnlcomm=-7319869.33 commission=374095.84 bars=125
2026-10-03 14:08:19.383 INFO webull.main   #13 IEF LONG size=4267066 entry=61.69@2010-02-01 16:00:00-05:00 exit=61.21@2010-04-01 16:00:00-04:00 pnl=-2147133.65 pnlcomm=-2449597.44 commission=302463.79 bars=42
2026-10-03 14:08:19.383 INFO webull.main   #14 EFA LONG size=8630652 entry=30.19@2009-06-01 16:00:00-04:00 exit=29.18@2010-06-01 16:00:00-04:00 pnl=3802512.49 pnlcomm=3351395.00 commission=451117.49 bars=252
2026-10-03 14:08:19.383 INFO webull.main   #15 DBC LONG size=13460189 entry=19.98@2010-03-01 16:00:00-05:00 exit=18.39@2010-06-01 16:00:00-04:00 pnl=-23804698.05 pnlcomm=-24122361.63 commission=317663.57 bars=64
2026-10-03 14:08:19.383 INFO webull.main   #16 SPY LONG size=3543554 entry=72.33@2009-07-01 16:00:00-04:00 exit=77.43@2010-07-01 16:00:00-04:00 pnl=33287918.30 pnlcomm=32916561.52 commission=371356.78 bars=252
2026-10-03 14:08:19.383 INFO webull.main   #17 SPY LONG size=3233991 entry=83.96@2010-08-02 16:00:00-04:00 exit=80.12@2010-09-01 16:00:00-04:00 pnl=-12828002.73 pnlcomm=-13108880.05 commission=280877.32 bars=22
2026-10-03 14:08:19.383 INFO webull.main   #18 EFA LONG size=8318974 entry=32.83@2010-08-02 16:00:00-04:00 exit=31.72@2010-09-01 16:00:00-04:00 pnl=-9679867.25 pnlcomm=-9967719.64 commission=287852.39 bars=22
2026-10-03 14:08:19.383 INFO webull.main   #19 IEF LONG size=4572804 entry=64.37@2010-05-03 16:00:00-04:00 exit=65.53@2011-01-03 16:00:00-05:00 pnl=14379290.26 pnlcomm=13913328.93 commission=465961.33 bars=170
2026-10-03 14:08:19.383 INFO webull.main   #20 SPY LONG size=3096108 entry=89.67@2010-10-01 16:00:00-04:00 exit=93.65@2011-09-01 16:00:00-04:00 pnl=21065970.20 pnlcomm=20674307.24 commission=391662.96 bars=232
2026-10-03 14:08:19.383 INFO webull.main   #21 EFA LONG size=7833012 entry=35.04@2010-10-01 16:00:00-04:00 exit=34.01@2011-09-01 16:00:00-04:00 pnl=-1839814.08 pnlcomm=-2312982.17 commission=473168.09 bars=232
2026-10-03 14:08:19.383 INFO webull.main   #22 VNQ LONG size=14221235 entry=26.31@2009-08-03 16:00:00-04:00 exit=31.47@2011-09-01 16:00:00-04:00 pnl=165640845.66 pnlcomm=164786111.99 commission=854733.67 bars=526
2026-10-03 14:08:19.383 INFO webull.main   #23 DBC LONG size=13062956 entry=22.58@2010-10-04 16:00:00-04:00 exit=21.39@2011-10-03 16:00:00-04:00 pnl=14779238.24 pnlcomm=14249743.00 commission=529495.24 bars=252
2026-10-03 14:08:19.383 INFO webull.main   #24 VNQ LONG size=8789658 entry=31.08@2011-11-01 16:00:00-04:00 exit=30.89@2011-12-01 16:00:00-05:00 pnl=-1792198.85 pnlcomm=-2113539.53 commission=321340.68 bars=21
2026-10-03 14:08:19.383 INFO webull.main   #25 EFA LONG size=8133656 entry=35.15@2012-03-01 16:00:00-05:00 exit=30.30@2012-06-01 16:00:00-04:00 pnl=-44122678.84 pnlcomm=-44448466.62 commission=325787.78 bars=64
2026-10-03 14:08:19.383 INFO webull.main   #26 DBC LONG size=11584751 entry=24.64@2012-03-01 16:00:00-05:00 exit=21.03@2012-06-01 16:00:00-04:00 pnl=-46861822.37 pnlcomm=-47176601.60 commission=314779.22 bars=64
2026-10-03 14:08:19.383 INFO webull.main   #27 DBC LONG size=11498688 entry=24.50@2012-09-04 16:00:00-04:00 exit=23.37@2012-11-01 16:00:00-04:00 pnl=-13639605.58 pnlcomm=-13950789.48 commission=311183.90 bars=40
2026-10-03 14:08:19.383 INFO webull.main   #28 IEF LONG size=4449763 entry=74.25@2011-06-01 16:00:00-04:00 exit=78.40@2013-02-01 16:00:00-05:00 pnl=38121637.40 pnlcomm=37456672.67 commission=664964.73 bars=420
2026-10-03 14:08:19.383 INFO webull.main   #29 DBC LONG size=11789670 entry=23.92@2012-12-03 16:00:00-05:00 exit=22.71@2013-03-01 16:00:00-05:00 pnl=-15535241.57 pnlcomm=-15850831.58 commission=315590.01 bars=60
2026-10-03 14:08:19.383 INFO webull.main   #30 IEF LONG size=3700614 entry=79.33@2013-04-01 16:00:00-04:00 exit=77.74@2013-06-03 16:00:00-04:00 pnl=-5984066.57 pnlcomm=-6312618.56 commission=328552.00 bars=44
2026-10-03 14:08:19.383 INFO webull.main   #31 VNQ LONG size=8745913 entry=36.17@2012-01-03 16:00:00-05:00 exit=38.16@2013-09-03 16:00:00-04:00 pnl=42366433.37 pnlcomm=41820582.96 commission=545850.41 bars=418
2026-10-03 14:08:19.383 INFO webull.main   #32 VNQ LONG size=7365037 entry=41.23@2013-11-01 16:00:00-04:00 exit=38.92@2013-12-02 16:00:00-05:00 pnl=-17974249.90 pnlcomm=-18288779.60 commission=314529.69 bars=20
2026-10-03 14:08:19.383 INFO webull.main   #33 DBC LONG size=13966731 entry=22.36@2014-03-03 16:00:00-05:00 exit=21.31@2014-08-01 16:00:00-04:00 pnl=-16227353.30 pnlcomm=-16603284.74 commission=375931.44 bars=106
2026-10-03 14:08:19.383 INFO webull.main   #34 EFA LONG size=8206227 entry=39.40@2012-09-04 16:00:00-04:00 exit=44.89@2014-10-01 16:00:00-04:00 pnl=82358456.06 pnlcomm=81770688.43 commission=587767.62 bars=521
2026-10-03 14:08:19.383 INFO webull.main   #35 VNQ LONG size=7348339 entry=44.63@2014-02-03 16:00:00-05:00 exit=50.14@2015-06-01 16:00:00-04:00 pnl=67237038.27 pnlcomm=66705884.04 commission=531154.22 bars=333
2026-10-03 14:08:19.383 INFO webull.main   #36 IEF LONG size=3903498 entry=78.38@2014-02-03 16:00:00-05:00 exit=80.55@2015-07-01 16:00:00-04:00 pnl=16371902.77 pnlcomm=15843126.03 commission=528776.75 bars=355
2026-10-03 14:08:19.383 INFO webull.main   #37 SPY LONG size=2814911 entry=138.91@2012-02-01 16:00:00-05:00 exit=160.53@2015-09-01 16:00:00-04:00 pnl=137447462.84 pnlcomm=136673622.01 commission=773840.83 bars=901
2026-10-03 14:08:19.383 INFO webull.main   #38 EFA LONG size=7126143 entry=46.19@2015-03-02 16:00:00-05:00 exit=42.12@2015-09-01 16:00:00-04:00 pnl=-28965299.20 pnlcomm=-29387309.31 commission=422010.11 bars=128
2026-10-03 14:08:19.383 INFO webull.main   #39 IEF LONG size=3982090 entry=82.24@2015-08-03 16:00:00-04:00 exit=82.42@2015-09-01 16:00:00-04:00 pnl=921704.27 pnlcomm=578037.33 commission=343666.94 bars=21
2026-10-03 14:08:19.383 INFO webull.main   #40 IEF LONG size=3772726 entry=83.61@2015-10-01 16:00:00-04:00 exit=82.62@2016-01-04 16:00:00-05:00 pnl=-4111685.66 pnlcomm=-4459416.76 commission=347731.10 bars=64
2026-10-03 14:08:19.383 INFO webull.main   #41 SPY LONG size=1809696 entry=172.77@2015-11-02 16:00:00-05:00 exit=161.83@2016-02-01 16:00:00-05:00 pnl=-22417638.71 pnlcomm=-22789048.62 commission=371409.91 bars=61
2026-10-03 14:08:19.383 INFO webull.main   #42 EFA LONG size=7452761 entry=42.16@2016-06-01 16:00:00-04:00 exit=41.57@2016-07-01 16:00:00-04:00 pnl=-5138515.95 pnlcomm=-5494469.49 commission=355953.54 bars=22
2026-10-03 14:08:19.383 INFO webull.main   #43 IEF LONG size=3631169 entry=85.72@2016-02-01 16:00:00-05:00 exit=86.57@2016-11-01 16:00:00-04:00 pnl=6013923.86 pnlcomm=5577040.17 commission=436883.69 bars=191
2026-10-03 14:08:19.383 INFO webull.main   #44 VNQ LONG size=6108353 entry=53.14@2015-11-02 16:00:00-05:00 exit=54.63@2016-11-01 16:00:00-04:00 pnl=19824898.86 pnlcomm=19269821.41 commission=555077.45 bars=252
2026-10-03 14:08:19.383 INFO webull.main   #45 EFA LONG size=7547388 entry=43.11@2016-08-01 16:00:00-04:00 exit=42.23@2016-12-01 16:00:00-05:00 pnl=-6345325.85 pnlcomm=-6712089.12 commission=366763.27 bars=86
2026-10-03 14:08:19.383 INFO webull.main   #46 VNQ LONG size=5657053 entry=58.21@2017-03-01 16:00:00-05:00 exit=56.85@2017-04-03 16:00:00-04:00 pnl=-8223823.17 pnlcomm=-8567108.13 commission=343284.96 bars=23
2026-10-03 14:08:19.383 INFO webull.main   #47 DBC LONG size=25491989 entry=12.48@2016-05-02 16:00:00-04:00 exit=12.51@2017-05-01 16:00:00-04:00 pnl=8176815.76 pnlcomm=7632169.78 commission=544645.99 bars=251
2026-10-03 14:08:19.383 INFO webull.main   #48 IEF LONG size=3887597 entry=85.49@2017-06-01 16:00:00-04:00 exit=85.15@2017-12-01 16:00:00-05:00 pnl=-1256887.25 pnlcomm=-1647733.67 commission=390846.43 bars=128
2026-10-03 14:08:19.383 INFO webull.main   #49 VNQ LONG size=5739745 entry=58.21@2017-07-03 16:00:00-04:00 exit=56.54@2018-02-01 16:00:00-05:00 pnl=-10256928.37 pnlcomm=-10703514.77 commission=446586.40 bars=147
2026-10-03 14:08:19.383 INFO webull.main   #50 EFA LONG size=7478911 entry=46.61@2017-01-03 16:00:00-05:00 exit=54.01@2018-06-01 16:00:00-04:00 pnl=72026790.53 pnlcomm=71515694.20 commission=511096.33 bars=355
2026-10-03 14:08:19.383 INFO webull.main   #51 EFA LONG size=6643729 entry=54.16@2018-08-01 16:00:00-04:00 exit=52.39@2018-09-04 16:00:00-04:00 pnl=-12194645.88 pnlcomm=-12568311.15 commission=373665.27 bars=23
2026-10-03 14:08:19.383 INFO webull.main   #52 IEF LONG size=4337429 entry=83.78@2018-09-04 16:00:00-04:00 exit=82.71@2018-10-01 16:00:00-04:00 pnl=-4717737.54 pnlcomm=-5086705.73 commission=368968.19 bars=19
2026-10-03 14:08:19.383 INFO webull.main   #53 SPY LONG size=1814558 entry=202.59@2016-04-01 16:00:00-04:00 exit=240.84@2018-11-01 16:00:00-04:00 pnl=113296410.24 pnlcomm=112609712.90 commission=686697.35 bars=653
2026-10-03 14:08:19.383 INFO webull.main   #54 DBC LONG size=26100314 entry=13.57@2017-10-02 16:00:00-04:00 exit=14.40@2018-11-01 16:00:00-04:00 pnl=40363467.36 pnlcomm=39797053.49 commission=566413.88 bars=274
2026-10-03 14:08:19.383 INFO webull.main   #55 SPY LONG size=1452827 entry=246.02@2018-12-03 16:00:00-05:00 exit=219.48@2019-01-02 16:00:00-05:00 pnl=-43205811.16 pnlcomm=-43589801.68 commission=383990.51 bars=19
2026-10-03 14:08:19.383 INFO webull.main   #56 VNQ LONG size=6259747 entry=57.31@2018-06-01 16:00:00-04:00 exit=54.99@2019-01-02 16:00:00-05:00 pnl=-9434750.77 pnlcomm=-9928183.16 commission=493432.40 bars=147
2026-10-03 14:08:19.383 INFO webull.main   #57 SPY LONG size=1376721 entry=250.66@2019-03-01 16:00:00-05:00 exit=246.64@2019-06-03 16:00:00-04:00 pnl=-4859528.08 pnlcomm=-5240971.34 commission=381443.26 bars=64
2026-10-03 14:08:19.383 INFO webull.main   #58 EFA LONG size=6730936 entry=52.17@2019-04-01 16:00:00-04:00 exit=50.63@2019-06-03 16:00:00-04:00 pnl=-10432682.61 pnlcomm=-10807398.37 commission=374715.76 bars=43
2026-10-03 14:08:19.383 INFO webull.main   #59 DBC LONG size=26271789 entry=13.85@2020-01-02 16:00:00-05:00 exit=12.58@2020-02-03 16:00:00-05:00 pnl=-36212920.21 pnlcomm=-36595055.55 commission=382135.35 bars=21
2026-10-03 14:08:19.383 INFO webull.main   #60 SPY LONG size=1316804 entry=269.33@2019-07-01 16:00:00-04:00 exit=271.02@2020-03-02 16:00:00-05:00 pnl=6945412.08 pnlcomm=6473520.50 commission=471891.58 bars=168
2026-10-03 14:08:19.383 INFO webull.main   #61 EFA LONG size=6496211 entry=54.09@2019-07-01 16:00:00-04:00 exit=51.19@2020-03-02 16:00:00-05:00 pnl=-18189380.94 pnlcomm=-18643037.77 commission=453656.83 bars=168
2026-10-03 14:08:19.384 INFO webull.main   #62 VNQ LONG size=5487807 entry=65.08@2019-02-01 16:00:00-05:00 exit=67.89@2020-03-02 16:00:00-05:00 pnl=31648526.05 pnlcomm=31104861.81 commission=543664.23 bars=271
2026-10-03 14:08:19.384 INFO webull.main   #63 DBC LONG size=30630467 entry=11.76@2020-09-01 16:00:00-04:00 exit=10.99@2020-11-02 16:00:00-05:00 pnl=-25534386.47 pnlcomm=-25938271.92 commission=403885.44 bars=43
2026-10-03 14:08:19.384 INFO webull.main   #64 IEF LONG size=4244227 entry=91.98@2018-12-03 16:00:00-05:00 exit=102.18@2020-12-01 16:00:00-05:00 pnl=71105660.49 pnlcomm=70402803.12 commission=702857.38 bars=502
2026-10-03 14:08:19.384 INFO webull.main   #65 IEF LONG size=4356024 entry=100.88@2021-08-02 16:00:00-04:00 exit=98.89@2021-10-01 16:00:00-04:00 pnl=-9040533.90 pnlcomm=-9520752.23 commission=480218.33 bars=43
2026-10-03 14:08:19.384 INFO webull.main   #66 EFA LONG size=6839841 entry=57.92@2020-08-03 16:00:00-04:00 exit=66.51@2021-12-01 16:00:00-05:00 pnl=90193525.69 pnlcomm=89525306.50 commission=668219.19 bars=336
2026-10-03 14:08:19.384 INFO webull.main   #67 EFA LONG size=6684579 entry=68.84@2022-01-03 16:00:00-05:00 exit=66.41@2022-02-01 16:00:00-05:00 pnl=-16541739.31 pnlcomm=-17015918.47 commission=474179.16 bars=20
2026-10-03 14:08:19.384 INFO webull.main   #68 IEF LONG size=4416346 entry=99.01@2021-12-01 16:00:00-05:00 exit=96.76@2022-02-01 16:00:00-05:00 pnl=-10762187.42 pnlcomm=-11257230.53 commission=495043.11 bars=42
2026-10-03 14:08:19.384 INFO webull.main   #69 SPY LONG size=1250773 entry=336.82@2020-06-01 16:00:00-04:00 exit=408.12@2022-03-01 16:00:00-05:00 pnl=150144225.59 pnlcomm=149340133.30 commission=804092.29 bars=441
2026-10-03 14:08:19.384 INFO webull.main   #70 VNQ LONG size=5450626 entry=75.93@2020-12-01 16:00:00-05:00 exit=85.37@2022-03-01 16:00:00-05:00 pnl=98132915.18 pnlcomm=97384377.56 commission=748537.62 bars=313
2026-10-03 14:08:19.384 INFO webull.main   #71 SPY LONG size=1070570 entry=425.07@2022-04-01 16:00:00-04:00 exit=387.77@2022-05-02 16:00:00-04:00 pnl=-43058542.81 pnlcomm=-43541686.33 commission=483143.52 bars=20
2026-10-03 14:08:19.384 INFO webull.main   #72 VNQ LONG size=5028181 entry=91.00@2022-04-01 16:00:00-04:00 exit=86.73@2022-05-02 16:00:00-04:00 pnl=-20843418.00 pnlcomm=-21320127.49 commission=476709.50 bars=20
2026-10-03 14:08:19.384 INFO webull.main   #73 DBC LONG size=30000289 entry=19.28@2020-12-01 16:00:00-05:00 exit=21.26@2022-10-03 16:00:00-04:00 pnl=248591164.51 pnlcomm=247350328.97 commission=1240835.53 bars=462
2026-10-03 14:08:19.384 INFO webull.main   #74 SPY LONG size=1131163 entry=386.72@2022-12-01 16:00:00-05:00 exit=366.43@2023-01-03 16:00:00-05:00 pnl=-24680122.50 pnlcomm=-25143934.25 commission=463811.75 bars=21
2026-10-03 14:08:19.384 INFO webull.main   #75 IEF LONG size=5037835 entry=87.06@2023-02-01 16:00:00-05:00 exit=83.63@2023-03-01 16:00:00-05:00 pnl=-17707920.21 pnlcomm=-18151607.79 commission=443687.59 bars=19
2026-10-03 14:08:19.384 INFO webull.main   #76 VNQ LONG size=5577519 entry=78.01@2023-02-01 16:00:00-05:00 exit=73.33@2023-03-01 16:00:00-05:00 pnl=-26940225.68 pnlcomm=-27388670.49 commission=448444.81 bars=19
2026-10-03 14:08:19.384 INFO webull.main   #77 IEF LONG size=4931044 entry=86.99@2023-04-03 16:00:00-04:00 exit=84.53@2023-08-01 16:00:00-04:00 pnl=-12858764.18 pnlcomm=-13364724.89 commission=505960.71 bars=82
2026-10-03 14:08:19.384 INFO webull.main   #78 VNQ LONG size=5959790 entry=73.49@2023-07-03 16:00:00-04:00 exit=72.94@2023-09-01 16:00:00-04:00 pnl=-3036881.61 pnlcomm=-3515352.96 commission=478471.35 bars=43
2026-10-03 14:08:19.384 INFO webull.main   #79 EFA LONG size=7327811 entry=61.48@2022-12-01 16:00:00-05:00 exit=62.29@2023-10-02 16:00:00-04:00 pnl=14820207.05 pnlcomm=14187277.36 commission=632929.69 bars=208
2026-10-03 14:08:19.384 INFO webull.main   #80 SPY LONG size=1129034 entry=391.93@2023-02-01 16:00:00-05:00 exit=404.08@2023-11-01 16:00:00-04:00 pnl=20388135.30 pnlcomm=19785710.16 commission=602425.14 bars=189
2026-10-03 14:08:19.384 INFO webull.main   #81 DBC LONG size=20592499 entry=21.33@2023-08-01 16:00:00-04:00 exit=20.32@2024-01-02 16:00:00-05:00 pnl=-21747906.75 pnlcomm=-22319150.62 commission=571243.87 bars=106
2026-10-03 14:08:19.384 INFO webull.main   #82 IEF LONG size=5044019 entry=86.37@2024-01-02 16:00:00-05:00 exit=83.34@2024-05-01 16:00:00-04:00 pnl=-16734726.50 pnlcomm=-17232338.90 commission=497612.40 bars=83
2026-10-03 14:08:19.384 INFO webull.main   #83 VNQ LONG size=5852827 entry=73.55@2023-12-01 16:00:00-05:00 exit=72.11@2024-05-01 16:00:00-04:00 pnl=-2477478.08 pnlcomm=-3035838.16 commission=558360.08 bars=103
2026-10-03 14:08:19.384 INFO webull.main   #84 DBC LONG size=21378345 entry=21.20@2024-04-01 16:00:00-04:00 exit=20.71@2024-08-01 16:00:00-04:00 pnl=-9616240.05 pnlcomm=-10177366.20 commission=561126.15 bars=85
2026-10-03 14:08:19.384 INFO webull.main   #85 EFA LONG size=6450952 entry=68.74@2023-12-01 16:00:00-05:00 exit=74.11@2024-12-02 16:00:00-05:00 pnl=52622019.61 pnlcomm=51962541.75 commission=659477.85 bars=251
2026-10-03 14:08:19.384 INFO webull.main   #86 IEF LONG size=5244507 entry=85.61@2024-06-03 16:00:00-04:00 exit=86.53@2025-01-02 16:00:00-05:00 pnl=8980742.17 pnlcomm=8409578.62 commission=571163.55 bars=147
2026-10-03 14:08:19.384 INFO webull.main   #87 SPY LONG size=966047 entry=486.63@2023-12-01 16:00:00-05:00 exit=548.08@2025-04-01 16:00:00-04:00 pnl=100090369.44 pnlcomm=99345358.35 commission=745011.09 bars=332
2026-10-03 14:08:19.384 INFO webull.main   #88 VNQ LONG size=5875128 entry=79.57@2024-06-03 16:00:00-04:00 exit=85.77@2025-04-01 16:00:00-04:00 pnl=57797585.54 pnlcomm=57082966.58 commission=714618.97 bars=207
2026-10-03 14:08:19.384 INFO webull.main   #89 DBC LONG size=21899152 entry=21.23@2025-02-03 16:00:00-05:00 exit=19.89@2025-05-01 16:00:00-04:00 pnl=-31364591.54 pnlcomm=-31909886.92 commission=545295.39 bars=61
2026-10-03 14:08:19.384 INFO webull.main   #90 SPY LONG size=804519 entry=605.33@2025-06-02 16:00:00-04:00 exit=650.28@2026-04-01 16:00:00-04:00 pnl=55710439.11 pnlcomm=55011081.21 commission=699357.91 bars=209
2026-10-03 14:08:19.384 INFO webull.main   #91 VNQ LONG size=5497944 entry=87.49@2025-09-02 16:00:00-04:00 exit=87.13@2026-04-01 16:00:00-04:00 pnl=-474567.07 pnlcomm=-1152902.34 commission=678335.27 bars=146
2026-10-03 14:08:19.384 INFO webull.main   #92 IEF LONG size=5277445 entry=90.54@2025-03-03 16:00:00-05:00 exit=92.58@2026-06-01 16:00:00-04:00 pnl=18492743.40 pnlcomm=17702347.05 commission=790396.34 bars=313
2026-10-03 14:08:19.384 INFO webull.main   #93 VNQ LONG size=5703919 entry=95.20@2026-05-01 16:00:00-04:00 exit=89.31@2026-10-01 16:00:00-04:00 pnl=-33338368.10 pnlcomm=-34056602.34 commission=718234.24 bars=105
2026-10-03 14:08:19.384 INFO webull.main ============================================================
2026-10-03 14:08:19.384 INFO webull.main [Backtest] visualization disabled (WEBULL_VISUALIZE=false)
2026-10-03 14:08:19.748 INFO webull.harness [Harness] in_sample     2005-11-01..2024-10-02  kit Sharpe 0.6100  our Sharpe 0.4868  ann 4.69%  max DD -15.99%  orders 15840 (refused 1)
2026-10-03 14:08:19.748 INFO webull.harness [Harness] out_of_sample 2024-10-03..2026-10-02  kit Sharpe 1.1329  our Sharpe 0.6741  ann 7.86%  max DD -6.43%  orders 2032 (refused 0)
2026-10-03 14:08:19.748 INFO webull.harness [Harness] full          2005-01-03..2026-10-02  kit Sharpe 0.6399  our Sharpe 0.4921  ann 4.79%  max DD -15.99%  orders 17875 (refused 1)
2026-10-03 14:08:19.770 INFO webull.harness [Harness] metrics written: <scratch>/kit_native/native_gtaa/reserve/bhfalse_guide_1e9_r0.005.json
