2026-10-03 14:08:15.510 INFO webull.main [Backtest] strategy=gqh_gtaa symbols=['SPY', 'EFA', 'IEF', 'VNQ', 'DBC'] params={'buy_and_hold': False, 'reserve': 0}
2026-10-03 14:08:15.515 INFO webull.main [Backtest] starting cash: 1000000000.00
2026-10-03 14:08:19.296 INFO webull.main ============================================================
2026-10-03 14:08:19.296 INFO webull.main [Backtest] Result Summary
2026-10-03 14:08:19.296 INFO webull.main ============================================================
2026-10-03 14:08:19.296 INFO webull.main Starting cash    : 1000000000.00
2026-10-03 14:08:19.297 INFO webull.main Final cash       : 2865547612.67
2026-10-03 14:08:19.297 INFO webull.main Net P&L          : 1865547612.67 (186.55%)
2026-10-03 14:08:19.297 INFO webull.main Max drawdown     : 16.07% (222000346.03)
2026-10-03 14:08:19.297 INFO webull.main Sharpe ratio     : 0.6703 (annualized)
2026-10-03 14:08:19.297 INFO webull.main Total trades     : 91 (won=40, lost=48, win rate=43.96%)
2026-10-03 14:08:19.297 INFO webull.main Trades net P&L   : 1404771449.22
2026-10-03 14:08:19.297 INFO webull.main ============================================================
2026-10-03 14:08:19.297 INFO webull.main [Backtest] Trade-by-trade detail (88 closed trade(s)):
2026-10-03 14:08:19.297 INFO webull.main   #1 IEF LONG size=4249369 entry=48.33@2006-01-03 16:00:00-05:00 exit=48.03@2006-02-01 16:00:00-05:00 pnl=-1294637.39 pnlcomm=-1513709.64 commission=219072.25 bars=20
2026-10-03 14:08:19.297 INFO webull.main   #2 IEF LONG size=4560701 entry=48.61@2006-08-01 16:00:00-04:00 exit=49.72@2007-07-02 16:00:00-04:00 pnl=8343654.50 pnlcomm=8017333.86 commission=326320.64 bars=230
2026-10-03 14:08:19.297 INFO webull.main   #3 VNQ LONG size=8302371 entry=29.36@2005-11-01 16:00:00-05:00 exit=31.96@2007-07-02 16:00:00-04:00 pnl=62472853.87 pnlcomm=61999041.30 commission=473812.57 bars=417
2026-10-03 14:08:19.297 INFO webull.main   #4 SPY LONG size=2443456 entry=92.58@2005-11-01 16:00:00-05:00 exit=104.06@2008-01-02 16:00:00-05:00 pnl=54106251.53 pnlcomm=53669309.34 commission=436942.19 bars=544
2026-10-03 14:08:19.297 INFO webull.main   #5 EFA LONG size=6616045 entry=38.38@2005-11-01 16:00:00-05:00 exit=45.28@2008-01-02 16:00:00-05:00 pnl=92411506.32 pnlcomm=91871447.84 commission=540058.48 bars=544
2026-10-03 14:08:19.297 INFO webull.main   #6 VNQ LONG size=8743650 entry=30.52@2008-05-01 16:00:00-04:00 exit=26.78@2008-07-01 16:00:00-04:00 pnl=-37802943.20 pnlcomm=-38144355.24 commission=341412.04 bars=42
2026-10-03 14:08:19.297 INFO webull.main   #7 DBC LONG size=11646836 entry=28.07@2007-07-02 16:00:00-04:00 exit=27.87@2008-10-01 16:00:00-04:00 pnl=81075251.17 pnlcomm=80406235.65 commission=669015.53 bars=316
2026-10-03 14:08:19.297 INFO webull.main   #8 VNQ LONG size=9077399 entry=24.48@2008-09-02 16:00:00-04:00 exit=19.74@2008-11-03 16:00:00-05:00 pnl=-81730800.08 pnlcomm=-82188962.67 commission=458162.59 bars=44
2026-10-03 14:08:19.297 INFO webull.main   #9 IEF LONG size=4732930 entry=56.09@2007-08-01 16:00:00-04:00 exit=60.01@2009-06-01 16:00:00-04:00 pnl=43750494.40 pnlcomm=43162417.15 commission=588077.25 bars=461
2026-10-03 14:08:19.297 INFO webull.main   #10 IEF LONG size=4260003 entry=62.10@2009-10-01 16:00:00-04:00 exit=60.42@2010-01-04 16:00:00-05:00 pnl=-7948361.87 pnlcomm=-8303173.26 commission=354811.38 bars=64
2026-10-03 14:08:19.297 INFO webull.main   #11 DBC LONG size=12831841 entry=19.83@2009-08-03 16:00:00-04:00 exit=19.29@2010-02-01 16:00:00-05:00 pnl=-7890344.50 pnlcomm=-8229324.92 commission=338980.42 bars=125
2026-10-03 14:08:19.297 INFO webull.main   #12 IEF LONG size=4296237 entry=61.68@2010-02-01 16:00:00-05:00 exit=61.21@2010-04-01 16:00:00-04:00 pnl=-2165561.80 pnlcomm=-2468426.55 commission=302864.75 bars=42
2026-10-03 14:08:19.297 INFO webull.main   #13 EFA LONG size=8693450 entry=30.21@2009-06-01 16:00:00-04:00 exit=29.18@2010-06-01 16:00:00-04:00 pnl=3928834.32 pnlcomm=3472097.88 commission=456736.45 bars=252
2026-10-03 14:08:19.297 INFO webull.main   #14 DBC LONG size=14197337 entry=20.14@2010-04-01 16:00:00-04:00 exit=18.39@2010-06-01 16:00:00-04:00 pnl=-23952717.74 pnlcomm=-24238471.81 commission=285754.07 bars=41
2026-10-03 14:08:19.297 INFO webull.main   #15 SPY LONG size=3569179 entry=72.20@2009-07-01 16:00:00-04:00 exit=77.43@2010-07-01 16:00:00-04:00 pnl=33578784.11 pnlcomm=33207439.83 commission=371344.28 bars=252
2026-10-03 14:08:19.297 INFO webull.main   #16 SPY LONG size=3256773 entry=83.96@2010-08-02 16:00:00-04:00 exit=80.12@2010-09-01 16:00:00-04:00 pnl=-12919021.11 pnlcomm=-13201807.18 commission=282786.07 bars=22
2026-10-03 14:08:19.297 INFO webull.main   #17 EFA LONG size=8377575 entry=32.83@2010-08-02 16:00:00-04:00 exit=31.72@2010-09-01 16:00:00-04:00 pnl=-9749698.17 pnlcomm=-10039522.50 commission=289824.32 bars=22
2026-10-03 14:08:19.297 INFO webull.main   #18 IEF LONG size=4603445 entry=64.16@2010-05-03 16:00:00-04:00 exit=65.53@2011-01-03 16:00:00-05:00 pnl=14754615.80 pnlcomm=14300291.06 commission=454324.74 bars=170
2026-10-03 14:08:19.297 INFO webull.main   #19 SPY LONG size=3117845 entry=89.61@2010-10-01 16:00:00-04:00 exit=93.65@2011-09-01 16:00:00-04:00 pnl=21139316.50 pnlcomm=20751346.52 commission=387969.98 bars=232
2026-10-03 14:08:19.297 INFO webull.main   #20 EFA LONG size=7888007 entry=35.04@2010-10-01 16:00:00-04:00 exit=34.01@2011-09-01 16:00:00-04:00 pnl=-1498039.01 pnlcomm=-1972709.23 commission=474670.22 bars=232
2026-10-03 14:08:19.297 INFO webull.main   #21 VNQ LONG size=14326410 entry=26.04@2009-08-03 16:00:00-04:00 exit=31.47@2011-09-01 16:00:00-04:00 pnl=165347563.95 pnlcomm=164536276.51 commission=811287.44 bars=526
2026-10-03 14:08:19.297 INFO webull.main   #22 DBC LONG size=11964119 entry=23.89@2011-01-03 16:00:00-05:00 exit=21.39@2011-10-03 16:00:00-04:00 pnl=-25050782.40 pnlcomm=-25468763.21 commission=417980.81 bars=189
2026-10-03 14:08:19.297 INFO webull.main   #23 VNQ LONG size=8598585 entry=31.08@2011-11-01 16:00:00-04:00 exit=30.89@2011-12-01 16:00:00-05:00 pnl=-1754173.99 pnlcomm=-2068495.84 commission=314321.85 bars=21
2026-10-03 14:08:19.297 INFO webull.main   #24 EFA LONG size=7957487 entry=35.08@2012-03-01 16:00:00-05:00 exit=30.30@2012-06-01 16:00:00-04:00 pnl=-43805320.47 pnlcomm=-44138330.29 commission=333009.82 bars=64
2026-10-03 14:08:19.297 INFO webull.main   #25 IEF LONG size=4358044 entry=74.16@2011-06-01 16:00:00-04:00 exit=78.40@2013-02-01 16:00:00-05:00 pnl=37391227.89 pnlcomm=36744373.04 commission=646854.85 bars=420
2026-10-03 14:08:19.297 INFO webull.main   #26 DBC LONG size=12352431 entry=24.13@2013-02-01 16:00:00-05:00 exit=22.71@2013-03-01 16:00:00-05:00 pnl=-18216526.90 pnlcomm=-18521098.17 commission=304571.28 bars=19
2026-10-03 14:08:19.297 INFO webull.main   #27 IEF LONG size=3777025 entry=79.33@2013-04-01 16:00:00-04:00 exit=77.74@2013-06-03 16:00:00-04:00 pnl=-6109302.65 pnlcomm=-6444767.68 commission=335465.03 bars=44
2026-10-03 14:08:19.297 INFO webull.main   #28 VNQ LONG size=8555941 entry=36.16@2012-01-03 16:00:00-05:00 exit=38.16@2013-09-03 16:00:00-04:00 pnl=42262800.61 pnlcomm=41718077.65 commission=544722.96 bars=418
2026-10-03 14:08:19.297 INFO webull.main   #29 VNQ LONG size=7518306 entry=41.23@2013-11-01 16:00:00-04:00 exit=38.92@2013-12-02 16:00:00-05:00 pnl=-18348267.74 pnlcomm=-18669311.03 commission=321043.28 bars=20
2026-10-03 14:08:19.297 INFO webull.main   #30 EFA LONG size=8302450 entry=39.45@2012-09-04 16:00:00-04:00 exit=44.89@2014-10-01 16:00:00-04:00 pnl=83939951.56 pnlcomm=83336194.77 commission=603756.79 bars=521
2026-10-03 14:08:19.297 INFO webull.main   #31 VNQ LONG size=7500751 entry=44.62@2014-02-03 16:00:00-05:00 exit=50.14@2015-06-01 16:00:00-04:00 pnl=68972650.88 pnlcomm=68429075.13 commission=543575.75 bars=333
2026-10-03 14:08:19.297 INFO webull.main   #32 IEF LONG size=3984460 entry=78.39@2014-02-03 16:00:00-05:00 exit=80.55@2015-07-01 16:00:00-04:00 pnl=16823568.44 pnlcomm=16281754.70 commission=541813.74 bars=355
2026-10-03 14:08:19.297 INFO webull.main   #33 SPY LONG size=2753909 entry=138.85@2012-02-01 16:00:00-05:00 exit=160.53@2015-09-01 16:00:00-04:00 pnl=140035019.25 pnlcomm=139247233.63 commission=787785.62 bars=901
2026-10-03 14:08:19.297 INFO webull.main   #34 EFA LONG size=7354303 entry=46.19@2015-03-02 16:00:00-05:00 exit=42.12@2015-09-01 16:00:00-04:00 pnl=-29890911.15 pnlcomm=-30326152.85 commission=435241.69 bars=128
2026-10-03 14:08:19.297 INFO webull.main   #35 IEF LONG size=4109391 entry=82.24@2015-08-03 16:00:00-04:00 exit=82.42@2015-09-01 16:00:00-04:00 pnl=951660.18 pnlcomm=596974.85 commission=354685.33 bars=21
2026-10-03 14:08:19.297 INFO webull.main   #36 IEF LONG size=3892592 entry=83.61@2015-10-01 16:00:00-04:00 exit=82.62@2016-01-04 16:00:00-05:00 pnl=-4242471.39 pnlcomm=-4601319.03 commission=358847.65 bars=64
2026-10-03 14:08:19.297 INFO webull.main   #37 SPY LONG size=1867176 entry=172.78@2015-11-02 16:00:00-05:00 exit=161.83@2016-02-01 16:00:00-05:00 pnl=-23130331.96 pnlcomm=-23513384.52 commission=383052.56 bars=61
2026-10-03 14:08:19.297 INFO webull.main   #38 EFA LONG size=7689810 entry=42.16@2016-06-01 16:00:00-04:00 exit=41.57@2016-07-01 16:00:00-04:00 pnl=-5314816.08 pnlcomm=-5682049.64 commission=367233.56 bars=22
2026-10-03 14:08:19.297 INFO webull.main   #39 IEF LONG size=3746139 entry=85.71@2016-02-01 16:00:00-05:00 exit=86.57@2016-11-01 16:00:00-04:00 pnl=6212508.63 pnlcomm=5764482.11 commission=448026.52 bars=191
2026-10-03 14:08:19.297 INFO webull.main   #40 VNQ LONG size=6302367 entry=53.00@2015-11-02 16:00:00-05:00 exit=54.63@2016-11-01 16:00:00-04:00 pnl=20549902.34 pnlcomm=19987682.39 commission=562219.95 bars=252
2026-10-03 14:08:19.298 INFO webull.main   #41 EFA LONG size=7788116 entry=43.11@2016-08-01 16:00:00-04:00 exit=42.23@2016-12-01 16:00:00-05:00 pnl=-6541972.09 pnlcomm=-6920243.84 commission=378271.76 bars=86
2026-10-03 14:08:19.298 INFO webull.main   #42 VNQ LONG size=5837123 entry=58.21@2017-03-01 16:00:00-05:00 exit=56.85@2017-04-03 16:00:00-04:00 pnl=-8485839.95 pnlcomm=-8840038.06 commission=354198.12 bars=23
2026-10-03 14:08:19.298 INFO webull.main   #43 DBC LONG size=26301446 entry=12.46@2016-05-02 16:00:00-04:00 exit=12.51@2017-05-01 16:00:00-04:00 pnl=7964437.01 pnlcomm=7463852.30 commission=500584.71 bars=251
2026-10-03 14:08:19.298 INFO webull.main   #44 IEF LONG size=4011463 entry=85.49@2017-06-01 16:00:00-04:00 exit=85.15@2017-12-01 16:00:00-05:00 pnl=-1284573.42 pnlcomm=-1683424.09 commission=398850.67 bars=128
2026-10-03 14:08:19.298 INFO webull.main   #45 VNQ LONG size=5922655 entry=58.21@2017-07-03 16:00:00-04:00 exit=56.54@2018-02-01 16:00:00-05:00 pnl=-10441003.92 pnlcomm=-10897795.87 commission=456791.95 bars=147
2026-10-03 14:08:19.298 INFO webull.main   #46 EFA LONG size=7716292 entry=46.55@2017-01-03 16:00:00-05:00 exit=54.01@2018-06-01 16:00:00-04:00 pnl=74244029.95 pnlcomm=73721499.23 commission=522530.72 bars=355
2026-10-03 14:08:19.298 INFO webull.main   #47 EFA LONG size=6771385 entry=54.16@2018-08-01 16:00:00-04:00 exit=52.39@2018-09-04 16:00:00-04:00 pnl=-12429450.22 pnlcomm=-12810258.62 commission=380808.40 bars=23
2026-10-03 14:08:19.298 INFO webull.main   #48 IEF LONG size=4420959 entry=83.78@2018-09-04 16:00:00-04:00 exit=82.71@2018-10-01 16:00:00-04:00 pnl=-4808462.85 pnlcomm=-5184552.20 commission=376089.35 bars=19
2026-10-03 14:08:19.298 INFO webull.main   #49 SPY LONG size=1872207 entry=202.18@2016-04-01 16:00:00-04:00 exit=240.84@2018-11-01 16:00:00-04:00 pnl=116539390.94 pnlcomm=115838565.60 commission=700825.34 bars=653
2026-10-03 14:08:19.298 INFO webull.main   #50 DBC LONG size=26124125 entry=14.05@2017-12-01 16:00:00-05:00 exit=14.40@2018-11-01 16:00:00-04:00 pnl=18761744.78 pnlcomm=18207245.02 commission=554499.76 bars=231
2026-10-03 14:08:19.298 INFO webull.main   #51 SPY LONG size=1480627 entry=246.03@2018-12-03 16:00:00-05:00 exit=219.48@2019-01-02 16:00:00-05:00 pnl=-44031116.63 pnlcomm=-44422363.86 commission=391247.22 bars=19
2026-10-03 14:08:19.298 INFO webull.main   #52 VNQ LONG size=6379672 entry=57.31@2018-06-01 16:00:00-04:00 exit=54.99@2019-01-02 16:00:00-05:00 pnl=-9615365.52 pnlcomm=-10118041.90 commission=502676.38 bars=147
2026-10-03 14:08:19.298 INFO webull.main   #53 SPY LONG size=1402802 entry=250.66@2019-03-01 16:00:00-05:00 exit=246.64@2019-06-03 16:00:00-04:00 pnl=-4952257.70 pnlcomm=-5340857.48 commission=388599.78 bars=64
2026-10-03 14:08:19.298 INFO webull.main   #54 EFA LONG size=6858986 entry=52.17@2019-04-01 16:00:00-04:00 exit=50.63@2019-06-03 16:00:00-04:00 pnl=-10631220.30 pnlcomm=-11013017.25 commission=381796.94 bars=43
2026-10-03 14:08:19.298 INFO webull.main   #55 SPY LONG size=1341849 entry=269.55@2019-07-01 16:00:00-04:00 exit=271.02@2020-03-02 16:00:00-05:00 pnl=6395599.61 pnlcomm=5911501.86 commission=484097.75 bars=168
2026-10-03 14:08:19.298 INFO webull.main   #56 EFA LONG size=6619763 entry=54.12@2019-07-01 16:00:00-04:00 exit=51.19@2020-03-02 16:00:00-05:00 pnl=-19291394.72 pnlcomm=-19757534.19 commission=466139.46 bars=168
2026-10-03 14:08:19.298 INFO webull.main   #57 VNQ LONG size=5591769 entry=65.11@2019-02-01 16:00:00-05:00 exit=67.89@2020-03-02 16:00:00-05:00 pnl=31720558.88 pnlcomm=31164938.59 commission=555620.29 bars=271
2026-10-03 14:08:19.298 INFO webull.main   #58 DBC LONG size=31851711 entry=11.76@2020-09-01 16:00:00-04:00 exit=10.99@2020-11-02 16:00:00-05:00 pnl=-26552490.62 pnlcomm=-26972383.09 commission=419892.47 bars=43
2026-10-03 14:08:19.298 INFO webull.main   #59 IEF LONG size=4325442 entry=92.02@2018-12-03 16:00:00-05:00 exit=102.18@2020-12-01 16:00:00-05:00 pnl=73012480.68 pnlcomm=72289904.80 commission=722575.89 bars=502
2026-10-03 14:08:19.298 INFO webull.main   #60 IEF LONG size=4534074 entry=100.88@2021-08-02 16:00:00-04:00 exit=98.89@2021-10-01 16:00:00-04:00 pnl=-9407977.09 pnlcomm=-9907469.19 commission=499492.10 bars=43
2026-10-03 14:08:19.298 INFO webull.main   #61 EFA LONG size=7111885 entry=57.91@2020-08-03 16:00:00-04:00 exit=66.51@2021-12-01 16:00:00-05:00 pnl=93794658.02 pnlcomm=93100124.57 commission=694533.44 bars=336
2026-10-03 14:08:19.298 INFO webull.main   #62 EFA LONG size=6901633 entry=69.29@2022-01-04 16:00:00-05:00 exit=66.41@2022-02-01 16:00:00-05:00 pnl=-20457258.63 pnlcomm=-20948499.45 commission=491240.82 bars=19
2026-10-03 14:08:19.298 INFO webull.main   #63 IEF LONG size=4595243 entry=99.01@2021-12-01 16:00:00-05:00 exit=96.76@2022-02-01 16:00:00-05:00 pnl=-11198815.83 pnlcomm=-11713413.82 commission=514598.00 bars=42
2026-10-03 14:08:19.298 INFO webull.main   #64 SPY LONG size=1300408 entry=336.60@2020-06-01 16:00:00-04:00 exit=408.12@2022-03-01 16:00:00-05:00 pnl=156212604.80 pnlcomm=155377717.44 commission=834887.36 bars=441
2026-10-03 14:08:19.298 INFO webull.main   #65 VNQ LONG size=5668147 entry=75.32@2020-12-01 16:00:00-05:00 exit=85.37@2022-03-01 16:00:00-05:00 pnl=102731696.31 pnlcomm=101973725.90 commission=757970.40 bars=313
2026-10-03 14:08:19.298 INFO webull.main   #66 SPY LONG size=1112849 entry=425.08@2022-04-01 16:00:00-04:00 exit=387.77@2022-05-02 16:00:00-04:00 pnl=-44760871.09 pnlcomm=-45263039.45 commission=502168.36 bars=20
2026-10-03 14:08:19.298 INFO webull.main   #67 VNQ LONG size=5226752 entry=91.00@2022-04-01 16:00:00-04:00 exit=86.73@2022-05-02 16:00:00-04:00 pnl=-21666953.68 pnlcomm=-22162460.35 commission=495506.67 bars=20
2026-10-03 14:08:19.298 INFO webull.main   #68 DBC LONG size=31197528 entry=19.14@2020-12-01 16:00:00-05:00 exit=21.26@2022-10-03 16:00:00-04:00 pnl=257582167.59 pnlcomm=256358129.45 commission=1224038.14 bars=462
2026-10-03 14:08:19.298 INFO webull.main   #69 SPY LONG size=1175598 entry=386.73@2022-12-01 16:00:00-05:00 exit=366.43@2023-01-03 16:00:00-05:00 pnl=-25649685.99 pnlcomm=-26131627.01 commission=481941.02 bars=21
2026-10-03 14:08:19.298 INFO webull.main   #70 IEF LONG size=5235722 entry=87.06@2023-02-01 16:00:00-05:00 exit=83.63@2023-03-01 16:00:00-05:00 pnl=-18403510.62 pnlcomm=-18864645.57 commission=461134.95 bars=19
2026-10-03 14:08:19.298 INFO webull.main   #71 VNQ LONG size=5796604 entry=78.01@2023-02-01 16:00:00-05:00 exit=73.33@2023-03-01 16:00:00-05:00 pnl=-27996771.20 pnlcomm=-28462731.23 commission=465960.03 bars=19
2026-10-03 14:08:19.298 INFO webull.main   #72 IEF LONG size=5124257 entry=86.99@2023-04-03 16:00:00-04:00 exit=84.53@2023-08-01 16:00:00-04:00 pnl=-13364350.06 pnlcomm=-13890191.19 commission=525841.13 bars=82
2026-10-03 14:08:19.298 INFO webull.main   #73 VNQ LONG size=6193920 entry=73.49@2023-07-03 16:00:00-04:00 exit=72.94@2023-09-01 16:00:00-04:00 pnl=-3157920.27 pnlcomm=-3655159.00 commission=497238.74 bars=43
2026-10-03 14:08:19.298 INFO webull.main   #74 EFA LONG size=7615666 entry=61.48@2022-12-01 16:00:00-05:00 exit=62.29@2023-10-02 16:00:00-04:00 pnl=15394326.69 pnlcomm=14737000.00 commission=657326.69 bars=208
2026-10-03 14:08:19.298 INFO webull.main   #75 SPY LONG size=1173383 entry=391.92@2023-02-01 16:00:00-05:00 exit=404.08@2023-11-01 16:00:00-04:00 pnl=21182646.56 pnlcomm=20556930.02 commission=625716.54 bars=189
2026-10-03 14:08:19.298 INFO webull.main   #76 DBC LONG size=21403024 entry=21.33@2023-08-01 16:00:00-04:00 exit=20.32@2024-01-02 16:00:00-05:00 pnl=-22599735.60 pnlcomm=-23193353.79 commission=593618.20 bars=106
2026-10-03 14:08:19.298 INFO webull.main   #77 IEF LONG size=5242151 entry=86.38@2024-01-02 16:00:00-05:00 exit=83.34@2024-05-01 16:00:00-04:00 pnl=-17354564.61 pnlcomm=-17869758.33 commission=515193.72 bars=83
2026-10-03 14:08:19.298 INFO webull.main   #78 VNQ LONG size=6081797 entry=73.53@2023-12-01 16:00:00-05:00 exit=72.11@2024-05-01 16:00:00-04:00 pnl=-2422974.37 pnlcomm=-3000933.77 commission=577959.40 bars=103
2026-10-03 14:08:19.298 INFO webull.main   #79 DBC LONG size=21062091 entry=21.34@2024-05-01 16:00:00-04:00 exit=20.71@2024-08-01 16:00:00-04:00 pnl=-13223075.35 pnlcomm=-13693528.34 commission=470452.99 bars=63
2026-10-03 14:08:19.298 INFO webull.main   #80 EFA LONG size=6703321 entry=68.74@2023-12-01 16:00:00-05:00 exit=74.11@2024-12-02 16:00:00-05:00 pnl=54730605.81 pnlcomm=54044998.91 commission=685606.89 bars=251
2026-10-03 14:08:19.298 INFO webull.main   #81 IEF LONG size=5443118 entry=85.61@2024-06-03 16:00:00-04:00 exit=86.53@2025-01-02 16:00:00-05:00 pnl=9329109.36 pnlcomm=8735794.95 commission=593314.41 bars=147
2026-10-03 14:08:19.298 INFO webull.main   #82 SPY LONG size=1003840 entry=486.54@2023-12-01 16:00:00-05:00 exit=548.08@2025-04-01 16:00:00-04:00 pnl=104101315.06 pnlcomm=103327370.43 commission=773944.63 bars=332
2026-10-03 14:08:19.298 INFO webull.main   #83 VNQ LONG size=6103975 entry=79.06@2024-06-04 16:00:00-04:00 exit=85.77@2025-04-01 16:00:00-04:00 pnl=64727302.09 pnlcomm=63992214.49 commission=735087.59 bars=206
2026-10-03 14:08:19.298 INFO webull.main   #84 DBC LONG size=22784200 entry=21.23@2025-02-03 16:00:00-05:00 exit=19.89@2025-05-01 16:00:00-04:00 pnl=-32590824.44 pnlcomm=-33138137.50 commission=547313.06 bars=61
2026-10-03 14:08:19.298 INFO webull.main   #85 SPY LONG size=837045 entry=605.33@2025-06-02 16:00:00-04:00 exit=650.28@2026-04-01 16:00:00-04:00 pnl=58000833.34 pnlcomm=57272916.47 commission=727916.87 bars=209
2026-10-03 14:08:19.298 INFO webull.main   #86 VNQ LONG size=5811726 entry=87.22@2025-09-04 16:00:00-04:00 exit=87.13@2026-04-01 16:00:00-04:00 pnl=1528176.83 pnlcomm=843662.34 commission=684514.49 bars=144
2026-10-03 14:08:19.298 INFO webull.main   #87 IEF LONG size=5491088 entry=90.51@2025-03-03 16:00:00-05:00 exit=92.58@2026-06-01 16:00:00-04:00 pnl=19247185.16 pnlcomm=18428895.28 commission=818289.88 bars=313
2026-10-03 14:08:19.298 INFO webull.main   #88 VNQ LONG size=5935712 entry=94.61@2026-05-04 16:00:00-04:00 exit=89.31@2026-10-01 16:00:00-04:00 pnl=-29739966.83 pnlcomm=-30485029.95 commission=745063.12 bars=104
2026-10-03 14:08:19.298 INFO webull.main ============================================================
2026-10-03 14:08:19.298 INFO webull.main [Backtest] visualization disabled (WEBULL_VISUALIZE=false)
2026-10-03 14:08:19.429 INFO webull.harness [Harness] in_sample     2005-11-01..2024-10-02  kit Sharpe 0.6422  our Sharpe 0.5207  ann 4.88%  max DD -16.07%  orders 15835 (refused 892)
2026-10-03 14:08:19.429 INFO webull.harness [Harness] out_of_sample 2024-10-03..2026-10-02  kit Sharpe 1.1408  our Sharpe 0.6821  ann 7.93%  max DD -6.46%  orders 2032 (refused 188)
2026-10-03 14:08:19.429 INFO webull.harness [Harness] full          2005-01-03..2026-10-02  kit Sharpe 0.6703  our Sharpe 0.5236  ann 4.97%  max DD -16.07%  orders 17870 (refused 1080)
2026-10-03 14:08:19.452 INFO webull.harness [Harness] metrics written: <scratch>/kit_native/native_gtaa/reserve/bhfalse_guide_1e9_r0.json
