2026-10-03 14:08:15.605 INFO webull.main [Backtest] strategy=gqh_gtaa symbols=['SPY', 'EFA', 'IEF', 'VNQ', 'DBC'] params={'buy_and_hold': False, 'reserve': 0.01}
2026-10-03 14:08:15.609 INFO webull.main [Backtest] starting cash: 100000.00
2026-10-03 14:08:19.318 INFO webull.main ============================================================
2026-10-03 14:08:19.318 INFO webull.main [Backtest] Result Summary
2026-10-03 14:08:19.318 INFO webull.main ============================================================
2026-10-03 14:08:19.318 INFO webull.main Starting cash    : 100000.00
2026-10-03 14:08:19.318 INFO webull.main Final cash       : 274807.60
2026-10-03 14:08:19.318 INFO webull.main Net P&L          : 174807.60 (174.81%)
2026-10-03 14:08:19.318 INFO webull.main Max drawdown     : 15.92% (21798.64)
2026-10-03 14:08:19.318 INFO webull.main Sharpe ratio     : 0.6393 (annualized)
2026-10-03 14:08:19.318 INFO webull.main Total trades     : 96 (won=40, lost=53, win rate=41.67%)
2026-10-03 14:08:19.318 INFO webull.main Trades net P&L   : 130495.59
2026-10-03 14:08:19.318 INFO webull.main ============================================================
2026-10-03 14:08:19.318 INFO webull.main [Backtest] Trade-by-trade detail (93 closed trade(s)):
2026-10-03 14:08:19.318 INFO webull.main   #1 IEF LONG size=421 entry=48.33@2006-01-03 16:00:00-05:00 exit=48.03@2006-02-01 16:00:00-05:00 pnl=-127.88 pnlcomm=-149.52 commission=21.63 bars=20
2026-10-03 14:08:19.318 INFO webull.main   #2 DBC LONG size=1146 entry=20.25@2006-12-01 16:00:00-05:00 exit=19.60@2007-02-01 16:00:00-05:00 pnl=-961.53 pnlcomm=-989.27 commission=27.74 bars=40
2026-10-03 14:08:19.318 INFO webull.main   #3 IEF LONG size=451 entry=48.66@2006-08-01 16:00:00-04:00 exit=49.72@2007-07-02 16:00:00-04:00 pnl=828.83 pnlcomm=795.74 commission=33.09 bars=230
2026-10-03 14:08:19.318 INFO webull.main   #4 VNQ LONG size=822 entry=29.52@2005-11-01 16:00:00-05:00 exit=31.96@2007-07-02 16:00:00-04:00 pnl=6159.42 pnlcomm=6111.84 commission=47.58 bars=417
2026-10-03 14:08:19.318 INFO webull.main   #5 SPY LONG size=242 entry=92.58@2005-11-01 16:00:00-05:00 exit=104.06@2008-01-02 16:00:00-05:00 pnl=5331.52 pnlcomm=5288.35 commission=43.17 bars=544
2026-10-03 14:08:19.318 INFO webull.main   #6 EFA LONG size=655 entry=38.34@2005-11-01 16:00:00-05:00 exit=45.28@2008-01-02 16:00:00-05:00 pnl=9096.93 pnlcomm=9043.98 commission=52.95 bars=544
2026-10-03 14:08:19.318 INFO webull.main   #7 VNQ LONG size=862 entry=30.52@2008-05-01 16:00:00-04:00 exit=26.78@2008-07-01 16:00:00-04:00 pnl=-3726.00 pnlcomm=-3759.66 commission=33.66 bars=42
2026-10-03 14:08:19.318 INFO webull.main   #8 DBC LONG size=1156 entry=27.92@2007-03-01 16:00:00-05:00 exit=27.87@2008-10-01 16:00:00-04:00 pnl=8928.91 pnlcomm=8856.45 commission=72.47 bars=401
2026-10-03 14:08:19.318 INFO webull.main   #9 VNQ LONG size=895 entry=24.48@2008-09-02 16:00:00-04:00 exit=19.74@2008-11-03 16:00:00-05:00 pnl=-8059.03 pnlcomm=-8104.27 commission=45.23 bars=44
2026-10-03 14:08:19.318 INFO webull.main   #10 IEF LONG size=467 entry=56.10@2007-08-01 16:00:00-04:00 exit=60.01@2009-06-01 16:00:00-04:00 pnl=4317.75 pnlcomm=4259.84 commission=57.91 bars=461
2026-10-03 14:08:19.318 INFO webull.main   #11 IEF LONG size=420 entry=62.10@2009-10-01 16:00:00-04:00 exit=60.42@2010-01-04 16:00:00-05:00 pnl=-782.86 pnlcomm=-817.93 commission=35.07 bars=64
2026-10-03 14:08:19.318 INFO webull.main   #12 DBC LONG size=1266 entry=19.84@2009-08-03 16:00:00-04:00 exit=19.29@2010-02-01 16:00:00-05:00 pnl=-689.16 pnlcomm=-726.40 commission=37.24 bars=125
2026-10-03 14:08:19.318 INFO webull.main   #13 IEF LONG size=424 entry=61.68@2010-02-01 16:00:00-05:00 exit=61.21@2010-04-01 16:00:00-04:00 pnl=-212.73 pnlcomm=-242.67 commission=29.93 bars=42
2026-10-03 14:08:19.318 INFO webull.main   #14 EFA LONG size=858 entry=30.19@2009-06-01 16:00:00-04:00 exit=29.18@2010-06-01 16:00:00-04:00 pnl=385.60 pnlcomm=340.64 commission=44.96 bars=252
2026-10-03 14:08:19.319 INFO webull.main   #15 DBC LONG size=1337 entry=19.98@2010-03-01 16:00:00-05:00 exit=18.39@2010-06-01 16:00:00-04:00 pnl=-2364.57 pnlcomm=-2396.09 commission=31.52 bars=64
2026-10-03 14:08:19.319 INFO webull.main   #16 SPY LONG size=352 entry=72.33@2009-07-01 16:00:00-04:00 exit=77.43@2010-07-01 16:00:00-04:00 pnl=3306.89 pnlcomm=3270.03 commission=36.86 bars=252
2026-10-03 14:08:19.319 INFO webull.main   #17 SPY LONG size=321 entry=83.97@2010-08-02 16:00:00-04:00 exit=80.12@2010-09-01 16:00:00-04:00 pnl=-1275.86 pnlcomm=-1303.77 commission=27.91 bars=22
2026-10-03 14:08:19.319 INFO webull.main   #18 EFA LONG size=827 entry=32.83@2010-08-02 16:00:00-04:00 exit=31.72@2010-09-01 16:00:00-04:00 pnl=-961.25 pnlcomm=-989.89 commission=28.64 bars=22
2026-10-03 14:08:19.319 INFO webull.main   #19 IEF LONG size=454 entry=64.35@2010-05-03 16:00:00-04:00 exit=65.53@2011-01-03 16:00:00-05:00 pnl=1429.99 pnlcomm=1383.83 commission=46.16 bars=170
2026-10-03 14:08:19.319 INFO webull.main   #20 SPY LONG size=308 entry=89.69@2010-10-01 16:00:00-04:00 exit=93.65@2011-09-01 16:00:00-04:00 pnl=2098.46 pnlcomm=2059.37 commission=39.08 bars=232
2026-10-03 14:08:19.319 INFO webull.main   #21 EFA LONG size=778 entry=35.04@2010-10-01 16:00:00-04:00 exit=34.01@2011-09-01 16:00:00-04:00 pnl=-181.94 pnlcomm=-229.08 commission=47.14 bars=232
2026-10-03 14:08:19.319 INFO webull.main   #22 VNQ LONG size=1414 entry=26.34@2009-08-03 16:00:00-04:00 exit=31.47@2011-09-01 16:00:00-04:00 pnl=16464.14 pnlcomm=16379.06 commission=85.08 bars=526
2026-10-03 14:08:19.319 INFO webull.main   #23 DBC LONG size=1301 entry=22.63@2010-10-01 16:00:00-04:00 exit=21.39@2011-10-03 16:00:00-04:00 pnl=1313.57 pnlcomm=1260.90 commission=52.66 bars=253
2026-10-03 14:08:19.319 INFO webull.main   #24 VNQ LONG size=872 entry=31.08@2011-11-01 16:00:00-04:00 exit=30.89@2011-12-01 16:00:00-05:00 pnl=-178.02 pnlcomm=-209.95 commission=31.93 bars=21
2026-10-03 14:08:19.319 INFO webull.main   #25 EFA LONG size=807 entry=35.15@2012-03-01 16:00:00-05:00 exit=30.30@2012-06-01 16:00:00-04:00 pnl=-4379.95 pnlcomm=-4412.24 commission=32.29 bars=64
2026-10-03 14:08:19.319 INFO webull.main   #26 DBC LONG size=1150 entry=24.64@2012-03-01 16:00:00-05:00 exit=21.03@2012-06-01 16:00:00-04:00 pnl=-4650.11 pnlcomm=-4681.36 commission=31.25 bars=64
2026-10-03 14:08:19.319 INFO webull.main   #27 DBC LONG size=1141 entry=24.49@2012-09-04 16:00:00-04:00 exit=23.37@2012-11-01 16:00:00-04:00 pnl=-1353.21 pnlcomm=-1384.06 commission=30.85 bars=40
2026-10-03 14:08:19.319 INFO webull.main   #28 IEF LONG size=441 entry=74.26@2011-06-01 16:00:00-04:00 exit=78.40@2013-02-01 16:00:00-05:00 pnl=3781.00 pnlcomm=3715.17 commission=65.84 bars=420
2026-10-03 14:08:19.319 INFO webull.main   #29 DBC LONG size=1170 entry=23.92@2012-12-03 16:00:00-05:00 exit=22.71@2013-03-01 16:00:00-05:00 pnl=-1541.41 pnlcomm=-1572.76 commission=31.35 bars=60
2026-10-03 14:08:19.319 INFO webull.main   #30 IEF LONG size=367 entry=79.33@2013-04-01 16:00:00-04:00 exit=77.74@2013-06-03 16:00:00-04:00 pnl=-593.58 pnlcomm=-626.29 commission=32.70 bars=44
2026-10-03 14:08:19.319 INFO webull.main   #31 VNQ LONG size=868 entry=36.17@2012-01-03 16:00:00-05:00 exit=38.16@2013-09-03 16:00:00-04:00 pnl=4208.46 pnlcomm=4154.21 commission=54.26 bars=418
2026-10-03 14:08:19.319 INFO webull.main   #32 VNQ LONG size=731 entry=41.23@2013-11-01 16:00:00-04:00 exit=38.92@2013-12-02 16:00:00-05:00 pnl=-1783.38 pnlcomm=-1814.61 commission=31.23 bars=20
2026-10-03 14:08:19.319 INFO webull.main   #33 DBC LONG size=1385 entry=22.36@2014-03-03 16:00:00-05:00 exit=21.31@2014-08-01 16:00:00-04:00 pnl=-1609.05 pnlcomm=-1646.32 commission=37.27 bars=106
2026-10-03 14:08:19.319 INFO webull.main   #34 EFA LONG size=814 entry=39.38@2012-09-04 16:00:00-04:00 exit=44.89@2014-10-01 16:00:00-04:00 pnl=8173.44 pnlcomm=8115.13 commission=58.31 bars=521
2026-10-03 14:08:19.319 INFO webull.main   #35 VNQ LONG size=729 entry=44.60@2014-02-03 16:00:00-05:00 exit=50.14@2015-06-01 16:00:00-04:00 pnl=6670.89 pnlcomm=6618.30 commission=52.59 bars=333
2026-10-03 14:08:19.319 INFO webull.main   #36 IEF LONG size=387 entry=78.35@2014-02-03 16:00:00-05:00 exit=80.55@2015-07-01 16:00:00-04:00 pnl=1625.32 pnlcomm=1573.18 commission=52.13 bars=355
2026-10-03 14:08:19.319 INFO webull.main   #37 SPY LONG size=279 entry=138.85@2012-02-01 16:00:00-05:00 exit=160.53@2015-09-01 16:00:00-04:00 pnl=13633.53 pnlcomm=13557.07 commission=76.46 bars=901
2026-10-03 14:08:19.319 INFO webull.main   #38 EFA LONG size=707 entry=46.19@2015-03-02 16:00:00-05:00 exit=42.12@2015-09-01 16:00:00-04:00 pnl=-2872.66 pnlcomm=-2914.67 commission=42.01 bars=128
2026-10-03 14:08:19.319 INFO webull.main   #39 IEF LONG size=395 entry=82.23@2015-08-03 16:00:00-04:00 exit=82.42@2015-09-01 16:00:00-04:00 pnl=91.48 pnlcomm=57.30 commission=34.17 bars=21
2026-10-03 14:08:19.319 INFO webull.main   #40 IEF LONG size=374 entry=83.61@2015-10-01 16:00:00-04:00 exit=82.62@2016-01-04 16:00:00-05:00 pnl=-408.10 pnlcomm=-442.85 commission=34.75 bars=64
2026-10-03 14:08:19.319 INFO webull.main   #41 SPY LONG size=179 entry=172.76@2015-11-02 16:00:00-05:00 exit=161.83@2016-02-01 16:00:00-05:00 pnl=-2218.05 pnlcomm=-2254.63 commission=36.58 bars=61
2026-10-03 14:08:19.319 INFO webull.main   #42 EFA LONG size=739 entry=42.16@2016-06-01 16:00:00-04:00 exit=41.57@2016-07-01 16:00:00-04:00 pnl=-508.99 pnlcomm=-544.28 commission=35.30 bars=22
2026-10-03 14:08:19.319 INFO webull.main   #43 IEF LONG size=360 entry=85.72@2016-02-01 16:00:00-05:00 exit=86.57@2016-11-01 16:00:00-04:00 pnl=597.57 pnlcomm=554.22 commission=43.36 bars=191
2026-10-03 14:08:19.319 INFO webull.main   #44 VNQ LONG size=606 entry=53.18@2015-11-02 16:00:00-05:00 exit=54.63@2016-11-01 16:00:00-04:00 pnl=1965.22 pnlcomm=1909.99 commission=55.23 bars=252
2026-10-03 14:08:19.319 INFO webull.main   #45 EFA LONG size=748 entry=43.11@2016-08-01 16:00:00-04:00 exit=42.23@2016-12-01 16:00:00-05:00 pnl=-629.30 pnlcomm=-665.67 commission=36.37 bars=86
2026-10-03 14:08:19.319 INFO webull.main   #46 VNQ LONG size=561 entry=58.22@2017-03-01 16:00:00-05:00 exit=56.85@2017-04-03 16:00:00-04:00 pnl=-815.03 pnlcomm=-849.03 commission=34.00 bars=23
2026-10-03 14:08:19.319 INFO webull.main   #47 DBC LONG size=2529 entry=12.48@2016-05-02 16:00:00-04:00 exit=12.51@2017-05-01 16:00:00-04:00 pnl=812.01 pnlcomm=757.95 commission=54.06 bars=251
2026-10-03 14:08:19.319 INFO webull.main   #48 IEF LONG size=385 entry=85.49@2017-06-01 16:00:00-04:00 exit=85.15@2017-12-01 16:00:00-05:00 pnl=-124.71 pnlcomm=-163.63 commission=38.92 bars=128
2026-10-03 14:08:19.319 INFO webull.main   #49 VNQ LONG size=569 entry=58.21@2017-07-03 16:00:00-04:00 exit=56.54@2018-02-01 16:00:00-05:00 pnl=-1016.26 pnlcomm=-1060.64 commission=44.38 bars=147
2026-10-03 14:08:19.319 INFO webull.main   #50 EFA LONG size=742 entry=46.59@2017-01-03 16:00:00-05:00 exit=54.01@2018-06-01 16:00:00-04:00 pnl=7141.03 pnlcomm=7090.43 commission=50.61 bars=355
2026-10-03 14:08:19.319 INFO webull.main   #51 EFA LONG size=659 entry=54.16@2018-08-01 16:00:00-04:00 exit=52.39@2018-09-04 16:00:00-04:00 pnl=-1209.65 pnlcomm=-1246.69 commission=37.03 bars=23
2026-10-03 14:08:19.319 INFO webull.main   #52 IEF LONG size=430 entry=83.78@2018-09-04 16:00:00-04:00 exit=82.71@2018-10-01 16:00:00-04:00 pnl=-467.80 pnlcomm=-504.35 commission=36.55 bars=19
2026-10-03 14:08:19.319 INFO webull.main   #53 SPY LONG size=180 entry=202.96@2016-04-01 16:00:00-04:00 exit=240.84@2018-11-01 16:00:00-04:00 pnl=11230.85 pnlcomm=11162.31 commission=68.54 bars=653
2026-10-03 14:08:19.319 INFO webull.main   #54 DBC LONG size=2588 entry=13.57@2017-10-02 16:00:00-04:00 exit=14.40@2018-11-01 16:00:00-04:00 pnl=4001.29 pnlcomm=3945.12 commission=56.17 bars=274
2026-10-03 14:08:19.319 INFO webull.main   #55 SPY LONG size=144 entry=245.88@2018-12-03 16:00:00-05:00 exit=219.48@2019-01-02 16:00:00-05:00 pnl=-4283.85 pnlcomm=-4322.05 commission=38.19 bars=19
2026-10-03 14:08:19.319 INFO webull.main   #56 VNQ LONG size=620 entry=57.30@2018-06-01 16:00:00-04:00 exit=54.99@2019-01-02 16:00:00-05:00 pnl=-936.14 pnlcomm=-984.85 commission=48.71 bars=147
2026-10-03 14:08:19.319 INFO webull.main   #57 SPY LONG size=136 entry=250.58@2019-03-01 16:00:00-05:00 exit=246.64@2019-06-03 16:00:00-04:00 pnl=-477.99 pnlcomm=-515.09 commission=37.09 bars=64
2026-10-03 14:08:19.319 INFO webull.main   #58 EFA LONG size=667 entry=52.17@2019-04-01 16:00:00-04:00 exit=50.63@2019-06-03 16:00:00-04:00 pnl=-1033.17 pnlcomm=-1070.21 commission=37.05 bars=43
2026-10-03 14:08:19.319 INFO webull.main   #59 DBC LONG size=2604 entry=13.85@2020-01-02 16:00:00-05:00 exit=12.58@2020-02-03 16:00:00-05:00 pnl=-3589.32 pnlcomm=-3627.22 commission=37.90 bars=21
2026-10-03 14:08:19.319 INFO webull.main   #60 SPY LONG size=131 entry=268.88@2019-07-01 16:00:00-04:00 exit=271.02@2020-03-02 16:00:00-05:00 pnl=690.13 pnlcomm=643.89 commission=46.24 bars=168
2026-10-03 14:08:19.319 INFO webull.main   #61 EFA LONG size=644 entry=54.08@2019-07-01 16:00:00-04:00 exit=51.19@2020-03-02 16:00:00-05:00 pnl=-1803.60 pnlcomm=-1848.41 commission=44.81 bars=168
2026-10-03 14:08:19.319 INFO webull.main   #62 VNQ LONG size=544 entry=65.04@2019-02-01 16:00:00-05:00 exit=67.89@2020-03-02 16:00:00-05:00 pnl=3140.13 pnlcomm=3086.47 commission=53.66 bars=271
2026-10-03 14:08:19.319 INFO webull.main   #63 DBC LONG size=3036 entry=11.76@2020-09-01 16:00:00-04:00 exit=10.99@2020-11-02 16:00:00-05:00 pnl=-2531.39 pnlcomm=-2571.44 commission=40.05 bars=43
2026-10-03 14:08:19.319 INFO webull.main   #64 IEF LONG size=421 entry=91.99@2018-12-03 16:00:00-05:00 exit=102.18@2020-12-01 16:00:00-05:00 pnl=7052.03 pnlcomm=6982.59 commission=69.44 bars=502
2026-10-03 14:08:19.319 INFO webull.main   #65 IEF LONG size=431 entry=100.88@2021-08-02 16:00:00-04:00 exit=98.89@2021-10-01 16:00:00-04:00 pnl=-894.04 pnlcomm=-941.82 commission=47.77 bars=43
2026-10-03 14:08:19.319 INFO webull.main   #66 EFA LONG size=678 entry=57.90@2020-08-03 16:00:00-04:00 exit=66.51@2021-12-01 16:00:00-05:00 pnl=8940.10 pnlcomm=8873.83 commission=66.27 bars=336
2026-10-03 14:08:19.319 INFO webull.main   #67 EFA LONG size=662 entry=68.84@2022-01-03 16:00:00-05:00 exit=66.41@2022-02-01 16:00:00-05:00 pnl=-1638.11 pnlcomm=-1685.07 commission=46.96 bars=20
2026-10-03 14:08:19.319 INFO webull.main   #68 IEF LONG size=437 entry=99.02@2021-12-01 16:00:00-05:00 exit=96.76@2022-02-01 16:00:00-05:00 pnl=-1066.52 pnlcomm=-1115.30 commission=48.78 bars=42
2026-10-03 14:08:19.319 INFO webull.main   #69 SPY LONG size=124 entry=336.85@2020-06-01 16:00:00-04:00 exit=408.12@2022-03-01 16:00:00-05:00 pnl=14894.29 pnlcomm=14814.27 commission=80.02 bars=441
2026-10-03 14:08:19.319 INFO webull.main   #70 VNQ LONG size=540 entry=75.98@2020-12-01 16:00:00-05:00 exit=85.37@2022-03-01 16:00:00-05:00 pnl=9723.42 pnlcomm=9649.01 commission=74.41 bars=313
2026-10-03 14:08:19.319 INFO webull.main   #71 SPY LONG size=106 entry=425.02@2022-04-01 16:00:00-04:00 exit=387.77@2022-05-02 16:00:00-04:00 pnl=-4256.13 pnlcomm=-4303.30 commission=47.18 bars=20
2026-10-03 14:08:19.319 INFO webull.main   #72 VNQ LONG size=498 entry=91.00@2022-04-01 16:00:00-04:00 exit=86.73@2022-05-02 16:00:00-04:00 pnl=-2063.77 pnlcomm=-2111.06 commission=47.29 bars=20
2026-10-03 14:08:19.319 INFO webull.main   #73 DBC LONG size=2973 entry=19.29@2020-12-01 16:00:00-05:00 exit=21.26@2022-10-03 16:00:00-04:00 pnl=24623.01 pnlcomm=24499.97 commission=123.05 bars=462
2026-10-03 14:08:19.319 INFO webull.main   #74 SPY LONG size=112 entry=386.74@2022-12-01 16:00:00-05:00 exit=366.43@2023-01-03 16:00:00-05:00 pnl=-2440.32 pnlcomm=-2486.29 commission=45.97 bars=21
2026-10-03 14:08:19.319 INFO webull.main   #75 IEF LONG size=499 entry=87.06@2023-02-01 16:00:00-05:00 exit=83.63@2023-03-01 16:00:00-05:00 pnl=-1754.46 pnlcomm=-1798.33 commission=43.87 bars=19
2026-10-03 14:08:19.319 INFO webull.main   #76 VNQ LONG size=552 entry=78.01@2023-02-01 16:00:00-05:00 exit=73.33@2023-03-01 16:00:00-05:00 pnl=-2671.59 pnlcomm=-2715.97 commission=44.38 bars=19
2026-10-03 14:08:19.319 INFO webull.main   #77 IEF LONG size=488 entry=86.99@2023-04-03 16:00:00-04:00 exit=84.53@2023-08-01 16:00:00-04:00 pnl=-1271.94 pnlcomm=-1322.03 commission=50.09 bars=82
2026-10-03 14:08:19.319 INFO webull.main   #78 VNQ LONG size=590 entry=73.49@2023-07-03 16:00:00-04:00 exit=72.94@2023-09-01 16:00:00-04:00 pnl=-300.13 pnlcomm=-347.38 commission=47.25 bars=43
2026-10-03 14:08:19.319 INFO webull.main   #79 EFA LONG size=726 entry=61.46@2022-12-01 16:00:00-05:00 exit=62.29@2023-10-02 16:00:00-04:00 pnl=1469.05 pnlcomm=1406.61 commission=62.43 bars=208
2026-10-03 14:08:19.319 INFO webull.main   #80 SPY LONG size=112 entry=391.86@2023-02-01 16:00:00-05:00 exit=404.08@2023-11-01 16:00:00-04:00 pnl=2029.37 pnlcomm=1970.16 commission=59.21 bars=189
2026-10-03 14:08:19.319 INFO webull.main   #81 DBC LONG size=2039 entry=21.33@2023-08-01 16:00:00-04:00 exit=20.32@2024-01-02 16:00:00-05:00 pnl=-2153.87 pnlcomm=-2210.48 commission=56.61 bars=106
2026-10-03 14:08:19.319 INFO webull.main   #82 IEF LONG size=500 entry=86.38@2024-01-02 16:00:00-05:00 exit=83.34@2024-05-01 16:00:00-04:00 pnl=-1657.27 pnlcomm=-1706.47 commission=49.19 bars=83
2026-10-03 14:08:19.319 INFO webull.main   #83 VNQ LONG size=580 entry=73.56@2023-12-01 16:00:00-05:00 exit=72.11@2024-05-01 16:00:00-04:00 pnl=-245.05 pnlcomm=-300.39 commission=55.34 bars=103
2026-10-03 14:08:19.319 INFO webull.main   #84 DBC LONG size=2117 entry=21.20@2024-04-01 16:00:00-04:00 exit=20.71@2024-08-01 16:00:00-04:00 pnl=-952.02 pnlcomm=-1007.61 commission=55.59 bars=85
2026-10-03 14:08:19.319 INFO webull.main   #85 EFA LONG size=639 entry=68.75@2023-12-01 16:00:00-05:00 exit=74.11@2024-12-02 16:00:00-05:00 pnl=5212.10 pnlcomm=5146.70 commission=65.40 bars=251
2026-10-03 14:08:19.319 INFO webull.main   #86 IEF LONG size=519 entry=85.62@2024-06-03 16:00:00-04:00 exit=86.53@2025-01-02 16:00:00-05:00 pnl=889.25 pnlcomm=832.44 commission=56.80 bars=147
2026-10-03 14:08:19.320 INFO webull.main   #87 SPY LONG size=96 entry=490.20@2023-12-01 16:00:00-05:00 exit=548.08@2025-04-01 16:00:00-04:00 pnl=9887.64 pnlcomm=9810.51 commission=77.13 bars=332
2026-10-03 14:08:19.320 INFO webull.main   #88 VNQ LONG size=582 entry=79.54@2024-06-03 16:00:00-04:00 exit=85.77@2025-04-01 16:00:00-04:00 pnl=5729.69 pnlcomm=5658.93 commission=70.76 bars=207
2026-10-03 14:08:19.320 INFO webull.main   #89 DBC LONG size=2168 entry=21.23@2025-02-03 16:00:00-05:00 exit=19.89@2025-05-01 16:00:00-04:00 pnl=-3104.66 pnlcomm=-3158.68 commission=54.02 bars=61
2026-10-03 14:08:19.320 INFO webull.main   #90 SPY LONG size=80 entry=605.36@2025-06-02 16:00:00-04:00 exit=650.28@2026-04-01 16:00:00-04:00 pnl=5512.04 pnlcomm=5441.47 commission=70.57 bars=209
2026-10-03 14:08:19.320 INFO webull.main   #91 VNQ LONG size=544 entry=87.50@2025-09-02 16:00:00-04:00 exit=87.13@2026-04-01 16:00:00-04:00 pnl=-44.65 pnlcomm=-111.79 commission=67.14 bars=146
2026-10-03 14:08:19.320 INFO webull.main   #92 IEF LONG size=522 entry=90.53@2025-03-03 16:00:00-05:00 exit=92.58@2026-06-01 16:00:00-04:00 pnl=1829.92 pnlcomm=1752.15 commission=77.77 bars=313
2026-10-03 14:08:19.320 INFO webull.main   #93 VNQ LONG size=564 entry=95.20@2026-05-01 16:00:00-04:00 exit=89.31@2026-10-01 16:00:00-04:00 pnl=-3298.91 pnlcomm=-3370.06 commission=71.15 bars=105
2026-10-03 14:08:19.320 INFO webull.main ============================================================
2026-10-03 14:08:19.320 INFO webull.main [Backtest] visualization disabled (WEBULL_VISUALIZE=false)
2026-10-03 14:08:19.426 INFO webull.harness [Harness] in_sample     2005-11-01..2024-10-02  kit Sharpe 0.6094  our Sharpe 0.4862  ann 4.66%  max DD -15.92%  orders 12577 (refused 0)
2026-10-03 14:08:19.426 INFO webull.harness [Harness] out_of_sample 2024-10-03..2026-10-02  kit Sharpe 1.1323  our Sharpe 0.6734  ann 7.81%  max DD -6.40%  orders 1552 (refused 0)
2026-10-03 14:08:19.426 INFO webull.harness [Harness] full          2005-01-03..2026-10-02  kit Sharpe 0.6393  our Sharpe 0.4915  ann 4.77%  max DD -15.92%  orders 14132 (refused 0)
2026-10-03 14:08:19.447 INFO webull.harness [Harness] metrics written: <scratch>/kit_native/native_gtaa/reserve/bhfalse_guide_100000_r0.01.json
