2026-10-03 14:08:08.774 INFO webull.main [Backtest] strategy=gqh_gtaa symbols=['SPY', 'EFA', 'IEF', 'VNQ', 'DBC'] params={'buy_and_hold': False, 'reserve': 0.005}
2026-10-03 14:08:08.781 INFO webull.main [Backtest] starting cash: 1000000000.00
2026-10-03 14:08:13.020 INFO webull.main ============================================================
2026-10-03 14:08:13.020 INFO webull.main [Backtest] Result Summary
2026-10-03 14:08:13.020 INFO webull.main ============================================================
2026-10-03 14:08:13.020 INFO webull.main Starting cash    : 1000000000.00
2026-10-03 14:08:13.020 INFO webull.main Final cash       : 2856331593.46
2026-10-03 14:08:13.020 INFO webull.main Net P&L          : 1856331593.46 (185.63%)
2026-10-03 14:08:13.020 INFO webull.main Max drawdown     : 15.93% (219226620.48)
2026-10-03 14:08:13.020 INFO webull.main Sharpe ratio     : 0.6593 (annualized)
2026-10-03 14:08:13.020 INFO webull.main Total trades     : 96 (won=40, lost=53, win rate=41.67%)
2026-10-03 14:08:13.020 INFO webull.main Trades net P&L   : 1391576667.30
2026-10-03 14:08:13.020 INFO webull.main ============================================================
2026-10-03 14:08:13.020 INFO webull.main [Backtest] Trade-by-trade detail (93 closed trade(s)):
2026-10-03 14:08:13.020 INFO webull.main   #1 IEF LONG size=4228918 entry=48.30@2006-01-03 16:00:00-05:00 exit=48.05@2006-02-01 16:00:00-05:00 pnl=-1072188.05 pnlcomm=-1202989.66 commission=130801.61 bars=20
2026-10-03 14:08:13.021 INFO webull.main   #2 DBC LONG size=11540103 entry=20.24@2006-12-01 16:00:00-05:00 exit=19.61@2007-02-01 16:00:00-05:00 pnl=-9406484.20 pnlcomm=-9685936.67 commission=279452.48 bars=40
2026-10-03 14:08:13.021 INFO webull.main   #3 IEF LONG size=4539742 entry=48.63@2006-08-01 16:00:00-04:00 exit=49.75@2007-07-02 16:00:00-04:00 pnl=8656844.69 pnlcomm=8456356.44 commission=200488.25 bars=230
2026-10-03 14:08:13.021 INFO webull.main   #4 VNQ LONG size=8260859 entry=29.51@2005-11-01 16:00:00-05:00 exit=31.97@2007-07-02 16:00:00-04:00 pnl=62264245.42 pnlcomm=61786132.05 commission=478113.37 bars=417
2026-10-03 14:08:13.021 INFO webull.main   #5 SPY LONG size=2431239 entry=92.61@2005-11-01 16:00:00-05:00 exit=104.11@2008-01-02 16:00:00-05:00 pnl=54019405.04 pnlcomm=53757794.15 commission=261610.88 bars=544
2026-10-03 14:08:13.021 INFO webull.main   #6 EFA LONG size=6582965 entry=38.30@2005-11-01 16:00:00-05:00 exit=45.30@2008-01-02 16:00:00-05:00 pnl=92101900.42 pnlcomm=91782088.75 commission=319811.66 bars=544
2026-10-03 14:08:13.021 INFO webull.main   #7 VNQ LONG size=8701770 entry=30.50@2008-05-01 16:00:00-04:00 exit=26.79@2008-07-01 16:00:00-04:00 pnl=-37296652.12 pnlcomm=-37636447.99 commission=339795.86 bars=42
2026-10-03 14:08:13.021 INFO webull.main   #8 DBC LONG size=11645787 entry=27.89@2007-03-01 16:00:00-05:00 exit=27.88@2008-10-01 16:00:00-04:00 pnl=90755431.24 pnlcomm=90024437.06 commission=730994.18 bars=401
2026-10-03 14:08:13.021 INFO webull.main   #9 VNQ LONG size=9038517 entry=24.47@2008-09-02 16:00:00-04:00 exit=19.75@2008-11-03 16:00:00-05:00 pnl=-80954206.87 pnlcomm=-81410866.91 commission=456660.04 bars=44
2026-10-03 14:08:13.021 INFO webull.main   #10 IEF LONG size=4708566 entry=56.06@2007-08-01 16:00:00-04:00 exit=60.04@2009-06-01 16:00:00-04:00 pnl=44112979.19 pnlcomm=43761929.84 commission=351049.35 bars=461
2026-10-03 14:08:13.021 INFO webull.main   #11 IEF LONG size=4248157 entry=62.07@2009-10-01 16:00:00-04:00 exit=60.45@2010-01-04 16:00:00-05:00 pnl=-7574113.23 pnlcomm=-7786559.84 commission=212446.61 bars=64
2026-10-03 14:08:13.021 INFO webull.main   #12 DBC LONG size=12795234 entry=19.83@2009-08-03 16:00:00-04:00 exit=19.30@2010-02-01 16:00:00-05:00 pnl=-6615373.33 pnlcomm=-6991279.68 commission=375906.35 bars=125
2026-10-03 14:08:13.021 INFO webull.main   #13 IEF LONG size=4290243 entry=61.68@2010-02-01 16:00:00-05:00 exit=61.24@2010-04-01 16:00:00-04:00 pnl=-1989944.88 pnlcomm=-2172505.31 commission=182560.43 bars=42
2026-10-03 14:08:13.021 INFO webull.main   #14 EFA LONG size=8665404 entry=30.17@2009-06-01 16:00:00-04:00 exit=29.19@2010-06-01 16:00:00-04:00 pnl=4220809.12 pnlcomm=3948798.99 commission=272010.13 bars=252
2026-10-03 14:08:13.021 INFO webull.main   #15 DBC LONG size=13535965 entry=19.97@2010-03-01 16:00:00-05:00 exit=18.40@2010-06-01 16:00:00-04:00 pnl=-23635965.47 pnlcomm=-23955523.87 commission=319558.39 bars=64
2026-10-03 14:08:13.021 INFO webull.main   #16 SPY LONG size=3558932 entry=72.30@2009-07-01 16:00:00-04:00 exit=77.47@2010-07-01 16:00:00-04:00 pnl=33785291.99 pnlcomm=33561282.24 commission=224009.75 bars=252
2026-10-03 14:08:13.021 INFO webull.main   #17 SPY LONG size=3255772 entry=83.92@2010-08-02 16:00:00-04:00 exit=80.16@2010-09-01 16:00:00-04:00 pnl=-12635937.91 pnlcomm=-12805605.66 commission=169667.75 bars=22
2026-10-03 14:08:13.021 INFO webull.main   #18 EFA LONG size=8375001 entry=32.81@2010-08-02 16:00:00-04:00 exit=31.73@2010-09-01 16:00:00-04:00 pnl=-9458838.74 pnlcomm=-9632720.03 commission=173881.28 bars=22
2026-10-03 14:08:13.021 INFO webull.main   #19 IEF LONG size=4600129 entry=64.34@2010-05-03 16:00:00-04:00 exit=65.56@2011-01-03 16:00:00-05:00 pnl=14916199.55 pnlcomm=14634679.74 commission=281519.81 bars=170
2026-10-03 14:08:13.021 INFO webull.main   #20 SPY LONG size=3119038 entry=89.63@2010-10-01 16:00:00-04:00 exit=93.69@2011-09-01 16:00:00-04:00 pnl=21616164.34 pnlcomm=21379255.44 commission=236908.90 bars=232
2026-10-03 14:08:13.021 INFO webull.main   #21 EFA LONG size=7891024 entry=35.03@2010-10-01 16:00:00-04:00 exit=34.02@2011-09-01 16:00:00-04:00 pnl=-1400182.80 pnlcomm=-1686397.20 commission=286214.40 bars=232
2026-10-03 14:08:13.021 INFO webull.main   #22 VNQ LONG size=14285540 entry=26.30@2009-08-03 16:00:00-04:00 exit=31.48@2011-09-01 16:00:00-04:00 pnl=167492130.69 pnlcomm=166631751.87 commission=860378.82 bars=526
2026-10-03 14:08:13.021 INFO webull.main   #23 DBC LONG size=13163408 entry=22.58@2010-10-04 16:00:00-04:00 exit=21.40@2011-10-03 16:00:00-04:00 pnl=15361387.34 pnlcomm=14827373.18 commission=534014.16 bars=252
2026-10-03 14:08:13.021 INFO webull.main   #24 VNQ LONG size=8871676 entry=31.06@2011-11-01 16:00:00-04:00 exit=30.91@2011-12-01 16:00:00-05:00 pnl=-1485652.21 pnlcomm=-1810029.47 commission=324377.26 bars=21
2026-10-03 14:08:13.021 INFO webull.main   #25 EFA LONG size=8213975 entry=35.13@2012-03-01 16:00:00-05:00 exit=30.31@2012-06-01 16:00:00-04:00 pnl=-44246414.45 pnlcomm=-44443835.30 commission=197420.86 bars=64
2026-10-03 14:08:13.021 INFO webull.main   #26 DBC LONG size=11699149 entry=24.63@2012-03-01 16:00:00-05:00 exit=21.04@2012-06-01 16:00:00-04:00 pnl=-47029915.33 pnlcomm=-47347834.75 commission=317919.42 bars=64
2026-10-03 14:08:13.021 INFO webull.main   #27 DBC LONG size=11621081 entry=24.48@2012-09-04 16:00:00-04:00 exit=23.38@2012-11-01 16:00:00-04:00 pnl=-13473880.46 pnlcomm=-13788399.58 commission=314519.12 bars=40
2026-10-03 14:08:13.021 INFO webull.main   #28 IEF LONG size=4486878 entry=74.22@2011-06-01 16:00:00-04:00 exit=78.44@2013-02-01 16:00:00-05:00 pnl=39104278.05 pnlcomm=38701422.90 commission=402855.15 bars=420
2026-10-03 14:08:13.021 INFO webull.main   #29 DBC LONG size=11921011 entry=23.91@2012-12-03 16:00:00-05:00 exit=22.73@2013-03-01 16:00:00-05:00 pnl=-15394691.62 pnlcomm=-15713860.05 commission=319168.44 bars=60
2026-10-03 14:08:13.021 INFO webull.main   #30 IEF LONG size=3743572 entry=79.29@2013-04-01 16:00:00-04:00 exit=77.78@2013-06-03 16:00:00-04:00 pnl=-5726176.40 pnlcomm=-5925607.95 commission=199431.55 bars=44
2026-10-03 14:08:13.021 INFO webull.main   #31 VNQ LONG size=8829752 entry=36.15@2012-01-03 16:00:00-05:00 exit=38.18@2013-09-03 16:00:00-04:00 pnl=43327359.75 pnlcomm=42775653.54 commission=551706.21 bars=418
2026-10-03 14:08:13.021 INFO webull.main   #32 VNQ LONG size=7455048 entry=41.21@2013-11-01 16:00:00-04:00 exit=38.93@2013-12-02 16:00:00-05:00 pnl=-17878040.94 pnlcomm=-18196415.36 commission=318374.42 bars=20
2026-10-03 14:08:13.021 INFO webull.main   #33 DBC LONG size=14144988 entry=22.35@2014-03-03 16:00:00-05:00 exit=21.32@2014-08-01 16:00:00-04:00 pnl=-16060820.32 pnlcomm=-16441594.95 commission=380774.63 bars=106
2026-10-03 14:08:13.021 INFO webull.main   #34 EFA LONG size=8293575 entry=39.38@2012-09-04 16:00:00-04:00 exit=44.91@2014-10-01 16:00:00-04:00 pnl=83893973.50 pnlcomm=83537001.93 commission=356971.57 bars=521
2026-10-03 14:08:13.021 INFO webull.main   #35 VNQ LONG size=7440086 entry=44.61@2014-02-03 16:00:00-05:00 exit=50.16@2015-06-01 16:00:00-04:00 pnl=68645760.59 pnlcomm=68107574.97 commission=538185.62 bars=333
2026-10-03 14:08:13.021 INFO webull.main   #36 IEF LONG size=3952235 entry=78.34@2014-02-03 16:00:00-05:00 exit=80.60@2015-07-01 16:00:00-04:00 pnl=17092847.61 pnlcomm=16771387.21 commission=321460.40 bars=355
2026-10-03 14:08:13.021 INFO webull.main   #37 SPY LONG size=2842233 entry=138.87@2012-02-01 16:00:00-05:00 exit=160.61@2015-09-01 16:00:00-04:00 pnl=139825815.66 pnlcomm=139355806.70 commission=470008.97 bars=901
2026-10-03 14:08:13.021 INFO webull.main   #38 EFA LONG size=7222819 entry=46.17@2015-03-02 16:00:00-05:00 exit=42.14@2015-09-01 16:00:00-04:00 pnl=-28964775.88 pnlcomm=-29221507.45 commission=256731.57 bars=128
2026-10-03 14:08:13.021 INFO webull.main   #39 IEF LONG size=4038355 entry=82.19@2015-08-03 16:00:00-04:00 exit=82.46@2015-09-01 16:00:00-04:00 pnl=1282766.30 pnlcomm=1073646.68 commission=209119.62 bars=21
2026-10-03 14:08:13.021 INFO webull.main   #40 IEF LONG size=3828363 entry=83.57@2015-10-01 16:00:00-04:00 exit=82.66@2016-01-04 16:00:00-05:00 pnl=-3824124.24 pnlcomm=-4035898.45 commission=211774.21 bars=64
2026-10-03 14:08:13.021 INFO webull.main   #41 SPY LONG size=1836652 entry=172.69@2015-11-02 16:00:00-05:00 exit=161.91@2016-02-01 16:00:00-05:00 pnl=-22383972.83 pnlcomm=-22610186.44 commission=226213.62 bars=61
2026-10-03 14:08:13.021 INFO webull.main   #42 EFA LONG size=7571597 entry=42.14@2016-06-01 16:00:00-04:00 exit=41.59@2016-07-01 16:00:00-04:00 pnl=-4859193.54 pnlcomm=-5076209.37 commission=217015.82 bars=22
2026-10-03 14:08:13.021 INFO webull.main   #43 IEF LONG size=3687058 entry=85.68@2016-02-01 16:00:00-05:00 exit=86.62@2016-11-01 16:00:00-04:00 pnl=6535723.32 pnlcomm=6269324.81 commission=266398.51 bars=191
2026-10-03 14:08:13.021 INFO webull.main   #44 VNQ LONG size=6199338 entry=53.12@2015-11-02 16:00:00-05:00 exit=54.66@2016-11-01 16:00:00-04:00 pnl=20679337.28 pnlcomm=20115497.71 commission=563839.57 bars=252
2026-10-03 14:08:13.021 INFO webull.main   #45 EFA LONG size=7670851 entry=43.09@2016-08-01 16:00:00-04:00 exit=42.25@2016-12-01 16:00:00-05:00 pnl=-6081395.28 pnlcomm=-6305149.73 commission=223754.46 bars=86
2026-10-03 14:08:13.021 INFO webull.main   #46 VNQ LONG size=5754739 entry=58.19@2017-03-01 16:00:00-05:00 exit=56.88@2017-04-03 16:00:00-04:00 pnl=-8022124.30 pnlcomm=-8371373.60 commission=349249.30 bars=23
2026-10-03 14:08:13.021 INFO webull.main   #47 DBC LONG size=25897121 entry=12.48@2016-05-02 16:00:00-04:00 exit=12.52@2017-05-01 16:00:00-04:00 pnl=8682979.41 pnlcomm=8129188.67 commission=553790.74 bars=251
2026-10-03 14:08:13.021 INFO webull.main   #48 IEF LONG size=3956169 entry=85.45@2017-06-01 16:00:00-04:00 exit=85.19@2017-12-01 16:00:00-05:00 pnl=-889484.24 pnlcomm=-1128227.61 commission=238743.36 bars=128
2026-10-03 14:08:13.021 INFO webull.main   #49 VNQ LONG size=5841916 entry=58.19@2017-07-03 16:00:00-04:00 exit=56.57@2018-02-01 16:00:00-05:00 pnl=-9997664.88 pnlcomm=-10452309.08 commission=454644.19 bars=147
2026-10-03 14:08:13.021 INFO webull.main   #50 EFA LONG size=7606704 entry=46.59@2017-01-03 16:00:00-05:00 exit=54.03@2018-06-01 16:00:00-04:00 pnl=73806591.52 pnlcomm=73494469.75 commission=312121.77 bars=355
2026-10-03 14:08:13.021 INFO webull.main   #51 EFA LONG size=6769286 entry=54.13@2018-08-01 16:00:00-04:00 exit=52.41@2018-09-04 16:00:00-04:00 pnl=-12068961.70 pnlcomm=-12297437.07 commission=228475.38 bars=23
2026-10-03 14:08:13.021 INFO webull.main   #52 IEF LONG size=4420129 entry=83.74@2018-09-04 16:00:00-04:00 exit=82.75@2018-10-01 16:00:00-04:00 pnl=-4434314.53 pnlcomm=-4659920.98 commission=225606.45 bars=19
2026-10-03 14:08:13.021 INFO webull.main   #53 SPY LONG size=1843088 entry=202.51@2016-04-01 16:00:00-04:00 exit=240.96@2018-11-01 16:00:00-04:00 pnl=115944074.72 pnlcomm=115524811.40 commission=419263.31 bars=653
2026-10-03 14:08:13.021 INFO webull.main   #54 DBC LONG size=26569729 entry=13.56@2017-10-02 16:00:00-04:00 exit=14.41@2018-11-01 16:00:00-04:00 pnl=41655337.33 pnlcomm=41078321.60 commission=577015.73 bars=274
2026-10-03 14:08:13.021 INFO webull.main   #55 SPY LONG size=1481632 entry=245.91@2018-12-03 16:00:00-05:00 exit=219.50@2019-01-02 16:00:00-05:00 pnl=-43840283.25 pnlcomm=-44075219.30 commission=234936.04 bars=19
2026-10-03 14:08:13.021 INFO webull.main   #56 VNQ LONG size=6376168 entry=57.28@2018-06-01 16:00:00-04:00 exit=55.02@2019-01-02 16:00:00-05:00 pnl=-9149473.87 pnlcomm=-9652383.67 commission=502909.79 bars=147
2026-10-03 14:08:13.021 INFO webull.main   #57 SPY LONG size=1404865 entry=250.54@2019-03-01 16:00:00-05:00 exit=246.76@2019-06-03 16:00:00-04:00 pnl=-4575251.72 pnlcomm=-4808813.87 commission=233562.15 bars=64
2026-10-03 14:08:13.021 INFO webull.main   #58 EFA LONG size=6869689 entry=52.14@2019-04-01 16:00:00-04:00 exit=50.66@2019-06-03 16:00:00-04:00 pnl=-10268792.86 pnlcomm=-10498265.73 commission=229472.87 bars=43
2026-10-03 14:08:13.021 INFO webull.main   #59 DBC LONG size=26838125 entry=13.85@2020-01-02 16:00:00-05:00 exit=12.58@2020-02-03 16:00:00-05:00 pnl=-36611484.01 pnlcomm=-37001903.41 commission=390419.40 bars=21
2026-10-03 14:08:13.021 INFO webull.main   #60 SPY LONG size=1344634 entry=269.20@2019-07-01 16:00:00-04:00 exit=271.15@2020-03-02 16:00:00-05:00 pnl=7562178.92 pnlcomm=7272998.05 commission=289180.87 bars=168
2026-10-03 14:08:13.021 INFO webull.main   #61 EFA LONG size=6633504 entry=54.08@2019-07-01 16:00:00-04:00 exit=51.21@2020-03-02 16:00:00-05:00 pnl=-18315419.14 pnlcomm=-18593472.27 commission=278053.13 bars=168
2026-10-03 14:08:13.021 INFO webull.main   #62 VNQ LONG size=5599373 entry=65.05@2019-02-01 16:00:00-05:00 exit=67.92@2020-03-02 16:00:00-05:00 pnl=32849000.95 pnlcomm=32293849.72 commission=555151.23 bars=271
2026-10-03 14:08:13.021 INFO webull.main   #63 DBC LONG size=31325157 entry=11.75@2020-09-01 16:00:00-04:00 exit=10.99@2020-11-02 16:00:00-05:00 pnl=-25885115.55 pnlcomm=-26298132.29 commission=413016.74 bars=43
2026-10-03 14:08:13.021 INFO webull.main   #64 IEF LONG size=4328377 entry=91.94@2018-12-03 16:00:00-05:00 exit=102.23@2020-12-01 16:00:00-05:00 pnl=73295665.52 pnlcomm=72864842.59 commission=430822.93 bars=502
2026-10-03 14:08:13.021 INFO webull.main   #65 IEF LONG size=4459082 entry=100.83@2021-08-02 16:00:00-04:00 exit=98.94@2021-10-01 16:00:00-04:00 pnl=-8769948.98 pnlcomm=-9064920.15 commission=294971.18 bars=43
2026-10-03 14:08:13.021 INFO webull.main   #66 EFA LONG size=6993778 entry=57.89@2020-08-03 16:00:00-04:00 exit=66.54@2021-12-01 16:00:00-05:00 pnl=92947920.01 pnlcomm=92537634.23 commission=410285.78 bars=336
2026-10-03 14:08:13.021 INFO webull.main   #67 EFA LONG size=6848253 entry=68.80@2022-01-03 16:00:00-05:00 exit=66.44@2022-02-01 16:00:00-05:00 pnl=-16464069.31 pnlcomm=-16755551.00 commission=291481.69 bars=20
2026-10-03 14:08:13.021 INFO webull.main   #68 IEF LONG size=4522957 entry=98.96@2021-12-01 16:00:00-05:00 exit=96.81@2022-02-01 16:00:00-05:00 pnl=-10527492.15 pnlcomm=-10831755.87 commission=304263.72 bars=42
2026-10-03 14:08:13.021 INFO webull.main   #69 SPY LONG size=1278657 entry=336.72@2020-06-01 16:00:00-04:00 exit=408.32@2022-03-01 16:00:00-05:00 pnl=154406191.75 pnlcomm=153912402.96 commission=493788.78 bars=441
2026-10-03 14:08:13.021 INFO webull.main   #70 VNQ LONG size=5575756 entry=75.91@2020-12-01 16:00:00-05:00 exit=85.41@2022-03-01 16:00:00-05:00 pnl=101176725.37 pnlcomm=100410100.44 commission=766624.93 bars=313
2026-10-03 14:08:13.021 INFO webull.main   #71 SPY LONG size=1097677 entry=424.93@2022-04-01 16:00:00-04:00 exit=387.97@2022-05-02 16:00:00-04:00 pnl=-43742931.71 pnlcomm=-44040244.39 commission=297312.68 bars=20
2026-10-03 14:08:13.022 INFO webull.main   #72 VNQ LONG size=5155495 entry=90.95@2022-04-01 16:00:00-04:00 exit=86.78@2022-05-02 16:00:00-04:00 pnl=-20889360.43 pnlcomm=-21378154.36 commission=488793.94 bars=20
2026-10-03 14:08:13.022 INFO webull.main   #73 DBC LONG size=30689009 entry=19.28@2020-12-01 16:00:00-05:00 exit=21.27@2022-10-03 16:00:00-04:00 pnl=255791369.05 pnlcomm=254520017.59 commission=1271351.47 bars=462
2026-10-03 14:08:13.022 INFO webull.main   #74 SPY LONG size=1160615 entry=386.53@2022-12-01 16:00:00-05:00 exit=366.62@2023-01-03 16:00:00-05:00 pnl=-24851979.14 pnlcomm=-25137518.26 commission=285539.12 bars=21
2026-10-03 14:08:13.022 INFO webull.main   #75 IEF LONG size=5171407 entry=87.02@2023-02-01 16:00:00-05:00 exit=83.67@2023-03-01 16:00:00-05:00 pnl=-17730473.77 pnlcomm=-18003850.21 commission=273376.44 bars=19
2026-10-03 14:08:13.022 INFO webull.main   #76 VNQ LONG size=5725399 entry=77.97@2023-02-01 16:00:00-05:00 exit=73.36@2023-03-01 16:00:00-05:00 pnl=-27209140.61 pnlcomm=-27669654.74 commission=460514.13 bars=19
2026-10-03 14:08:13.022 INFO webull.main   #77 IEF LONG size=5065250 entry=86.95@2023-04-03 16:00:00-04:00 exit=84.57@2023-08-01 16:00:00-04:00 pnl=-12698852.33 pnlcomm=-13010745.83 commission=311893.50 bars=82
2026-10-03 14:08:13.022 INFO webull.main   #78 VNQ LONG size=6123483 entry=73.45@2023-07-03 16:00:00-04:00 exit=72.98@2023-09-01 16:00:00-04:00 pnl=-2632165.13 pnlcomm=-3123801.58 commission=491636.45 bars=43
2026-10-03 14:08:13.022 INFO webull.main   #79 EFA LONG size=7518603 entry=61.46@2022-12-01 16:00:00-05:00 exit=62.32@2023-10-02 16:00:00-04:00 pnl=15828648.36 pnlcomm=15438708.07 commission=389940.29 bars=208
2026-10-03 14:08:13.022 INFO webull.main   #80 SPY LONG size=1158969 entry=391.74@2023-02-01 16:00:00-05:00 exit=404.28@2023-11-01 16:00:00-04:00 pnl=21541688.51 pnlcomm=21170383.80 commission=371304.71 bars=189
2026-10-03 14:08:13.022 INFO webull.main   #81 DBC LONG size=21160869 entry=21.32@2023-08-01 16:00:00-04:00 exit=20.33@2024-01-02 16:00:00-05:00 pnl=-21785335.77 pnlcomm=-22372800.28 commission=587464.52 bars=106
2026-10-03 14:08:13.022 INFO webull.main   #82 IEF LONG size=5189193 entry=86.33@2024-01-02 16:00:00-05:00 exit=83.38@2024-05-01 16:00:00-04:00 pnl=-16713366.48 pnlcomm=-17020656.68 commission=307290.20 bars=83
2026-10-03 14:08:13.022 INFO webull.main   #83 VNQ LONG size=6018793 entry=73.52@2023-12-01 16:00:00-05:00 exit=72.15@2024-05-01 16:00:00-04:00 pnl=-2005533.09 pnlcomm=-2579906.50 commission=574373.40 bars=103
2026-10-03 14:08:13.022 INFO webull.main   #84 DBC LONG size=22001295 entry=21.19@2024-04-01 16:00:00-04:00 exit=20.72@2024-08-01 16:00:00-04:00 pnl=-9328041.82 pnlcomm=-9905787.95 commission=577746.13 bars=85
2026-10-03 14:08:13.022 INFO webull.main   #85 EFA LONG size=6633878 entry=68.70@2023-12-01 16:00:00-05:00 exit=74.15@2024-12-02 16:00:00-05:00 pnl=54824179.96 pnlcomm=54416917.79 commission=407262.17 bars=251
2026-10-03 14:08:13.022 INFO webull.main   #86 IEF LONG size=5399633 entry=85.56@2024-06-03 16:00:00-04:00 exit=86.58@2025-01-02 16:00:00-05:00 pnl=9818829.11 pnlcomm=9465915.53 commission=352913.58 bars=147
2026-10-03 14:08:13.022 INFO webull.main   #87 SPY LONG size=993441 entry=486.46@2023-12-01 16:00:00-05:00 exit=548.35@2025-04-01 16:00:00-04:00 pnl=103762261.25 pnlcomm=103301845.75 commission=460415.50 bars=332
2026-10-03 14:08:13.022 INFO webull.main   #88 VNQ LONG size=6048907 entry=79.55@2024-06-03 16:00:00-04:00 exit=85.81@2025-04-01 16:00:00-04:00 pnl=60017241.39 pnlcomm=59280842.46 commission=736398.94 bars=207
2026-10-03 14:08:13.022 INFO webull.main   #89 DBC LONG size=22566476 entry=21.22@2025-02-03 16:00:00-05:00 exit=19.90@2025-05-01 16:00:00-04:00 pnl=-31784843.00 pnlcomm=-32347017.63 commission=562174.63 bars=61
2026-10-03 14:08:13.022 INFO webull.main   #90 SPY LONG size=829789 entry=605.06@2025-06-02 16:00:00-04:00 exit=650.60@2026-04-01 16:00:00-04:00 pnl=58175307.48 pnlcomm=57742290.29 commission=433017.19 bars=209
2026-10-03 14:08:13.022 INFO webull.main   #91 VNQ LONG size=5672591 entry=87.45@2025-09-02 16:00:00-04:00 exit=87.17@2026-04-01 16:00:00-04:00 pnl=204586.71 pnlcomm=-495515.67 commission=700102.38 bars=146
2026-10-03 14:08:13.022 INFO webull.main   #92 IEF LONG size=5439753 entry=90.50@2025-03-03 16:00:00-05:00 exit=92.63@2026-06-01 16:00:00-04:00 pnl=19863340.74 pnlcomm=19373965.95 commission=489374.78 bars=313
2026-10-03 14:08:13.022 INFO webull.main   #93 VNQ LONG size=5889824 entry=95.15@2026-05-01 16:00:00-04:00 exit=89.35@2026-10-01 16:00:00-04:00 pnl=-33711417.49 pnlcomm=-34453333.87 commission=741916.39 bars=105
2026-10-03 14:08:13.022 INFO webull.main ============================================================
2026-10-03 14:08:13.022 INFO webull.main [Backtest] visualization disabled (WEBULL_VISUALIZE=false)
2026-10-03 14:08:13.122 INFO webull.harness [Harness] in_sample     2005-11-01..2024-10-02  kit Sharpe 0.6294  our Sharpe 0.5062  ann 4.86%  max DD -15.93%  orders 15840 (refused 1)
2026-10-03 14:08:13.123 INFO webull.harness [Harness] out_of_sample 2024-10-03..2026-10-02  kit Sharpe 1.1571  our Sharpe 0.6981  ann 8.03%  max DD -6.39%  orders 2032 (refused 0)
2026-10-03 14:08:13.123 INFO webull.harness [Harness] full          2005-01-03..2026-10-02  kit Sharpe 0.6593  our Sharpe 0.5115  ann 4.95%  max DD -15.93%  orders 17875 (refused 1)
2026-10-03 14:08:13.144 INFO webull.harness [Harness] metrics written: <scratch>/kit_native/native_gtaa/reserve/bhfalse_project_1e9_r0.005.json
