{
 "placebo_tree": false,
 "n_meetings": 62,
 "h2_ok": 26,
 "h3_ok": 26,
 "h2_excluded": [
  [
   "2018-06-13",
   "qa_failed"
  ],
  [
   "2018-09-26",
   "qa_failed"
  ],
  [
   "2018-12-19",
   "qa_failed"
  ],
  [
   "2019-05-01",
   "qa_failed"
  ],
  [
   "2019-06-19",
   "qa_failed"
  ],
  [
   "2019-09-18",
   "qa_failed"
  ],
  [
   "2020-06-10",
   "qa_failed"
  ],
  [
   "2020-09-16",
   "qa_failed"
  ],
  [
   "2020-12-16",
   "qa_failed"
  ],
  [
   "2021-03-17",
   "qa_failed"
  ],
  [
   "2021-04-28",
   "qa_failed"
  ],
  [
   "2021-07-28",
   "qa_failed"
  ],
  [
   "2021-09-22",
   "qa_failed"
  ],
  [
   "2022-01-26",
   "qa_failed"
  ],
  [
   "2022-06-15",
   "qa_failed"
  ],
  [
   "2022-07-27",
   "qa_failed"
  ],
  [
   "2022-09-21",
   "qa_failed"
  ],
  [
   "2022-11-02",
   "qa_failed"
  ],
  [
   "2022-12-14",
   "qa_failed;no_caption_timed_answers"
  ],
  [
   "2023-02-01",
   "qa_failed"
  ],
  [
   "2023-03-22",
   "qa_failed"
  ],
  [
   "2023-05-03",
   "qa_failed"
  ],
  [
   "2023-06-14",
   "qa_failed;no_caption_timed_answers"
  ],
  [
   "2023-07-26",
   "qa_failed;no_caption_timed_answers"
  ],
  [
   "2023-11-01",
   "qa_failed;no_caption_timed_answers"
  ],
  [
   "2023-12-13",
   "qa_failed;no_caption_timed_answers"
  ],
  [
   "2024-01-31",
   "qa_failed"
  ],
  [
   "2024-03-20",
   "qa_failed;no_caption_timed_answers"
  ],
  [
   "2024-05-01",
   "qa_failed"
  ],
  [
   "2024-07-31",
   "qa_failed"
  ],
  [
   "2024-09-18",
   "qa_failed"
  ],
  [
   "2025-05-07",
   "qa_failed"
  ],
  [
   "2025-10-29",
   "qa_failed"
  ],
  [
   "2025-12-10",
   "qa_failed;no_caption_timed_answers"
  ],
  [
   "2026-03-18",
   "qa_failed"
  ],
  [
   "2026-04-29",
   "qa_failed"
  ]
 ],
 "h3_excluded": [
  [
   "2018-06-13",
   "qa_failed"
  ],
  [
   "2018-09-26",
   "qa_failed"
  ],
  [
   "2018-12-19",
   "qa_failed"
  ],
  [
   "2019-05-01",
   "qa_failed"
  ],
  [
   "2019-06-19",
   "qa_failed"
  ],
  [
   "2019-09-18",
   "qa_failed"
  ],
  [
   "2020-06-10",
   "qa_failed"
  ],
  [
   "2020-09-16",
   "qa_failed"
  ],
  [
   "2020-12-16",
   "qa_failed"
  ],
  [
   "2021-03-17",
   "qa_failed"
  ],
  [
   "2021-04-28",
   "qa_failed"
  ],
  [
   "2021-07-28",
   "qa_failed"
  ],
  [
   "2021-09-22",
   "qa_failed"
  ],
  [
   "2022-01-26",
   "qa_failed"
  ],
  [
   "2022-06-15",
   "qa_failed"
  ],
  [
   "2022-07-27",
   "qa_failed"
  ],
  [
   "2022-09-21",
   "qa_failed"
  ],
  [
   "2022-11-02",
   "qa_failed"
  ],
  [
   "2022-12-14",
   "qa_failed;no_caption_timed_answers"
  ],
  [
   "2023-02-01",
   "qa_failed"
  ],
  [
   "2023-03-22",
   "qa_failed"
  ],
  [
   "2023-05-03",
   "qa_failed"
  ],
  [
   "2023-06-14",
   "qa_failed;no_caption_timed_answers"
  ],
  [
   "2023-07-26",
   "qa_failed;no_caption_timed_answers"
  ],
  [
   "2023-11-01",
   "qa_failed;no_caption_timed_answers"
  ],
  [
   "2023-12-13",
   "qa_failed;no_caption_timed_answers"
  ],
  [
   "2024-01-31",
   "qa_failed"
  ],
  [
   "2024-03-20",
   "qa_failed;no_caption_timed_answers"
  ],
  [
   "2024-05-01",
   "qa_failed"
  ],
  [
   "2024-07-31",
   "qa_failed"
  ],
  [
   "2024-09-18",
   "qa_failed"
  ],
  [
   "2025-05-07",
   "qa_failed"
  ],
  [
   "2025-10-29",
   "qa_failed"
  ],
  [
   "2025-12-10",
   "qa_failed;no_caption_timed_answers"
  ],
  [
   "2026-03-18",
   "qa_failed"
  ],
  [
   "2026-04-29",
   "qa_failed"
  ]
 ],
 "answers_with_zA": 543,
 "answers_with_U": 570,
 "pkg_causal_z_match": true,
 "kill": {
  "H2": {
   "killed": false,
   "reasons": [],
   "g4_share_arousal": 0.0,
   "g4_n_post_burnin": 22,
   "g4_share_dominance_descriptive": 0.0,
   "source_invariance": {
    "status": "source invariance not checked (missing re-runs: ['20190619'])",
    "icc31": null
   },
   "labels": [
    "exploratory, post-NO-GO; cannot rescue G3; no trading claim",
    "source invariance not checked (missing re-runs: ['20190619'])"
   ]
  },
  "H3": {
   "killed": true,
   "reasons": [
    "G4: floor binds for BI in 100% of post-burn-in meetings"
   ],
   "g4": {
    "BD": {
     "share": 0.0,
     "n_post_burnin": 22
    },
    "BI": {
     "share": 1.0,
     "n_post_burnin": 22
    },
    "ES": {
     "share": 0.0,
     "n_post_burnin": 22
    }
   },
   "av_skew": "not estimated, not corrected (A-33; cannot break causality)",
   "labels": [
    "exploratory, post-NO-GO; cannot rescue G3; no trading claim"
   ]
  },
  "placebo_tree": false
 }
}
{
 "placebo_features": false,
 "H2": {
  "eligible": 541,
  "eligible_primary": 286,
  "h1": 515,
  "h1_primary": 268,
  "h1_primary_meetings": 10,
  "h5": 176,
  "h5_primary": 81,
  "h5_primary_meetings": 10,
  "h15": 70,
  "h15_primary": 31,
  "h15_primary_meetings": 10,
  "meetings_eligible": 22,
  "meetings_eligible_primary": 10
 },
 "H3": {
  "eligible": 552,
  "eligible_primary": 292,
  "h1": 524,
  "h1_primary": 272,
  "h1_primary_meetings": 10,
  "h5": 177,
  "h5_primary": 82,
  "h5_primary_meetings": 10,
  "h15": 70,
  "h15_primary": 31,
  "h15_primary_meetings": 10,
  "meetings_eligible": 22,
  "meetings_eligible_primary": 10
 },
 "H2D": {
  "eligible": 541,
  "eligible_primary": 286,
  "h1": 515,
  "h1_primary": 268,
  "h1_primary_meetings": 10,
  "h5": 176,
  "h5_primary": 81,
  "h5_primary_meetings": 10,
  "h15": 70,
  "h15_primary": 31,
  "h15_primary_meetings": 10,
  "meetings_eligible": 22,
  "meetings_eligible_primary": 10
 },
 "H2V": {
  "eligible": 0,
  "eligible_primary": 0,
  "h1": 0,
  "h1_primary": 0,
  "h1_primary_meetings": 0,
  "h5": 0,
  "h5_primary": 0,
  "h5_primary_meetings": 0,
  "h15": 0,
  "h15_primary": 0,
  "h15_primary_meetings": 0,
  "meetings_eligible": 0,
  "meetings_eligible_primary": 0
 },
 "H4": {
  "eligible": 541,
  "eligible_primary": 286,
  "h1": 515,
  "h1_primary": 268,
  "h1_primary_meetings": 10,
  "meetings_eligible": 22
 },
 "known_at_qa": {
  "voice_media_end_le_E_all": true,
  "voice_tau_minus_pkg_known_at_s_median": 19.994334000000002,
  "face_tau_minus_pkg_known_at_s_median": 18.2443339995,
  "note": "package known_at (greeting anchor + 30 s) recorded as comparison only; fills use tau_k_upper"
 }
}
{
 "answer_ZT": {
  "n": 247,
  "n_meetings": 12,
  "coef_T": {
   "const": 0.07327107274243971,
   "s_tilde": -0.01547077442447383
  },
  "coef_C": {
   "const": 0.0732710727424397,
   "s_tilde": 0.012565505840705437,
   "zA": -0.021777935773349015,
   "U": -0.08357884312069726
  }
 },
 "meeting_ZT": {
  "n": 12,
  "n_meetings": 12,
  "coef_T": {
   "const": 1.429525744901911,
   "s_tilde_m": -1.4875113224843444
  },
  "coef_C": {
   "const": 1.4295257449019108,
   "s_tilde_m": -2.084771707079778,
   "zA_m": 1.1614629136233394,
   "U_m": -0.04586861382538426
  }
 },
 "answer_ES": {
  "n": 247,
  "n_meetings": 12,
  "coef_T": {
   "const": 0.924194502766366,
   "s_tilde": 0.0107927619852372
  },
  "coef_C": {
   "const": 0.9241945027663658,
   "s_tilde": 0.03190927087233654,
   "zA": -0.2419889121982128,
   "U": 0.16637054218149552
  }
 },
 "meeting_ES": {
  "n": 12,
  "n_meetings": 12,
  "coef_T": {
   "const": 10.4854111616138,
   "s_tilde_m": -23.00431571355534
  },
  "coef_C": {
   "const": 10.485411161613799,
   "s_tilde_m": -38.500786690637206,
   "zA_m": 16.093648081102465,
   "U_m": 9.808606934090449
  }
 }
}
fit sha256 8a864d7722916f6f9bb8bf488235a1b3835fd0e2090a4b35c01f3b684e34a8a1
{
 "H2": {
  "status": "run",
  "p_raw": 0.4382,
  "p_used": 0.4382,
  "n_answers": 268,
  "n_meetings": 10,
  "mean_ticks": -0.08582089552238806,
  "bb_ci90": [
   -0.26153846153846155,
   0.0683453237410072
  ],
  "reasons": [],
  "labels": [
   "exploratory, post-NO-GO; cannot rescue G3; no trading claim",
   "source invariance not checked (missing re-runs: ['20190619'])"
  ],
  "p_holm": 0.8764,
  "holm_significant_at_0.05": false,
  "wording": "not detected (see the 90% CI upper bound)"
 },
 "H3": {
  "status": "killed",
  "p_raw": null,
  "p_used": 1.0,
  "n_answers": 272,
  "n_meetings": 10,
  "mean_ticks": 0.011029411764705883,
  "bb_ci90": [
   -0.176056338028169,
   0.21673003802281368
  ],
  "reasons": [
   "G4: floor binds for BI in 100% of post-burn-in meetings"
  ],
  "labels": [
   "exploratory, post-NO-GO; cannot rescue G3; no trading claim"
  ],
  "p_holm": 1.0,
  "holm_significant_at_0.05": false,
  "wording": "not detected (see the 90% CI upper bound)"
 },
 "H4": {
  "status": "run",
  "p_raw": 0.24422731404678433,
  "p_used": 0.24422731404678433,
  "n_answers": 268,
  "n_meetings": 10,
  "labels": [
   "exploratory, post-NO-GO; cannot rescue G3; no trading claim"
  ],
  "p_holm": 0.732681942140353,
  "holm_significant_at_0.05": false,
  "wording": "not detected (see the 90% CI upper bound)"
 },
 "note": "Holm m = 3 across H2, H3, H4 (new exploratory family; the locked register keeps them at p = 1, R2-26). A killed or unrunnable primary enters with p = 1.",
 "features": "real features"
}
{
 "answer_ZT": {
  "n": 268,
  "n_clusters": 10,
  "mean_f": 0.008298241082750124,
  "t": 0.7222955999153916,
  "p_one": 0.24422731404678433,
  "oos_r2_C_vs_T": -0.00427856863017384
 },
 "answer_ES": {
  "n": 268,
  "n_clusters": 10,
  "mean_f": -0.27291667369247163,
  "t": -0.9298876475895957,
  "p_one": 0.8116515561462261,
  "oos_r2_C_vs_T": -0.0100802520858565
 },
 "meeting_ZT": {
  "n": 10,
  "n_clusters": 10,
  "mean_f": 7.670136303041019,
  "t": 2.3885783385952015,
  "p_one": 0.020326010292962216,
  "oos_r2_C_vs_T": 0.40744802171660865
 },
 "meeting_ES": {
  "n": 10,
  "n_clusters": 10,
  "mean_f": 672.7196934738257,
  "t": 2.0455432461130165,
  "p_one": 0.03556233778270246,
  "oos_r2_C_vs_T": 0.12094487448491065
 }
}
