2026-10-03 13:59:16.779 INFO webull.main [Backtest] strategy=replay_weights symbols=['SPY', 'EFA', 'IEF', 'VNQ', 'DBC'] params={'path': '<scratch>/kit_native/harness/s3_held.csv', 'fill': 'open'}
2026-10-03 13:59:16.782 INFO webull.main [Backtest] starting cash: 1000000000.00
2026-10-03 13:59:20.145 INFO webull.main ============================================================
2026-10-03 13:59:20.145 INFO webull.main [Backtest] Result Summary
2026-10-03 13:59:20.145 INFO webull.main ============================================================
2026-10-03 13:59:20.145 INFO webull.main Starting cash    : 1000000000.00
2026-10-03 13:59:20.145 INFO webull.main Final cash       : 2867194734.74
2026-10-03 13:59:20.145 INFO webull.main Net P&L          : 1867194734.74 (186.72%)
2026-10-03 13:59:20.145 INFO webull.main Max drawdown     : 16.01% (220599310.69)
2026-10-03 13:59:20.145 INFO webull.main Sharpe ratio     : 0.6586 (annualized)
2026-10-03 13:59:20.145 INFO webull.main Total trades     : 96 (won=40, lost=53, win rate=41.67%)
2026-10-03 13:59:20.145 INFO webull.main Trades net P&L   : 1398514775.15
2026-10-03 13:59:20.145 INFO webull.main ============================================================
2026-10-03 13:59:20.145 INFO webull.main [Backtest] Trade-by-trade detail (93 closed trade(s)):
2026-10-03 13:59:20.145 INFO webull.main   #1 IEF LONG size=4250777 entry=48.30@2006-01-03 16:00:00-05:00 exit=48.05@2006-02-01 16:00:00-05:00 pnl=-1077911.78 pnlcomm=-1209420.96 commission=131509.19 bars=20
2026-10-03 13:59:20.145 INFO webull.main   #2 DBC LONG size=11607854 entry=20.24@2006-12-01 16:00:00-05:00 exit=19.61@2007-02-01 16:00:00-05:00 pnl=-9461316.90 pnlcomm=-9742378.59 commission=281061.70 bars=40
2026-10-03 13:59:20.145 INFO webull.main   #3 IEF LONG size=4564560 entry=48.64@2006-08-01 16:00:00-04:00 exit=49.75@2007-07-02 16:00:00-04:00 pnl=8705172.13 pnlcomm=8503273.64 commission=201898.49 bars=230
2026-10-03 13:59:20.145 INFO webull.main   #4 VNQ LONG size=8302371 entry=29.51@2005-11-01 16:00:00-05:00 exit=31.97@2007-07-02 16:00:00-04:00 pnl=62581776.21 pnlcomm=62101454.84 commission=480321.37 bars=417
2026-10-03 13:59:20.145 INFO webull.main   #5 SPY LONG size=2443456 entry=92.60@2005-11-01 16:00:00-05:00 exit=104.11@2008-01-02 16:00:00-05:00 pnl=54309946.63 pnlcomm=54047071.37 commission=262875.26 bars=544
2026-10-03 13:59:20.145 INFO webull.main   #6 EFA LONG size=6616045 entry=38.29@2005-11-01 16:00:00-05:00 exit=45.30@2008-01-02 16:00:00-05:00 pnl=92606438.49 pnlcomm=92285187.58 commission=321250.91 bars=544
2026-10-03 13:59:20.145 INFO webull.main   #7 VNQ LONG size=8758356 entry=30.50@2008-05-01 16:00:00-04:00 exit=26.79@2008-07-01 16:00:00-04:00 pnl=-37542850.46 pnlcomm=-37884862.10 commission=342011.64 bars=42
2026-10-03 13:59:20.145 INFO webull.main   #8 DBC LONG size=11714764 entry=27.89@2007-03-01 16:00:00-05:00 exit=27.88@2008-10-01 16:00:00-04:00 pnl=91316576.68 pnlcomm=90581202.70 commission=735373.99 bars=401
2026-10-03 13:59:20.146 INFO webull.main   #9 VNQ LONG size=9096247 entry=24.47@2008-09-02 16:00:00-04:00 exit=19.75@2008-11-03 16:00:00-05:00 pnl=-81469158.13 pnlcomm=-81928370.87 commission=459212.74 bars=44
2026-10-03 13:59:20.146 INFO webull.main   #10 IEF LONG size=4736524 entry=56.06@2007-08-01 16:00:00-04:00 exit=60.04@2009-06-01 16:00:00-04:00 pnl=44385468.69 pnlcomm=44031954.78 commission=353513.91 bars=461
2026-10-03 13:59:20.146 INFO webull.main   #11 IEF LONG size=4275217 entry=62.07@2009-10-01 16:00:00-04:00 exit=60.45@2010-01-04 16:00:00-05:00 pnl=-7623658.37 pnlcomm=-7837683.25 commission=214024.88 bars=64
2026-10-03 13:59:20.146 INFO webull.main   #12 DBC LONG size=12873377 entry=19.83@2009-08-03 16:00:00-04:00 exit=19.30@2010-02-01 16:00:00-05:00 pnl=-6664713.61 pnlcomm=-7042993.15 commission=378279.54 bars=125
2026-10-03 13:59:20.146 INFO webull.main   #13 IEF LONG size=4317663 entry=61.68@2010-02-01 16:00:00-05:00 exit=61.24@2010-04-01 16:00:00-04:00 pnl=-2003287.35 pnlcomm=-2187115.53 commission=183828.18 bars=42
2026-10-03 13:59:20.146 INFO webull.main   #14 EFA LONG size=8717270 entry=30.17@2009-06-01 16:00:00-04:00 exit=29.19@2010-06-01 16:00:00-04:00 pnl=4211476.31 pnlcomm=3938096.47 commission=273379.83 bars=252
2026-10-03 13:59:20.146 INFO webull.main   #15 DBC LONG size=13623817 entry=19.97@2010-03-01 16:00:00-05:00 exit=18.40@2010-06-01 16:00:00-04:00 pnl=-23798415.91 pnlcomm=-24120167.22 commission=321751.32 bars=64
2026-10-03 13:59:20.146 INFO webull.main   #16 SPY LONG size=3580081 entry=72.30@2009-07-01 16:00:00-04:00 exit=77.47@2010-07-01 16:00:00-04:00 pnl=33977985.31 pnlcomm=33752617.77 commission=225367.54 bars=252
2026-10-03 13:59:20.146 INFO webull.main   #17 SPY LONG size=3276778 entry=83.92@2010-08-02 16:00:00-04:00 exit=80.16@2010-09-01 16:00:00-04:00 pnl=-12718217.40 pnlcomm=-12888937.68 commission=170720.28 bars=22
2026-10-03 13:59:20.146 INFO webull.main   #18 EFA LONG size=8429036 entry=32.81@2010-08-02 16:00:00-04:00 exit=31.73@2010-09-01 16:00:00-04:00 pnl=-9521593.58 pnlcomm=-9696563.03 commission=174969.45 bars=22
2026-10-03 13:59:20.146 INFO webull.main   #19 IEF LONG size=4631324 entry=64.34@2010-05-03 16:00:00-04:00 exit=65.56@2011-01-03 16:00:00-05:00 pnl=15029463.57 pnlcomm=14745794.41 commission=283669.16 bars=170
2026-10-03 13:59:20.146 INFO webull.main   #20 SPY LONG size=3139099 entry=89.63@2010-10-01 16:00:00-04:00 exit=93.69@2011-09-01 16:00:00-04:00 pnl=21714406.95 pnlcomm=21476113.09 commission=238293.87 bars=232
2026-10-03 13:59:20.146 INFO webull.main   #21 EFA LONG size=7941778 entry=35.03@2010-10-01 16:00:00-04:00 exit=34.02@2011-09-01 16:00:00-04:00 pnl=-1431945.94 pnlcomm=-1719506.63 commission=287560.69 bars=232
2026-10-03 13:59:20.146 INFO webull.main   #22 VNQ LONG size=14372784 entry=26.30@2009-08-03 16:00:00-04:00 exit=31.48@2011-09-01 16:00:00-04:00 pnl=168488698.66 pnlcomm=167624202.13 commission=864496.54 bars=526
2026-10-03 13:59:20.146 INFO webull.main   #23 DBC LONG size=13271775 entry=22.63@2010-10-01 16:00:00-04:00 exit=21.40@2011-10-03 16:00:00-04:00 pnl=13856052.48 pnlcomm=13317434.00 commission=538618.48 bars=253
2026-10-03 13:59:20.146 INFO webull.main   #24 VNQ LONG size=8920587 entry=31.06@2011-11-01 16:00:00-04:00 exit=30.91@2011-12-01 16:00:00-05:00 pnl=-1494848.95 pnlcomm=-1820979.91 commission=326130.96 bars=21
2026-10-03 13:59:20.146 INFO webull.main   #25 EFA LONG size=8259949 entry=35.14@2012-03-01 16:00:00-05:00 exit=30.31@2012-06-01 16:00:00-04:00 pnl=-44492550.09 pnlcomm=-44690901.80 commission=198351.72 bars=64
2026-10-03 13:59:20.146 INFO webull.main   #26 DBC LONG size=11764630 entry=24.63@2012-03-01 16:00:00-05:00 exit=21.04@2012-06-01 16:00:00-04:00 pnl=-47290734.98 pnlcomm=-47610380.83 commission=319645.85 bars=64
2026-10-03 13:59:20.146 INFO webull.main   #27 DBC LONG size=11684562 entry=24.48@2012-09-04 16:00:00-04:00 exit=23.38@2012-11-01 16:00:00-04:00 pnl=-13548962.37 pnlcomm=-13865168.56 commission=316206.20 bars=40
2026-10-03 13:59:20.146 INFO webull.main   #28 IEF LONG size=4513468 entry=74.23@2011-06-01 16:00:00-04:00 exit=78.44@2013-02-01 16:00:00-05:00 pnl=39325583.33 pnlcomm=38919879.23 commission=405704.10 bars=420
2026-10-03 13:59:20.146 INFO webull.main   #29 DBC LONG size=11986163 entry=23.91@2012-12-03 16:00:00-05:00 exit=22.73@2013-03-01 16:00:00-05:00 pnl=-15481018.15 pnlcomm=-15802013.87 commission=320995.72 bars=60
2026-10-03 13:59:20.146 INFO webull.main   #30 IEF LONG size=3764894 entry=79.29@2013-04-01 16:00:00-04:00 exit=77.78@2013-06-03 16:00:00-04:00 pnl=-5760349.17 pnlcomm=-5960993.86 commission=200644.69 bars=44
2026-10-03 13:59:20.146 INFO webull.main   #31 VNQ LONG size=8878599 entry=36.15@2012-01-03 16:00:00-05:00 exit=38.18@2013-09-03 16:00:00-04:00 pnl=43550369.17 pnlcomm=42996001.11 commission=554368.06 bars=418
2026-10-03 13:59:20.146 INFO webull.main   #32 VNQ LONG size=7498718 entry=41.21@2013-11-01 16:00:00-04:00 exit=38.93@2013-12-02 16:00:00-05:00 pnl=-17982776.90 pnlcomm=-18302984.49 commission=320207.59 bars=20
2026-10-03 13:59:20.146 INFO webull.main   #33 DBC LONG size=14229160 entry=22.35@2014-03-03 16:00:00-05:00 exit=21.32@2014-08-01 16:00:00-04:00 pnl=-16159233.99 pnlcomm=-16542366.26 commission=383132.27 bars=106
2026-10-03 13:59:20.146 INFO webull.main   #34 EFA LONG size=8338879 entry=39.38@2012-09-04 16:00:00-04:00 exit=44.91@2014-10-01 16:00:00-04:00 pnl=84356858.80 pnlcomm=83998312.96 commission=358545.84 bars=521
2026-10-03 13:59:20.146 INFO webull.main   #35 VNQ LONG size=7483169 entry=44.60@2014-02-03 16:00:00-05:00 exit=50.16@2015-06-01 16:00:00-04:00 pnl=69049258.24 pnlcomm=68508238.57 commission=541019.67 bars=333
2026-10-03 13:59:20.146 INFO webull.main   #36 IEF LONG size=3975120 entry=78.35@2014-02-03 16:00:00-05:00 exit=80.60@2015-07-01 16:00:00-04:00 pnl=17194658.60 pnlcomm=16870941.44 commission=323717.16 bars=355
2026-10-03 13:59:20.146 INFO webull.main   #37 SPY LONG size=2858105 entry=138.83@2012-02-01 16:00:00-05:00 exit=160.61@2015-09-01 16:00:00-04:00 pnl=140615835.14 pnlcomm=140143696.27 commission=472138.87 bars=901
2026-10-03 13:59:20.146 INFO webull.main   #38 EFA LONG size=7268241 entry=46.17@2015-03-02 16:00:00-05:00 exit=42.14@2015-09-01 16:00:00-04:00 pnl=-29145531.01 pnlcomm=-29403711.18 commission=258180.16 bars=128
2026-10-03 13:59:20.146 INFO webull.main   #39 IEF LONG size=4063568 entry=82.19@2015-08-03 16:00:00-04:00 exit=82.46@2015-09-01 16:00:00-04:00 pnl=1291291.54 pnlcomm=1080847.24 commission=210444.30 bars=21
2026-10-03 13:59:20.146 INFO webull.main   #40 IEF LONG size=3851543 entry=83.57@2015-10-01 16:00:00-04:00 exit=82.66@2016-01-04 16:00:00-05:00 pnl=-3847376.10 pnlcomm=-4060473.61 commission=213097.51 bars=64
2026-10-03 13:59:20.146 INFO webull.main   #41 SPY LONG size=1847757 entry=172.69@2015-11-02 16:00:00-05:00 exit=161.91@2016-02-01 16:00:00-05:00 pnl=-22520155.62 pnlcomm=-22747645.84 commission=227490.23 bars=61
2026-10-03 13:59:20.146 INFO webull.main   #42 EFA LONG size=7617746 entry=42.14@2016-06-01 16:00:00-04:00 exit=41.59@2016-07-01 16:00:00-04:00 pnl=-4892290.02 pnlcomm=-5110586.82 commission=218296.80 bars=22
2026-10-03 13:59:20.146 INFO webull.main   #43 IEF LONG size=3709000 entry=85.69@2016-02-01 16:00:00-05:00 exit=86.62@2016-11-01 16:00:00-04:00 pnl=6574452.19 pnlcomm=6306208.06 commission=268244.13 bars=191
2026-10-03 13:59:20.146 INFO webull.main   #44 VNQ LONG size=6236821 entry=53.12@2015-11-02 16:00:00-05:00 exit=54.66@2016-11-01 16:00:00-04:00 pnl=20793918.36 pnlcomm=20226957.65 commission=566960.71 bars=252
2026-10-03 13:59:20.146 INFO webull.main   #45 EFA LONG size=7718634 entry=43.09@2016-08-01 16:00:00-04:00 exit=42.25@2016-12-01 16:00:00-05:00 pnl=-6120371.68 pnlcomm=-6345487.92 commission=225116.24 bars=86
2026-10-03 13:59:20.146 INFO webull.main   #46 VNQ LONG size=5790968 entry=58.19@2017-03-01 16:00:00-05:00 exit=56.88@2017-04-03 16:00:00-04:00 pnl=-8072887.21 pnlcomm=-8424321.54 commission=351434.34 bars=23
2026-10-03 13:59:20.146 INFO webull.main   #47 DBC LONG size=26053606 entry=12.48@2016-05-02 16:00:00-04:00 exit=12.52@2017-05-01 16:00:00-04:00 pnl=8729605.96 pnlcomm=8172524.38 commission=557081.59 bars=251
2026-10-03 13:59:20.146 INFO webull.main   #48 IEF LONG size=3981201 entry=85.45@2017-06-01 16:00:00-04:00 exit=85.19@2017-12-01 16:00:00-05:00 pnl=-895748.55 pnlcomm=-1136115.46 commission=240366.91 bars=128
2026-10-03 13:59:20.146 INFO webull.main   #49 VNQ LONG size=5878914 entry=58.19@2017-07-03 16:00:00-04:00 exit=56.57@2018-02-01 16:00:00-05:00 pnl=-10067113.53 pnlcomm=-10524587.16 commission=457473.63 bars=147
2026-10-03 13:59:20.146 INFO webull.main   #50 EFA LONG size=7653910 entry=46.59@2017-01-03 16:00:00-05:00 exit=54.03@2018-06-01 16:00:00-04:00 pnl=74267574.46 pnlcomm=73953655.71 commission=313918.75 bars=355
2026-10-03 13:59:20.146 INFO webull.main   #51 EFA LONG size=6814861 entry=54.13@2018-08-01 16:00:00-04:00 exit=52.41@2018-09-04 16:00:00-04:00 pnl=-12150750.63 pnlcomm=-12380742.17 commission=229991.53 bars=23
2026-10-03 13:59:20.146 INFO webull.main   #52 IEF LONG size=4450081 entry=83.74@2018-09-04 16:00:00-04:00 exit=82.75@2018-10-01 16:00:00-04:00 pnl=-4464229.22 pnlcomm=-4691373.99 commission=227144.76 bars=19
2026-10-03 13:59:20.146 INFO webull.main   #53 SPY LONG size=1854254 entry=202.49@2016-04-01 16:00:00-04:00 exit=240.96@2018-11-01 16:00:00-04:00 pnl=116669194.37 pnlcomm=116247468.31 commission=421726.06 bars=653
2026-10-03 13:59:20.146 INFO webull.main   #54 DBC LONG size=26740694 entry=13.56@2017-10-02 16:00:00-04:00 exit=14.41@2018-11-01 16:00:00-04:00 pnl=41926307.04 pnlcomm=41345674.88 commission=580632.16 bars=274
2026-10-03 13:59:20.146 INFO webull.main   #55 SPY LONG size=1491498 entry=245.92@2018-12-03 16:00:00-05:00 exit=219.50@2019-01-02 16:00:00-05:00 pnl=-44130870.62 pnlcomm=-44367316.04 commission=236445.42 bars=19
2026-10-03 13:59:20.146 INFO webull.main   #56 VNQ LONG size=6418730 entry=57.28@2018-06-01 16:00:00-04:00 exit=55.02@2019-01-02 16:00:00-05:00 pnl=-9210806.82 pnlcomm=-9716864.63 commission=506057.81 bars=147
2026-10-03 13:59:20.146 INFO webull.main   #57 SPY LONG size=1413958 entry=250.54@2019-03-01 16:00:00-05:00 exit=246.76@2019-06-03 16:00:00-04:00 pnl=-4605635.62 pnlcomm=-4840667.91 commission=235032.28 bars=64
2026-10-03 13:59:20.146 INFO webull.main   #58 EFA LONG size=6914703 entry=52.14@2019-04-01 16:00:00-04:00 exit=50.66@2019-06-03 16:00:00-04:00 pnl=-10336201.52 pnlcomm=-10567149.28 commission=230947.75 bars=43
2026-10-03 13:59:20.146 INFO webull.main   #59 DBC LONG size=27020400 entry=13.85@2020-01-02 16:00:00-05:00 exit=12.58@2020-02-03 16:00:00-05:00 pnl=-36861269.97 pnlcomm=-37254334.39 commission=393064.41 bars=21
2026-10-03 13:59:20.146 INFO webull.main   #60 SPY LONG size=1353442 entry=269.19@2019-07-01 16:00:00-04:00 exit=271.15@2020-03-02 16:00:00-05:00 pnl=7608511.11 pnlcomm=7317584.87 commission=290926.25 bars=168
2026-10-03 13:59:20.146 INFO webull.main   #61 EFA LONG size=6676955 entry=54.09@2019-07-01 16:00:00-04:00 exit=51.21@2020-03-02 16:00:00-05:00 pnl=-18442393.03 pnlcomm=-18722130.56 commission=279737.53 bars=168
2026-10-03 13:59:20.146 INFO webull.main   #62 VNQ LONG size=5635615 entry=65.05@2019-02-01 16:00:00-05:00 exit=67.92@2020-03-02 16:00:00-05:00 pnl=33060351.86 pnlcomm=32501889.51 commission=558462.35 bars=271
2026-10-03 13:59:20.146 INFO webull.main   #63 DBC LONG size=31536226 entry=11.75@2020-09-01 16:00:00-04:00 exit=10.99@2020-11-02 16:00:00-05:00 pnl=-26059657.87 pnlcomm=-26475364.51 commission=415706.64 bars=43
2026-10-03 13:59:20.146 INFO webull.main   #64 IEF LONG size=4357199 entry=91.96@2018-12-03 16:00:00-05:00 exit=102.23@2020-12-01 16:00:00-05:00 pnl=73778424.81 pnlcomm=73344271.33 commission=434153.48 bars=502
2026-10-03 13:59:20.146 INFO webull.main   #65 IEF LONG size=4493482 entry=100.83@2021-08-02 16:00:00-04:00 exit=98.94@2021-10-01 16:00:00-04:00 pnl=-8837657.03 pnlcomm=-9134999.70 commission=297342.67 bars=43
2026-10-03 13:59:20.146 INFO webull.main   #66 EFA LONG size=7040241 entry=57.89@2020-08-03 16:00:00-04:00 exit=66.54@2021-12-01 16:00:00-05:00 pnl=93571472.71 pnlcomm=93158431.79 commission=413040.92 bars=336
2026-10-03 13:59:20.146 INFO webull.main   #67 EFA LONG size=6902552 entry=68.80@2022-01-03 16:00:00-05:00 exit=66.44@2022-02-01 16:00:00-05:00 pnl=-16593728.63 pnlcomm=-16887491.62 commission=293763.00 bars=20
2026-10-03 13:59:20.146 INFO webull.main   #68 IEF LONG size=4557840 entry=98.96@2021-12-01 16:00:00-05:00 exit=96.81@2022-02-01 16:00:00-05:00 pnl=-10611139.02 pnlcomm=-10917878.70 commission=306739.67 bars=42
2026-10-03 13:59:20.146 INFO webull.main   #69 SPY LONG size=1287039 entry=336.68@2020-06-01 16:00:00-04:00 exit=408.32@2022-03-01 16:00:00-05:00 pnl=155468464.72 pnlcomm=154971502.63 commission=496962.09 bars=441
2026-10-03 13:59:20.146 INFO webull.main   #70 VNQ LONG size=5613534 entry=75.90@2020-12-01 16:00:00-05:00 exit=85.41@2022-03-01 16:00:00-05:00 pnl=101905293.16 pnlcomm=101133502.39 commission=771790.77 bars=313
2026-10-03 13:59:20.146 INFO webull.main   #71 SPY LONG size=1106345 entry=424.93@2022-04-01 16:00:00-04:00 exit=387.97@2022-05-02 16:00:00-04:00 pnl=-44090349.76 pnlcomm=-44389977.83 commission=299628.07 bars=20
2026-10-03 13:59:20.146 INFO webull.main   #72 VNQ LONG size=5196207 entry=90.95@2022-04-01 16:00:00-04:00 exit=86.78@2022-05-02 16:00:00-04:00 pnl=-21054781.30 pnlcomm=-21547406.69 commission=492625.39 bars=20
2026-10-03 13:59:20.146 INFO webull.main   #73 DBC LONG size=30896939 entry=19.27@2020-12-01 16:00:00-05:00 exit=21.27@2022-10-03 16:00:00-04:00 pnl=257687373.92 pnlcomm=256407304.67 commission=1280069.25 bars=462
2026-10-03 13:59:20.146 INFO webull.main   #74 SPY LONG size=1169548 entry=386.53@2022-12-01 16:00:00-05:00 exit=366.62@2023-01-03 16:00:00-05:00 pnl=-25043453.33 pnlcomm=-25331136.37 commission=287683.03 bars=21
2026-10-03 13:59:20.146 INFO webull.main   #75 IEF LONG size=5211213 entry=87.02@2023-02-01 16:00:00-05:00 exit=83.67@2023-03-01 16:00:00-05:00 pnl=-17866996.10 pnlcomm=-18142488.97 commission=275492.87 bars=19
2026-10-03 13:59:20.146 INFO webull.main   #76 VNQ LONG size=5769469 entry=77.97@2023-02-01 16:00:00-05:00 exit=73.36@2023-03-01 16:00:00-05:00 pnl=-27417088.33 pnlcomm=-27881048.68 commission=463960.35 bars=19
2026-10-03 13:59:20.146 INFO webull.main   #77 IEF LONG size=5103780 entry=86.95@2023-04-03 16:00:00-04:00 exit=84.57@2023-08-01 16:00:00-04:00 pnl=-12797146.29 pnlcomm=-13111444.86 commission=314298.57 bars=82
2026-10-03 13:59:20.146 INFO webull.main   #78 VNQ LONG size=6170674 entry=73.45@2023-07-03 16:00:00-04:00 exit=72.98@2023-09-01 16:00:00-04:00 pnl=-2654223.83 pnlcomm=-3149620.01 commission=495396.18 bars=43
2026-10-03 13:59:20.146 INFO webull.main   #79 EFA LONG size=7576477 entry=61.45@2022-12-01 16:00:00-05:00 exit=62.32@2023-10-02 16:00:00-04:00 pnl=15941975.94 pnlcomm=15549311.31 commission=392664.63 bars=208
2026-10-03 13:59:20.146 INFO webull.main   #80 SPY LONG size=1167890 entry=391.74@2023-02-01 16:00:00-05:00 exit=404.28@2023-11-01 16:00:00-04:00 pnl=21700781.66 pnlcomm=21326840.74 commission=373940.93 bars=189
2026-10-03 13:59:20.146 INFO webull.main   #81 DBC LONG size=21325502 entry=21.32@2023-08-01 16:00:00-04:00 exit=20.33@2024-01-02 16:00:00-05:00 pnl=-21950859.85 pnlcomm=-22542787.62 commission=591927.77 bars=106
2026-10-03 13:59:20.146 INFO webull.main   #82 IEF LONG size=5229194 entry=86.33@2024-01-02 16:00:00-05:00 exit=83.38@2024-05-01 16:00:00-04:00 pnl=-16843802.46 pnlcomm=-17153586.05 commission=309783.59 bars=83
2026-10-03 13:59:20.146 INFO webull.main   #83 VNQ LONG size=6064247 entry=73.52@2023-12-01 16:00:00-05:00 exit=72.15@2024-05-01 16:00:00-04:00 pnl=-2031540.15 pnlcomm=-2609973.51 commission=578433.36 bars=103
2026-10-03 13:59:20.146 INFO webull.main   #84 DBC LONG size=22173993 entry=21.19@2024-04-01 16:00:00-04:00 exit=20.72@2024-08-01 16:00:00-04:00 pnl=-9402940.54 pnlcomm=-9985265.61 commission=582325.07 bars=85
2026-10-03 13:59:20.147 INFO webull.main   #85 EFA LONG size=6683977 entry=68.70@2023-12-01 16:00:00-05:00 exit=74.15@2024-12-02 16:00:00-05:00 pnl=55235370.88 pnlcomm=54825180.38 commission=410190.50 bars=251
2026-10-03 13:59:20.147 INFO webull.main   #86 IEF LONG size=5441578 entry=85.57@2024-06-03 16:00:00-04:00 exit=86.58@2025-01-02 16:00:00-05:00 pnl=9891796.18 pnlcomm=9535874.69 commission=355921.50 bars=147
2026-10-03 13:59:20.147 INFO webull.main   #87 SPY LONG size=1000943 entry=486.42@2023-12-01 16:00:00-05:00 exit=548.35@2025-04-01 16:00:00-04:00 pnl=104553611.42 pnlcomm=104089841.77 commission=463769.65 bars=332
2026-10-03 13:59:20.147 INFO webull.main   #88 VNQ LONG size=6095894 entry=79.55@2024-06-03 16:00:00-04:00 exit=85.81@2025-04-01 16:00:00-04:00 pnl=60483251.87 pnlcomm=59741422.28 commission=741829.59 bars=207
2026-10-03 13:59:20.147 INFO webull.main   #89 DBC LONG size=22747116 entry=21.22@2025-02-03 16:00:00-05:00 exit=19.90@2025-05-01 16:00:00-04:00 pnl=-32042756.70 pnlcomm=-32609413.80 commission=566657.09 bars=61
2026-10-03 13:59:20.147 INFO webull.main   #90 SPY LONG size=836439 entry=605.06@2025-06-02 16:00:00-04:00 exit=650.60@2026-04-01 16:00:00-04:00 pnl=58634190.61 pnlcomm=58197722.30 commission=436468.31 bars=209
2026-10-03 13:59:20.147 INFO webull.main   #91 VNQ LONG size=5719117 entry=87.45@2025-09-02 16:00:00-04:00 exit=87.17@2026-04-01 16:00:00-04:00 pnl=198590.53 pnlcomm=-507369.11 commission=705959.64 bars=146
2026-10-03 13:59:20.147 INFO webull.main   #92 IEF LONG size=5483661 entry=90.51@2025-03-03 16:00:00-05:00 exit=92.63@2026-06-01 16:00:00-04:00 pnl=20021815.60 pnlcomm=19527745.50 commission=494070.10 bars=313
2026-10-03 13:59:20.147 INFO webull.main   #93 VNQ LONG size=5941374 entry=95.16@2026-05-01 16:00:00-04:00 exit=89.35@2026-10-01 16:00:00-04:00 pnl=-34015446.86 pnlcomm=-34763908.82 commission=748461.95 bars=105
2026-10-03 13:59:20.147 INFO webull.main ============================================================
2026-10-03 13:59:20.147 INFO webull.main [Backtest] visualization disabled (WEBULL_VISUALIZE=false)
2026-10-03 13:59:20.382 INFO webull.harness [Harness] in_sample     2005-11-01..2024-10-02  kit Sharpe 0.6287  our Sharpe 0.5054  ann 4.87%  max DD -16.01%  orders 15840 (refused 0)
2026-10-03 13:59:20.382 INFO webull.harness [Harness] out_of_sample 2024-10-03..2026-10-02  kit Sharpe 1.1571  our Sharpe 0.6982  ann 8.07%  max DD -6.42%  orders 2032 (refused 0)
2026-10-03 13:59:20.382 INFO webull.harness [Harness] full          2005-01-03..2026-10-02  kit Sharpe 0.6586  our Sharpe 0.5108  ann 4.97%  max DD -16.01%  orders 17875 (refused 0)
2026-10-03 13:59:20.400 INFO webull.harness [Harness] metrics written: <scratch>/kit_native/harness/replay_s3_open_project.json
