2026-10-03 14:16:33.201 INFO webull.main [Backtest] strategy=gqh_gtaa symbols=['SPY', 'EFA', 'IEF', 'VNQ', 'DBC'] params={'buy_and_hold': False, 'decisions': '<scratch>/kit_native/native_gtaa/check/S3_guide_cash_1e9_decisions.csv'}
2026-10-03 14:16:33.205 INFO webull.main [Backtest] starting cash: 1000000000.00
2026-10-03 14:16:36.991 INFO webull.main ============================================================
2026-10-03 14:16:36.991 INFO webull.main [Backtest] Result Summary
2026-10-03 14:16:36.991 INFO webull.main ============================================================
2026-10-03 14:16:36.992 INFO webull.main Starting cash    : 1000000000.00
2026-10-03 14:16:36.992 INFO webull.main Final cash       : 2747520685.75
2026-10-03 14:16:36.992 INFO webull.main Net P&L          : 1747520685.75 (174.75%)
2026-10-03 14:16:36.992 INFO webull.main Max drawdown     : 15.92% (217984101.14)
2026-10-03 14:16:36.992 INFO webull.main Sharpe ratio     : 0.6392 (annualized)
2026-10-03 14:16:36.992 INFO webull.main Total trades     : 96 (won=40, lost=53, win rate=41.67%)
2026-10-03 14:16:36.992 INFO webull.main Trades net P&L   : 1304551862.04
2026-10-03 14:16:36.992 INFO webull.main ============================================================
2026-10-03 14:16:36.992 INFO webull.main [Backtest] Trade-by-trade detail (93 closed trade(s)):
2026-10-03 14:16:36.992 INFO webull.main   #1 IEF LONG size=4205684 entry=48.33@2006-01-03 16:00:00-05:00 exit=48.03@2006-02-01 16:00:00-05:00 pnl=-1280876.03 pnlcomm=-1497592.83 commission=216716.80 bars=20
2026-10-03 14:16:36.992 INFO webull.main   #2 DBC LONG size=11459872 entry=20.25@2006-12-01 16:00:00-05:00 exit=19.60@2007-02-01 16:00:00-05:00 pnl=-9618528.69 pnlcomm=-9896054.14 commission=277525.45 bars=40
2026-10-03 14:16:36.992 INFO webull.main   #3 IEF LONG size=4511160 entry=48.65@2006-08-01 16:00:00-04:00 exit=49.72@2007-07-02 16:00:00-04:00 pnl=8290791.24 pnlcomm=7959423.21 commission=331368.03 bars=230
2026-10-03 14:16:36.992 INFO webull.main   #4 VNQ LONG size=8219347 entry=29.52@2005-11-01 16:00:00-05:00 exit=31.96@2007-07-02 16:00:00-04:00 pnl=61579290.59 pnlcomm=61103995.27 commission=475295.32 bars=417
2026-10-03 14:16:36.992 INFO webull.main   #5 SPY LONG size=2419021 entry=92.65@2005-11-01 16:00:00-05:00 exit=104.06@2008-01-02 16:00:00-05:00 pnl=53249127.92 pnlcomm=52815770.87 commission=433357.05 bars=544
2026-10-03 14:16:36.992 INFO webull.main   #6 EFA LONG size=6549885 entry=38.32@2005-11-01 16:00:00-05:00 exit=45.28@2008-01-02 16:00:00-05:00 pnl=90989359.49 pnlcomm=90459409.35 commission=529950.14 bars=544
2026-10-03 14:16:36.992 INFO webull.main   #7 VNQ LONG size=8619829 entry=30.52@2008-05-01 16:00:00-04:00 exit=26.78@2008-07-01 16:00:00-04:00 pnl=-37260452.83 pnlcomm=-37597018.24 commission=336565.41 bars=42
2026-10-03 14:16:36.992 INFO webull.main   #8 DBC LONG size=11560312 entry=27.91@2007-03-01 16:00:00-05:00 exit=27.87@2008-10-01 16:00:00-04:00 pnl=89294718.64 pnlcomm=88570058.44 commission=724660.19 bars=401
2026-10-03 14:16:36.992 INFO webull.main   #9 VNQ LONG size=8950944 entry=24.47@2008-09-02 16:00:00-04:00 exit=19.74@2008-11-03 16:00:00-05:00 pnl=-80597351.49 pnlcomm=-81049849.14 commission=452497.65 bars=44
2026-10-03 14:16:36.992 INFO webull.main   #10 IEF LONG size=4671110 entry=56.09@2007-08-01 16:00:00-04:00 exit=60.01@2009-06-01 16:00:00-04:00 pnl=43159727.77 pnlcomm=42580570.09 commission=579157.67 bars=461
2026-10-03 14:16:36.992 INFO webull.main   #11 IEF LONG size=4200862 entry=62.10@2009-10-01 16:00:00-04:00 exit=60.42@2010-01-04 16:00:00-05:00 pnl=-7830622.21 pnlcomm=-8180330.91 commission=349708.69 bars=64
2026-10-03 14:16:36.992 INFO webull.main   #12 DBC LONG size=12660264 entry=19.84@2009-08-03 16:00:00-04:00 exit=19.29@2010-02-01 16:00:00-05:00 pnl=-6894745.49 pnlcomm=-7266493.40 commission=371747.91 bars=125
2026-10-03 14:16:36.992 INFO webull.main   #13 IEF LONG size=4239967 entry=61.69@2010-02-01 16:00:00-05:00 exit=61.21@2010-04-01 16:00:00-04:00 pnl=-2132731.20 pnlcomm=-2433109.28 commission=300378.09 bars=42
2026-10-03 14:16:36.992 INFO webull.main   #14 EFA LONG size=8579244 entry=30.19@2009-06-01 16:00:00-04:00 exit=29.18@2010-06-01 16:00:00-04:00 pnl=3813130.29 pnlcomm=3364246.78 commission=448883.51 bars=252
2026-10-03 14:16:36.992 INFO webull.main   #15 DBC LONG size=13373402 entry=19.98@2010-03-01 16:00:00-05:00 exit=18.39@2010-06-01 16:00:00-04:00 pnl=-23642287.06 pnlcomm=-23957792.66 commission=315505.60 bars=64
2026-10-03 14:16:36.992 INFO webull.main   #16 SPY LONG size=3522603 entry=72.33@2009-07-01 16:00:00-04:00 exit=77.43@2010-07-01 16:00:00-04:00 pnl=33098954.81 pnlcomm=32729827.38 commission=369127.43 bars=252
2026-10-03 14:16:36.992 INFO webull.main   #17 SPY LONG size=3213278 entry=83.96@2010-08-02 16:00:00-04:00 exit=80.12@2010-09-01 16:00:00-04:00 pnl=-12745194.99 pnlcomm=-13024342.36 commission=279147.37 bars=22
2026-10-03 14:16:36.992 INFO webull.main   #18 EFA LONG size=8265693 entry=32.83@2010-08-02 16:00:00-04:00 exit=31.72@2010-09-01 16:00:00-04:00 pnl=-9616246.13 pnlcomm=-9902310.02 commission=286063.89 bars=22
2026-10-03 14:16:36.992 INFO webull.main   #19 IEF LONG size=4542013 entry=64.36@2010-05-03 16:00:00-04:00 exit=65.53@2011-01-03 16:00:00-05:00 pnl=14304893.63 pnlcomm=13842609.67 commission=462283.96 bars=170
2026-10-03 14:16:36.992 INFO webull.main   #20 SPY LONG size=3076349 entry=89.67@2010-10-01 16:00:00-04:00 exit=93.65@2011-09-01 16:00:00-04:00 pnl=20918733.86 pnlcomm=20529595.72 commission=389138.14 bars=232
2026-10-03 14:16:36.992 INFO webull.main   #21 EFA LONG size=7783023 entry=35.04@2010-10-01 16:00:00-04:00 exit=34.01@2011-09-01 16:00:00-04:00 pnl=-1808387.87 pnlcomm=-2278862.60 commission=470474.73 bars=232
2026-10-03 14:16:36.992 INFO webull.main   #22 VNQ LONG size=14134850 entry=26.32@2009-08-03 16:00:00-04:00 exit=31.47@2011-09-01 16:00:00-04:00 pnl=164574204.51 pnlcomm=163723992.06 commission=850212.45 bars=526
2026-10-03 14:16:36.992 INFO webull.main   #23 DBC LONG size=13006474 entry=22.63@2010-10-01 16:00:00-04:00 exit=21.39@2011-10-03 16:00:00-04:00 pnl=13141785.58 pnlcomm=12614812.67 commission=526972.91 bars=253
2026-10-03 14:16:36.992 INFO webull.main   #24 VNQ LONG size=8721349 entry=31.08@2011-11-01 16:00:00-04:00 exit=30.89@2011-12-01 16:00:00-05:00 pnl=-1777321.66 pnlcomm=-2096199.03 commission=318877.37 bars=21
2026-10-03 14:16:36.992 INFO webull.main   #25 EFA LONG size=8069793 entry=35.15@2012-03-01 16:00:00-05:00 exit=30.30@2012-06-01 16:00:00-04:00 pnl=-43778064.19 pnlcomm=-44101577.42 commission=323513.23 bars=64
2026-10-03 14:16:36.992 INFO webull.main   #26 DBC LONG size=11493791 entry=24.64@2012-03-01 16:00:00-05:00 exit=21.03@2012-06-01 16:00:00-04:00 pnl=-46496347.11 pnlcomm=-46808706.76 commission=312359.65 bars=64
2026-10-03 14:16:36.992 INFO webull.main   #27 DBC LONG size=11409970 entry=24.49@2012-09-04 16:00:00-04:00 exit=23.37@2012-11-01 16:00:00-04:00 pnl=-13532972.06 pnlcomm=-13841785.40 commission=308813.34 bars=40
2026-10-03 14:16:36.992 INFO webull.main   #28 IEF LONG size=4413350 entry=74.24@2011-06-01 16:00:00-04:00 exit=78.40@2013-02-01 16:00:00-05:00 pnl=37820660.84 pnlcomm=37161882.77 commission=658778.07 bars=420
2026-10-03 14:16:36.992 INFO webull.main   #29 DBC LONG size=11698702 entry=23.92@2012-12-03 16:00:00-05:00 exit=22.71@2013-03-01 16:00:00-05:00 pnl=-15413180.81 pnlcomm=-15726255.08 commission=313074.27 bars=60
2026-10-03 14:16:36.992 INFO webull.main   #30 IEF LONG size=3671227 entry=79.33@2013-04-01 16:00:00-04:00 exit=77.74@2013-06-03 16:00:00-04:00 pnl=-5934919.42 pnlcomm=-6260737.05 commission=325817.63 bars=44
2026-10-03 14:16:36.992 INFO webull.main   #31 VNQ LONG size=8677791 entry=36.17@2012-01-03 16:00:00-05:00 exit=38.16@2013-09-03 16:00:00-04:00 pnl=42052419.43 pnlcomm=41510420.32 commission=541999.11 bars=418
2026-10-03 14:16:36.992 INFO webull.main   #32 VNQ LONG size=7305391 entry=41.23@2013-11-01 16:00:00-04:00 exit=38.92@2013-12-02 16:00:00-05:00 pnl=-17828718.34 pnlcomm=-18140731.74 commission=312013.40 bars=20
2026-10-03 14:16:36.992 INFO webull.main   #33 DBC LONG size=13852377 entry=22.36@2014-03-03 16:00:00-05:00 exit=21.31@2014-08-01 16:00:00-04:00 pnl=-16091653.97 pnlcomm=-16464418.45 commission=372764.48 bars=106
2026-10-03 14:16:36.992 INFO webull.main   #34 EFA LONG size=8142911 entry=39.41@2012-09-04 16:00:00-04:00 exit=44.89@2014-10-01 16:00:00-04:00 pnl=81718274.46 pnlcomm=81134424.51 commission=583849.95 bars=521
2026-10-03 14:16:36.992 INFO webull.main   #35 VNQ LONG size=7289324 entry=44.63@2014-02-03 16:00:00-05:00 exit=50.14@2015-06-01 16:00:00-04:00 pnl=66691123.35 pnlcomm=66163958.73 commission=527164.61 bars=333
2026-10-03 14:16:36.992 INFO webull.main   #36 IEF LONG size=3872148 entry=78.37@2014-02-03 16:00:00-05:00 exit=80.55@2015-07-01 16:00:00-04:00 pnl=16238273.36 pnlcomm=15714381.79 commission=523891.57 bars=355
2026-10-03 14:16:36.992 INFO webull.main   #37 SPY LONG size=2792842 entry=138.95@2012-02-01 16:00:00-05:00 exit=160.53@2015-09-01 16:00:00-04:00 pnl=136361474.21 pnlcomm=135592877.54 commission=768596.68 bars=901
2026-10-03 14:16:36.992 INFO webull.main   #38 EFA LONG size=7065448 entry=46.19@2015-03-02 16:00:00-05:00 exit=42.12@2015-09-01 16:00:00-04:00 pnl=-28720304.54 pnlcomm=-29138989.45 commission=418684.91 bars=128
2026-10-03 14:16:36.992 INFO webull.main   #39 IEF LONG size=3948362 entry=82.23@2015-08-03 16:00:00-04:00 exit=82.42@2015-09-01 16:00:00-04:00 pnl=913428.29 pnlcomm=572703.01 commission=340725.29 bars=21
2026-10-03 14:16:36.992 INFO webull.main   #40 IEF LONG size=3741485 entry=83.61@2015-10-01 16:00:00-04:00 exit=82.62@2016-01-04 16:00:00-05:00 pnl=-4077493.20 pnlcomm=-4422279.09 commission=344785.88 bars=64
2026-10-03 14:16:36.992 INFO webull.main   #41 SPY LONG size=1794726 entry=172.77@2015-11-02 16:00:00-05:00 exit=161.83@2016-02-01 16:00:00-05:00 pnl=-22231582.02 pnlcomm=-22600067.83 commission=368485.81 bars=61
2026-10-03 14:16:36.992 INFO webull.main   #42 EFA LONG size=7390791 entry=42.16@2016-06-01 16:00:00-04:00 exit=41.57@2016-07-01 16:00:00-04:00 pnl=-5092483.32 pnlcomm=-5445544.92 commission=353061.61 bars=22
2026-10-03 14:16:36.992 INFO webull.main   #43 IEF LONG size=3601482 entry=85.72@2016-02-01 16:00:00-05:00 exit=86.57@2016-11-01 16:00:00-04:00 pnl=5965277.97 pnlcomm=5532385.42 commission=432892.55 bars=191
2026-10-03 14:16:36.993 INFO webull.main   #44 VNQ LONG size=6057826 entry=53.14@2015-11-02 16:00:00-05:00 exit=54.63@2016-11-01 16:00:00-04:00 pnl=19670775.58 pnlcomm=19120007.73 commission=550767.85 bars=252
2026-10-03 14:16:36.993 INFO webull.main   #45 EFA LONG size=7483648 entry=43.11@2016-08-01 16:00:00-04:00 exit=42.23@2016-12-01 16:00:00-05:00 pnl=-6290748.93 pnlcomm=-6654467.27 commission=363718.33 bars=86
2026-10-03 14:16:36.993 INFO webull.main   #46 VNQ LONG size=5608933 entry=58.21@2017-03-01 16:00:00-05:00 exit=56.85@2017-04-03 16:00:00-04:00 pnl=-8153634.90 pnlcomm=-8494013.26 commission=340378.36 bars=23
2026-10-03 14:16:36.993 INFO webull.main   #47 DBC LONG size=25281335 entry=12.48@2016-05-02 16:00:00-04:00 exit=12.51@2017-05-01 16:00:00-04:00 pnl=8114791.74 pnlcomm=7574582.68 commission=540209.06 bars=251
2026-10-03 14:16:36.993 INFO webull.main   #48 IEF LONG size=3854415 entry=85.49@2017-06-01 16:00:00-04:00 exit=85.15@2017-12-01 16:00:00-05:00 pnl=-1245383.07 pnlcomm=-1632712.79 commission=387329.72 bars=128
2026-10-03 14:16:36.993 INFO webull.main   #49 VNQ LONG size=5690723 entry=58.21@2017-07-03 16:00:00-04:00 exit=56.54@2018-02-01 16:00:00-05:00 pnl=-10163482.28 pnlcomm=-10606303.12 commission=442820.84 bars=147
2026-10-03 14:16:36.993 INFO webull.main   #50 EFA LONG size=7415948 entry=46.62@2017-01-03 16:00:00-05:00 exit=54.01@2018-06-01 16:00:00-04:00 pnl=71417538.35 pnlcomm=70910517.34 commission=507021.01 bars=355
2026-10-03 14:16:36.993 INFO webull.main   #51 EFA LONG size=6584405 entry=54.16@2018-08-01 16:00:00-04:00 exit=52.39@2018-09-04 16:00:00-04:00 pnl=-12085280.27 pnlcomm=-12455644.73 commission=370364.47 bars=23
2026-10-03 14:16:36.993 INFO webull.main   #52 IEF LONG size=4298515 entry=83.78@2018-09-04 16:00:00-04:00 exit=82.71@2018-10-01 16:00:00-04:00 pnl=-4675537.30 pnlcomm=-5041179.97 commission=365642.67 bars=19
2026-10-03 14:16:36.993 INFO webull.main   #53 SPY LONG size=1799534 entry=202.61@2016-04-01 16:00:00-04:00 exit=240.84@2018-11-01 16:00:00-04:00 pnl=112337090.25 pnlcomm=111655951.79 commission=681138.46 bars=653
2026-10-03 14:16:36.993 INFO webull.main   #54 DBC LONG size=25874812 entry=13.57@2017-10-02 16:00:00-04:00 exit=14.40@2018-11-01 16:00:00-04:00 pnl=40011790.68 pnlcomm=39450175.61 commission=561615.07 bars=274
2026-10-03 14:16:36.993 INFO webull.main   #55 SPY LONG size=1439966 entry=246.02@2018-12-03 16:00:00-05:00 exit=219.48@2019-01-02 16:00:00-05:00 pnl=-42824751.33 pnlcomm=-43205431.05 commission=380679.71 bars=19
2026-10-03 14:16:36.993 INFO webull.main   #56 VNQ LONG size=6204197 entry=57.31@2018-06-01 16:00:00-04:00 exit=54.99@2019-01-02 16:00:00-05:00 pnl=-9351160.28 pnlcomm=-9840416.73 commission=489256.45 bars=147
2026-10-03 14:16:36.993 INFO webull.main   #57 SPY LONG size=1364790 entry=250.66@2019-03-01 16:00:00-05:00 exit=246.64@2019-06-03 16:00:00-04:00 pnl=-4816752.14 pnlcomm=-5194957.35 commission=378205.21 bars=64
2026-10-03 14:16:36.993 INFO webull.main   #58 EFA LONG size=6672081 entry=52.17@2019-04-01 16:00:00-04:00 exit=50.63@2019-06-03 16:00:00-04:00 pnl=-10341392.54 pnlcomm=-10712878.04 commission=371485.50 bars=43
2026-10-03 14:16:36.993 INFO webull.main   #59 DBC LONG size=26036000 entry=13.85@2020-01-02 16:00:00-05:00 exit=12.58@2020-02-03 16:00:00-05:00 pnl=-35886855.56 pnlcomm=-36265567.87 commission=378712.31 bars=21
2026-10-03 14:16:36.993 INFO webull.main   #60 SPY LONG size=1305297 entry=269.33@2019-07-01 16:00:00-04:00 exit=271.02@2020-03-02 16:00:00-05:00 pnl=6887544.66 pnlcomm=6419535.01 commission=468009.65 bars=168
2026-10-03 14:16:36.993 INFO webull.main   #61 EFA LONG size=6439439 entry=54.09@2019-07-01 16:00:00-04:00 exit=51.19@2020-03-02 16:00:00-05:00 pnl=-18023962.14 pnlcomm=-18473875.27 commission=449913.12 bars=168
2026-10-03 14:16:36.993 INFO webull.main   #62 VNQ LONG size=5440247 entry=65.08@2019-02-01 16:00:00-05:00 exit=67.89@2020-03-02 16:00:00-05:00 pnl=31375237.73 pnlcomm=30836011.14 commission=539226.58 bars=271
2026-10-03 14:16:36.993 INFO webull.main   #63 DBC LONG size=30357338 entry=11.76@2020-09-01 16:00:00-04:00 exit=10.99@2020-11-02 16:00:00-05:00 pnl=-25306673.25 pnlcomm=-25707063.65 commission=400390.40 bars=43
2026-10-03 14:16:36.993 INFO webull.main   #64 IEF LONG size=4206656 entry=91.96@2018-12-03 16:00:00-05:00 exit=102.18@2020-12-01 16:00:00-05:00 pnl=70482455.22 pnlcomm=69786556.17 commission=695899.04 bars=502
2026-10-03 14:16:36.993 INFO webull.main   #65 IEF LONG size=4313016 entry=100.88@2021-08-02 16:00:00-04:00 exit=98.89@2021-10-01 16:00:00-04:00 pnl=-8951095.14 pnlcomm=-9426418.71 commission=475323.57 bars=43
2026-10-03 14:16:36.993 INFO webull.main   #66 EFA LONG size=6779481 entry=57.92@2020-08-03 16:00:00-04:00 exit=66.51@2021-12-01 16:00:00-05:00 pnl=89391977.73 pnlcomm=88729654.21 commission=662323.52 bars=336
2026-10-03 14:16:36.993 INFO webull.main   #67 EFA LONG size=6617198 entry=68.84@2022-01-03 16:00:00-05:00 exit=66.41@2022-02-01 16:00:00-05:00 pnl=-16375902.19 pnlcomm=-16845349.14 commission=469446.94 bars=20
2026-10-03 14:16:36.993 INFO webull.main   #68 IEF LONG size=4372760 entry=99.01@2021-12-01 16:00:00-05:00 exit=96.76@2022-02-01 16:00:00-05:00 pnl=-10653468.73 pnlcomm=-11143421.13 commission=489952.40 bars=42
2026-10-03 14:16:36.993 INFO webull.main   #69 SPY LONG size=1239843 entry=336.86@2020-06-01 16:00:00-04:00 exit=408.12@2022-03-01 16:00:00-05:00 pnl=148784267.17 pnlcomm=147987079.03 commission=797188.14 bars=441
2026-10-03 14:16:36.993 INFO webull.main   #70 VNQ LONG size=5401828 entry=75.94@2020-12-01 16:00:00-05:00 exit=85.37@2022-03-01 16:00:00-05:00 pnl=97213052.55 pnlcomm=96471186.49 commission=741866.06 bars=313
2026-10-03 14:16:36.993 INFO webull.main   #71 SPY LONG size=1059816 entry=425.07@2022-04-01 16:00:00-04:00 exit=387.77@2022-05-02 16:00:00-04:00 pnl=-42624237.96 pnlcomm=-43102580.97 commission=478343.01 bars=20
2026-10-03 14:16:36.993 INFO webull.main   #72 VNQ LONG size=4977674 entry=91.00@2022-04-01 16:00:00-04:00 exit=86.73@2022-05-02 16:00:00-04:00 pnl=-20633672.48 pnlcomm=-21105620.88 commission=471948.41 bars=20
2026-10-03 14:16:36.993 INFO webull.main   #73 DBC LONG size=29731708 entry=19.29@2020-12-01 16:00:00-05:00 exit=21.26@2022-10-03 16:00:00-04:00 pnl=246210302.33 pnlcomm=244980666.93 commission=1229635.39 bars=462
2026-10-03 14:16:36.993 INFO webull.main   #74 SPY LONG size=1120026 entry=386.72@2022-12-01 16:00:00-05:00 exit=366.43@2023-01-03 16:00:00-05:00 pnl=-24437069.26 pnlcomm=-24896400.28 commission=459331.02 bars=21
2026-10-03 14:16:36.993 INFO webull.main   #75 IEF LONG size=4988246 entry=87.06@2023-02-01 16:00:00-05:00 exit=83.63@2023-03-01 16:00:00-05:00 pnl=-17533594.74 pnlcomm=-17972896.47 commission=439301.73 bars=19
2026-10-03 14:16:36.993 INFO webull.main   #76 VNQ LONG size=5522617 entry=78.01@2023-02-01 16:00:00-05:00 exit=73.33@2023-03-01 16:00:00-05:00 pnl=-26676633.75 pnlcomm=-27120759.18 commission=444125.44 bars=19
2026-10-03 14:16:36.993 INFO webull.main   #77 IEF LONG size=4882962 entry=86.99@2023-04-03 16:00:00-04:00 exit=84.53@2023-08-01 16:00:00-04:00 pnl=-12731732.94 pnlcomm=-13232718.14 commission=500985.20 bars=82
2026-10-03 14:16:36.993 INFO webull.main   #78 VNQ LONG size=5901099 entry=73.49@2023-07-03 16:00:00-04:00 exit=72.94@2023-09-01 16:00:00-04:00 pnl=-3005319.22 pnlcomm=-3479106.69 commission=473787.46 bars=43
2026-10-03 14:16:36.993 INFO webull.main   #79 EFA LONG size=7255665 entry=61.49@2022-12-01 16:00:00-05:00 exit=62.29@2023-10-02 16:00:00-04:00 pnl=14681969.06 pnlcomm=14054826.86 commission=627142.20 bars=208
2026-10-03 14:16:36.993 INFO webull.main   #80 SPY LONG size=1117921 entry=391.94@2023-02-01 16:00:00-05:00 exit=404.08@2023-11-01 16:00:00-04:00 pnl=20193497.26 pnlcomm=19596649.57 commission=596847.69 bars=189
2026-10-03 14:16:36.993 INFO webull.main   #81 DBC LONG size=20388228 entry=21.33@2023-08-01 16:00:00-04:00 exit=20.32@2024-01-02 16:00:00-05:00 pnl=-21536149.39 pnlcomm=-22101831.49 commission=565682.10 bars=106
2026-10-03 14:16:36.993 INFO webull.main   #82 IEF LONG size=4994366 entry=86.37@2024-01-02 16:00:00-05:00 exit=83.34@2024-05-01 16:00:00-04:00 pnl=-16568318.23 pnlcomm=-17060834.76 commission=492516.53 bars=83
2026-10-03 14:16:36.993 INFO webull.main   #83 VNQ LONG size=5796101 entry=73.56@2023-12-01 16:00:00-05:00 exit=72.11@2024-05-01 16:00:00-04:00 pnl=-2443443.00 pnlcomm=-2996657.57 commission=553214.57 bars=103
2026-10-03 14:16:36.993 INFO webull.main   #84 DBC LONG size=21164974 entry=21.20@2024-04-01 16:00:00-04:00 exit=20.71@2024-08-01 16:00:00-04:00 pnl=-9518646.63 pnlcomm=-10074131.72 commission=555485.09 bars=85
2026-10-03 14:16:36.993 INFO webull.main   #85 EFA LONG size=6388428 entry=68.74@2023-12-01 16:00:00-05:00 exit=74.11@2024-12-02 16:00:00-05:00 pnl=52114670.85 pnlcomm=51461347.23 commission=653323.61 bars=251
2026-10-03 14:16:36.993 INFO webull.main   #86 IEF LONG size=5192594 entry=85.60@2024-06-03 16:00:00-04:00 exit=86.53@2025-01-02 16:00:00-05:00 pnl=8895349.18 pnlcomm=8330262.40 commission=565086.78 bars=147
2026-10-03 14:16:36.993 INFO webull.main   #87 SPY LONG size=956684 entry=486.67@2023-12-01 16:00:00-05:00 exit=548.08@2025-04-01 16:00:00-04:00 pnl=99113099.65 pnlcomm=98375110.70 commission=737988.95 bars=332
2026-10-03 14:16:36.993 INFO webull.main   #88 VNQ LONG size=5816972 entry=79.57@2024-06-03 16:00:00-04:00 exit=85.77@2025-04-01 16:00:00-04:00 pnl=57225464.91 pnlcomm=56517640.91 commission=707824.00 bars=207
2026-10-03 14:16:36.993 INFO webull.main   #89 DBC LONG size=21677375 entry=21.23@2025-02-03 16:00:00-05:00 exit=19.89@2025-05-01 16:00:00-04:00 pnl=-31043777.86 pnlcomm=-31583569.22 commission=539791.36 bars=61
2026-10-03 14:16:36.993 INFO webull.main   #90 SPY LONG size=796367 entry=605.33@2025-06-02 16:00:00-04:00 exit=650.28@2026-04-01 16:00:00-04:00 pnl=55152973.94 pnlcomm=54460672.94 commission=692300.99 bars=209
2026-10-03 14:16:36.993 INFO webull.main   #91 VNQ LONG size=5441233 entry=87.49@2025-09-02 16:00:00-04:00 exit=87.13@2026-04-01 16:00:00-04:00 pnl=-462302.13 pnlcomm=-1133539.65 commission=671237.51 bars=146
2026-10-03 14:16:36.993 INFO webull.main   #92 IEF LONG size=5223659 entry=90.54@2025-03-03 16:00:00-05:00 exit=92.58@2026-06-01 16:00:00-04:00 pnl=18307176.06 pnlcomm=17526012.60 commission=781163.46 bars=313
2026-10-03 14:16:36.993 INFO webull.main   #93 VNQ LONG size=5642027 entry=95.20@2026-05-01 16:00:00-04:00 exit=89.31@2026-10-01 16:00:00-04:00 pnl=-32968143.93 pnlcomm=-33678536.03 commission=710392.10 bars=105
2026-10-03 14:16:36.993 INFO webull.main ============================================================
2026-10-03 14:16:36.993 INFO webull.main [Backtest] visualization disabled (WEBULL_VISUALIZE=false)
2026-10-03 14:16:37.110 INFO webull.harness [Harness] in_sample     2005-11-01..2024-10-02  kit Sharpe 0.6092  our Sharpe 0.4860  ann 4.66%  max DD -15.92%  orders 15839 (refused 0)
2026-10-03 14:16:37.110 INFO webull.harness [Harness] out_of_sample 2024-10-03..2026-10-02  kit Sharpe 1.1328  our Sharpe 0.6740  ann 7.82%  max DD -6.40%  orders 2032 (refused 0)
2026-10-03 14:16:37.110 INFO webull.harness [Harness] full          2005-01-03..2026-10-02  kit Sharpe 0.6392  our Sharpe 0.4914  ann 4.76%  max DD -15.92%  orders 17874 (refused 0)
2026-10-03 14:16:37.127 INFO webull.harness [Harness] metrics written: <scratch>\kit_native\native_gtaa\check\S3_guide_cash_1e9.json
