2026-10-03 14:16:33.211 INFO webull.main [Backtest] strategy=gqh_gtaa symbols=['SPY', 'EFA', 'IEF', 'VNQ', 'DBC'] params={'buy_and_hold': False, 'decisions': '<scratch>/kit_native/native_gtaa/check/S3_guide_margin_1e9_decisions.csv'}
2026-10-03 14:16:33.215 INFO webull.main [Backtest] starting cash: 1000000000.00
2026-10-03 14:16:36.741 INFO webull.main ============================================================
2026-10-03 14:16:36.741 INFO webull.main [Backtest] Result Summary
2026-10-03 14:16:36.741 INFO webull.main ============================================================
2026-10-03 14:16:36.741 INFO webull.main Starting cash    : 1000000000.00
2026-10-03 14:16:36.741 INFO webull.main Final cash       : 2774016179.90
2026-10-03 14:16:36.741 INFO webull.main Net P&L          : 1774016179.90 (177.40%)
2026-10-03 14:16:36.741 INFO webull.main Max drawdown     : 16.07% (220720857.75)
2026-10-03 14:16:36.741 INFO webull.main Sharpe ratio     : 0.6392 (annualized)
2026-10-03 14:16:36.741 INFO webull.main Total trades     : 96 (won=40, lost=53, win rate=41.67%)
2026-10-03 14:16:36.741 INFO webull.main Trades net P&L   : 1322610902.14
2026-10-03 14:16:36.741 INFO webull.main ============================================================
2026-10-03 14:16:36.741 INFO webull.main [Backtest] Trade-by-trade detail (93 closed trade(s)):
2026-10-03 14:16:36.741 INFO webull.main   #1 IEF LONG size=4249369 entry=48.33@2006-01-03 16:00:00-05:00 exit=48.03@2006-02-01 16:00:00-05:00 pnl=-1294637.39 pnlcomm=-1513709.64 commission=219072.25 bars=20
2026-10-03 14:16:36.741 INFO webull.main   #2 DBC LONG size=11595009 entry=20.25@2006-12-01 16:00:00-05:00 exit=19.60@2007-02-01 16:00:00-05:00 pnl=-9731100.45 pnlcomm=-10011835.59 commission=280735.14 bars=40
2026-10-03 14:16:36.741 INFO webull.main   #3 IEF LONG size=4560701 entry=48.66@2006-08-01 16:00:00-04:00 exit=49.72@2007-07-02 16:00:00-04:00 pnl=8382978.92 pnlcomm=8046926.97 commission=336051.95 bars=230
2026-10-03 14:16:36.741 INFO webull.main   #4 VNQ LONG size=8302371 entry=29.52@2005-11-01 16:00:00-05:00 exit=31.96@2007-07-02 16:00:00-04:00 pnl=62210720.47 pnlcomm=61731018.62 commission=479701.85 bars=417
2026-10-03 14:16:36.741 INFO webull.main   #5 SPY LONG size=2443456 entry=92.64@2005-11-01 16:00:00-05:00 exit=104.06@2008-01-02 16:00:00-05:00 pnl=53824827.95 pnlcomm=53387270.41 commission=437557.54 bars=544
2026-10-03 14:16:36.741 INFO webull.main   #6 EFA LONG size=6616045 entry=38.30@2005-11-01 16:00:00-05:00 exit=45.28@2008-01-02 16:00:00-05:00 pnl=91991489.21 pnlcomm=91456757.64 commission=534731.57 bars=544
2026-10-03 14:16:36.741 INFO webull.main   #7 VNQ LONG size=8732278 entry=30.52@2008-05-01 16:00:00-04:00 exit=26.78@2008-07-01 16:00:00-04:00 pnl=-37753778.84 pnlcomm=-38094746.91 commission=340968.06 bars=42
2026-10-03 14:16:36.741 INFO webull.main   #8 DBC LONG size=11697801 entry=27.90@2007-03-01 16:00:00-05:00 exit=27.87@2008-10-01 16:00:00-04:00 pnl=90403126.91 pnlcomm=89669768.82 commission=733358.09 bars=401
2026-10-03 14:16:36.741 INFO webull.main   #9 VNQ LONG size=9065594 entry=24.48@2008-09-02 16:00:00-04:00 exit=19.74@2008-11-03 16:00:00-05:00 pnl=-81624506.06 pnlcomm=-82082072.89 commission=457566.83 bars=44
2026-10-03 14:16:36.741 INFO webull.main   #10 IEF LONG size=4726775 entry=56.09@2007-08-01 16:00:00-04:00 exit=60.01@2009-06-01 16:00:00-04:00 pnl=43693588.99 pnlcomm=43106276.31 commission=587312.69 bars=461
2026-10-03 14:16:36.741 INFO webull.main   #11 IEF LONG size=4254463 entry=62.10@2009-10-01 16:00:00-04:00 exit=60.42@2010-01-04 16:00:00-05:00 pnl=-7933801.64 pnlcomm=-8288718.07 commission=354916.44 bars=64
2026-10-03 14:16:36.741 INFO webull.main   #12 DBC LONG size=12815153 entry=19.84@2009-08-03 16:00:00-04:00 exit=19.29@2010-02-01 16:00:00-05:00 pnl=-6996988.12 pnlcomm=-7373437.09 commission=376448.97 bars=125
2026-10-03 14:16:36.741 INFO webull.main   #13 IEF LONG size=4294225 entry=61.69@2010-02-01 16:00:00-05:00 exit=61.21@2010-04-01 16:00:00-04:00 pnl=-2161575.97 pnlcomm=-2466131.80 commission=304555.83 bars=42
2026-10-03 14:16:36.741 INFO webull.main   #14 EFA LONG size=8682144 entry=30.19@2009-06-01 16:00:00-04:00 exit=29.18@2010-06-01 16:00:00-04:00 pnl=3791496.31 pnlcomm=3338118.13 commission=453378.18 bars=252
2026-10-03 14:16:36.741 INFO webull.main   #15 DBC LONG size=13547185 entry=19.98@2010-03-01 16:00:00-05:00 exit=18.39@2010-06-01 16:00:00-04:00 pnl=-23967598.83 pnlcomm=-24287433.20 commission=319834.36 bars=64
2026-10-03 14:16:36.741 INFO webull.main   #16 SPY LONG size=3564537 entry=72.33@2009-07-01 16:00:00-04:00 exit=77.43@2010-07-01 16:00:00-04:00 pnl=33477052.03 pnlcomm=33103453.37 commission=373598.66 bars=252
2026-10-03 14:16:36.741 INFO webull.main   #17 SPY LONG size=3254752 entry=83.96@2010-08-02 16:00:00-04:00 exit=80.12@2010-09-01 16:00:00-04:00 pnl=-12911007.95 pnlcomm=-13193618.69 commission=282610.74 bars=22
2026-10-03 14:16:36.741 INFO webull.main   #18 EFA LONG size=8372378 entry=32.83@2010-08-02 16:00:00-04:00 exit=31.72@2010-09-01 16:00:00-04:00 pnl=-9743649.34 pnlcomm=-10033293.87 commission=289644.53 bars=22
2026-10-03 14:16:36.741 INFO webull.main   #19 IEF LONG size=4603682 entry=64.37@2010-05-03 16:00:00-04:00 exit=65.53@2011-01-03 16:00:00-05:00 pnl=14488054.12 pnlcomm=14018550.95 commission=469503.17 bars=170
2026-10-03 14:16:36.741 INFO webull.main   #20 SPY LONG size=3115911 entry=89.67@2010-10-01 16:00:00-04:00 exit=93.65@2011-09-01 16:00:00-04:00 pnl=21160280.67 pnlcomm=20766316.89 commission=393963.78 bars=232
2026-10-03 14:16:36.741 INFO webull.main   #21 EFA LONG size=7883113 entry=35.04@2010-10-01 16:00:00-04:00 exit=34.01@2011-09-01 16:00:00-04:00 pnl=-1873618.50 pnlcomm=-2349019.53 commission=475401.03 bars=232
2026-10-03 14:16:36.741 INFO webull.main   #22 VNQ LONG size=14307778 entry=26.31@2009-08-03 16:00:00-04:00 exit=31.47@2011-09-01 16:00:00-04:00 pnl=166622078.39 pnlcomm=165763282.32 commission=858796.07 bars=526
2026-10-03 14:16:36.741 INFO webull.main   #23 DBC LONG size=13173737 entry=22.64@2010-10-01 16:00:00-04:00 exit=21.39@2011-10-03 16:00:00-04:00 pnl=13280246.83 pnlcomm=12746104.05 commission=534142.78 bars=253
2026-10-03 14:16:36.741 INFO webull.main   #24 VNQ LONG size=8837694 entry=31.08@2011-11-01 16:00:00-04:00 exit=30.89@2011-12-01 16:00:00-05:00 pnl=-1802953.53 pnlcomm=-2126016.04 commission=323062.51 bars=21
2026-10-03 14:16:36.741 INFO webull.main   #25 EFA LONG size=8178769 entry=35.15@2012-03-01 16:00:00-05:00 exit=30.30@2012-06-01 16:00:00-04:00 pnl=-44365554.14 pnlcomm=-44692861.33 commission=327307.18 bars=64
2026-10-03 14:16:36.741 INFO webull.main   #26 DBC LONG size=11649005 entry=24.64@2012-03-01 16:00:00-05:00 exit=21.03@2012-06-01 16:00:00-04:00 pnl=-47119230.44 pnlcomm=-47435703.01 commission=316472.57 bars=64
2026-10-03 14:16:36.741 INFO webull.main   #27 DBC LONG size=11560876 entry=24.50@2012-09-04 16:00:00-04:00 exit=23.37@2012-11-01 16:00:00-04:00 pnl=-13714788.11 pnlcomm=-14027624.09 commission=312835.98 bars=40
2026-10-03 14:16:36.741 INFO webull.main   #28 IEF LONG size=4475939 entry=74.26@2011-06-01 16:00:00-04:00 exit=78.40@2013-02-01 16:00:00-05:00 pnl=38334759.75 pnlcomm=37665125.86 commission=669633.88 bars=420
2026-10-03 14:16:36.741 INFO webull.main   #29 DBC LONG size=11853437 entry=23.92@2012-12-03 16:00:00-05:00 exit=22.71@2013-03-01 16:00:00-05:00 pnl=-15621487.81 pnlcomm=-15938866.57 commission=317378.75 bars=60
2026-10-03 14:16:36.741 INFO webull.main   #30 IEF LONG size=3721473 entry=79.33@2013-04-01 16:00:00-04:00 exit=77.74@2013-06-03 16:00:00-04:00 pnl=-6019446.80 pnlcomm=-6349977.69 commission=330530.89 bars=44
2026-10-03 14:16:36.741 INFO webull.main   #31 VNQ LONG size=8793865 entry=36.17@2012-01-03 16:00:00-05:00 exit=38.16@2013-09-03 16:00:00-04:00 pnl=42582505.78 pnlcomm=42034054.03 commission=548451.75 bars=418
2026-10-03 14:16:36.741 INFO webull.main   #32 VNQ LONG size=7407727 entry=41.23@2013-11-01 16:00:00-04:00 exit=38.92@2013-12-02 16:00:00-05:00 pnl=-18078402.59 pnlcomm=-18394723.99 commission=316321.40 bars=20
2026-10-03 14:16:36.741 INFO webull.main   #33 DBC LONG size=14048949 entry=22.36@2014-03-03 16:00:00-05:00 exit=21.31@2014-08-01 16:00:00-04:00 pnl=-16325755.08 pnlcomm=-16703989.91 commission=378234.83 bars=106
2026-10-03 14:16:36.741 INFO webull.main   #34 EFA LONG size=8250608 entry=39.39@2012-09-04 16:00:00-04:00 exit=44.89@2014-10-01 16:00:00-04:00 pnl=82808678.12 pnlcomm=82218355.30 commission=590322.82 bars=521
2026-10-03 14:16:36.741 INFO webull.main   #35 VNQ LONG size=7390430 entry=44.62@2014-02-03 16:00:00-05:00 exit=50.14@2015-06-01 16:00:00-04:00 pnl=67628187.60 pnlcomm=67094271.38 commission=533916.22 bars=333
2026-10-03 14:16:36.741 INFO webull.main   #36 IEF LONG size=3925857 entry=78.38@2014-02-03 16:00:00-05:00 exit=80.55@2015-07-01 16:00:00-04:00 pnl=16467850.95 pnlcomm=15935396.62 commission=532454.33 bars=355
2026-10-03 14:16:36.741 INFO webull.main   #37 SPY LONG size=2830490 entry=138.87@2012-02-01 16:00:00-05:00 exit=160.53@2015-09-01 16:00:00-04:00 pnl=138216728.68 pnlcomm=137439436.02 commission=777292.66 bars=901
2026-10-03 14:16:36.741 INFO webull.main   #38 EFA LONG size=7170474 entry=46.19@2015-03-02 16:00:00-05:00 exit=42.12@2015-09-01 16:00:00-04:00 pnl=-29143753.36 pnlcomm=-29568115.69 commission=424362.33 bars=128
2026-10-03 14:16:36.741 INFO webull.main   #39 IEF LONG size=4006672 entry=82.24@2015-08-03 16:00:00-04:00 exit=82.42@2015-09-01 16:00:00-04:00 pnl=927871.75 pnlcomm=582052.18 commission=345819.57 bars=21
2026-10-03 14:16:36.741 INFO webull.main   #40 IEF LONG size=3795292 entry=83.61@2015-10-01 16:00:00-04:00 exit=82.62@2016-01-04 16:00:00-05:00 pnl=-4136425.23 pnlcomm=-4486302.77 commission=349877.54 bars=64
2026-10-03 14:16:36.741 INFO webull.main   #41 SPY LONG size=1820504 entry=172.78@2015-11-02 16:00:00-05:00 exit=161.83@2016-02-01 16:00:00-05:00 pnl=-22552155.03 pnlcomm=-22925633.91 commission=373478.88 bars=61
2026-10-03 14:16:36.741 INFO webull.main   #42 EFA LONG size=7497595 entry=42.16@2016-06-01 16:00:00-04:00 exit=41.57@2016-07-01 16:00:00-04:00 pnl=-5172785.83 pnlcomm=-5530811.92 commission=358026.09 bars=22
2026-10-03 14:16:36.742 INFO webull.main   #43 IEF LONG size=3652501 entry=85.73@2016-02-01 16:00:00-05:00 exit=86.57@2016-11-01 16:00:00-04:00 pnl=6048727.49 pnlcomm=5608852.46 commission=439875.03 bars=191
2026-10-03 14:16:36.742 INFO webull.main   #44 VNQ LONG size=6144833 entry=53.14@2015-11-02 16:00:00-05:00 exit=54.63@2016-11-01 16:00:00-04:00 pnl=19933288.71 pnlcomm=19375182.33 commission=558106.38 bars=252
2026-10-03 14:16:36.742 INFO webull.main   #45 EFA LONG size=7593789 entry=43.11@2016-08-01 16:00:00-04:00 exit=42.23@2016-12-01 16:00:00-05:00 pnl=-6385339.28 pnlcomm=-6754303.94 commission=368964.66 bars=86
2026-10-03 14:16:36.742 INFO webull.main   #46 VNQ LONG size=5692182 entry=58.21@2017-03-01 16:00:00-05:00 exit=56.85@2017-04-03 16:00:00-04:00 pnl=-8275128.96 pnlcomm=-8620531.95 commission=345403.00 bars=23
2026-10-03 14:16:36.742 INFO webull.main   #47 DBC LONG size=25644012 entry=12.48@2016-05-02 16:00:00-04:00 exit=12.51@2017-05-01 16:00:00-04:00 pnl=8219944.03 pnlcomm=7672106.51 commission=547837.53 bars=251
2026-10-03 14:16:36.742 INFO webull.main   #48 IEF LONG size=3911854 entry=85.49@2017-06-01 16:00:00-04:00 exit=85.15@2017-12-01 16:00:00-05:00 pnl=-1265515.49 pnlcomm=-1658984.42 commission=393468.93 bars=128
2026-10-03 14:16:36.742 INFO webull.main   #49 VNQ LONG size=5775589 entry=58.21@2017-07-03 16:00:00-04:00 exit=56.54@2018-02-01 16:00:00-05:00 pnl=-10326915.52 pnlcomm=-10776241.63 commission=449326.11 bars=147
2026-10-03 14:16:36.742 INFO webull.main   #50 EFA LONG size=7524689 entry=46.61@2017-01-03 16:00:00-05:00 exit=54.01@2018-06-01 16:00:00-04:00 pnl=72470570.72 pnlcomm=71956576.87 commission=513993.85 bars=355
2026-10-03 14:16:36.742 INFO webull.main   #51 EFA LONG size=6687837 entry=54.16@2018-08-01 16:00:00-04:00 exit=52.39@2018-09-04 16:00:00-04:00 pnl=-12276090.25 pnlcomm=-12652200.00 commission=376109.75 bars=23
2026-10-03 14:16:36.742 INFO webull.main   #52 IEF LONG size=4366412 entry=83.78@2018-09-04 16:00:00-04:00 exit=82.71@2018-10-01 16:00:00-04:00 pnl=-4749134.36 pnlcomm=-5120583.42 commission=371449.06 bars=19
2026-10-03 14:16:36.742 INFO webull.main   #53 SPY LONG size=1825409 entry=202.57@2016-04-01 16:00:00-04:00 exit=240.84@2018-11-01 16:00:00-04:00 pnl=113995437.66 pnlcomm=113304768.90 commission=690668.76 bars=653
2026-10-03 14:16:36.742 INFO webull.main   #54 DBC LONG size=26265927 entry=13.57@2017-10-02 16:00:00-04:00 exit=14.40@2018-11-01 16:00:00-04:00 pnl=40622572.96 pnlcomm=40052661.46 commission=569911.51 bars=274
2026-10-03 14:16:36.742 INFO webull.main   #55 SPY LONG size=1462359 entry=246.03@2018-12-03 16:00:00-05:00 exit=219.48@2019-01-02 16:00:00-05:00 pnl=-43487840.54 pnlcomm=-43874260.39 commission=386419.84 bars=19
2026-10-03 14:16:36.742 INFO webull.main   #56 VNQ LONG size=6300956 entry=57.31@2018-06-01 16:00:00-04:00 exit=54.99@2019-01-02 16:00:00-05:00 pnl=-9496726.51 pnlcomm=-9993200.50 commission=496473.99 bars=147
2026-10-03 14:16:36.742 INFO webull.main   #57 SPY LONG size=1385493 entry=250.66@2019-03-01 16:00:00-05:00 exit=246.64@2019-06-03 16:00:00-04:00 pnl=-4891162.02 pnlcomm=-5274967.13 commission=383805.11 bars=64
2026-10-03 14:16:36.742 INFO webull.main   #58 EFA LONG size=6774357 entry=52.17@2019-04-01 16:00:00-04:00 exit=50.63@2019-06-03 16:00:00-04:00 pnl=-10500047.11 pnlcomm=-10877133.32 commission=377086.20 bars=43
2026-10-03 14:16:36.742 INFO webull.main   #59 DBC LONG size=26447429 entry=13.85@2020-01-02 16:00:00-05:00 exit=12.58@2020-02-03 16:00:00-05:00 pnl=-36456090.09 pnlcomm=-36840773.46 commission=384683.37 bars=21
2026-10-03 14:16:36.742 INFO webull.main   #60 SPY LONG size=1325293 entry=269.32@2019-07-01 16:00:00-04:00 exit=271.02@2020-03-02 16:00:00-05:00 pnl=6987290.13 pnlcomm=6512599.67 commission=474690.46 bars=168
2026-10-03 14:16:36.742 INFO webull.main   #61 EFA LONG size=6538085 entry=54.09@2019-07-01 16:00:00-04:00 exit=51.19@2020-03-02 16:00:00-05:00 pnl=-18313185.46 pnlcomm=-18769542.57 commission=456357.11 bars=168
2026-10-03 14:16:36.742 INFO webull.main   #62 VNQ LONG size=5522775 entry=65.08@2019-02-01 16:00:00-05:00 exit=67.89@2020-03-02 16:00:00-05:00 pnl=31849184.78 pnlcomm=31302333.95 commission=546850.83 bars=271
2026-10-03 14:16:36.742 INFO webull.main   #63 DBC LONG size=30833436 entry=11.76@2020-09-01 16:00:00-04:00 exit=10.99@2020-11-02 16:00:00-05:00 pnl=-25703626.88 pnlcomm=-26110095.68 commission=406468.80 bars=43
2026-10-03 14:16:36.742 INFO webull.main   #64 IEF LONG size=4272073 entry=91.99@2018-12-03 16:00:00-05:00 exit=102.18@2020-12-01 16:00:00-05:00 pnl=71565824.42 pnlcomm=70857606.65 commission=708217.77 bars=502
2026-10-03 14:16:36.742 INFO webull.main   #65 IEF LONG size=4389123 entry=100.88@2021-08-02 16:00:00-04:00 exit=98.89@2021-10-01 16:00:00-04:00 pnl=-9109408.33 pnlcomm=-9593431.62 commission=484023.29 bars=43
2026-10-03 14:16:36.742 INFO webull.main   #66 EFA LONG size=6884523 entry=57.92@2020-08-03 16:00:00-04:00 exit=66.51@2021-12-01 16:00:00-05:00 pnl=90788366.88 pnlcomm=90115736.47 commission=672630.41 bars=336
2026-10-03 14:16:36.742 INFO webull.main   #67 EFA LONG size=6736777 entry=68.84@2022-01-03 16:00:00-05:00 exit=66.41@2022-02-01 16:00:00-05:00 pnl=-16669983.42 pnlcomm=-17147816.77 commission=477833.35 bars=20
2026-10-03 14:16:36.742 INFO webull.main   #68 IEF LONG size=4449884 entry=99.01@2021-12-01 16:00:00-05:00 exit=96.76@2022-02-01 16:00:00-05:00 pnl=-10846466.51 pnlcomm=-11345478.99 commission=499012.48 bars=42
2026-10-03 14:16:36.742 INFO webull.main   #69 SPY LONG size=1258835 entry=336.79@2020-06-01 16:00:00-04:00 exit=408.12@2022-03-01 16:00:00-05:00 pnl=151160547.59 pnlcomm=150351382.39 commission=809165.20 bars=441
2026-10-03 14:16:36.742 INFO webull.main   #70 VNQ LONG size=5486941 entry=75.92@2020-12-01 16:00:00-05:00 exit=85.37@2022-03-01 16:00:00-05:00 pnl=98828701.08 pnlcomm=98075207.42 commission=753493.66 bars=313
2026-10-03 14:16:36.742 INFO webull.main   #71 SPY LONG size=1078891 entry=425.08@2022-04-01 16:00:00-04:00 exit=387.77@2022-05-02 16:00:00-04:00 pnl=-43395063.32 pnlcomm=-43881908.92 commission=486845.60 bars=20
2026-10-03 14:16:36.742 INFO webull.main   #72 VNQ LONG size=5067265 entry=91.00@2022-04-01 16:00:00-04:00 exit=86.73@2022-05-02 16:00:00-04:00 pnl=-21005813.59 pnlcomm=-21486200.58 commission=480386.98 bars=20
2026-10-03 14:16:36.742 INFO webull.main   #73 DBC LONG size=30200166 entry=19.28@2020-12-01 16:00:00-05:00 exit=21.26@2022-10-03 16:00:00-04:00 pnl=250405268.19 pnlcomm=249156073.58 commission=1249194.61 bars=462
2026-10-03 14:16:36.742 INFO webull.main   #74 SPY LONG size=1139726 entry=386.73@2022-12-01 16:00:00-05:00 exit=366.43@2023-01-03 16:00:00-05:00 pnl=-24867024.18 pnlcomm=-25334258.85 commission=467234.67 bars=21
2026-10-03 14:16:36.742 INFO webull.main   #75 IEF LONG size=5075960 entry=87.06@2023-02-01 16:00:00-05:00 exit=83.63@2023-03-01 16:00:00-05:00 pnl=-17841949.80 pnlcomm=-18289013.87 commission=447064.08 bars=19
2026-10-03 14:16:36.742 INFO webull.main   #76 VNQ LONG size=5619727 entry=78.01@2023-02-01 16:00:00-05:00 exit=73.33@2023-03-01 16:00:00-05:00 pnl=-27142485.36 pnlcomm=-27594227.35 commission=451742.00 bars=19
2026-10-03 14:16:36.742 INFO webull.main   #77 IEF LONG size=4967897 entry=86.99@2023-04-03 16:00:00-04:00 exit=84.53@2023-08-01 16:00:00-04:00 pnl=-12956553.50 pnlcomm=-13466349.14 commission=509795.64 bars=82
2026-10-03 14:16:36.742 INFO webull.main   #78 VNQ LONG size=6004920 entry=73.49@2023-07-03 16:00:00-04:00 exit=72.94@2023-09-01 16:00:00-04:00 pnl=-3061558.42 pnlcomm=-3543624.60 commission=482066.17 bars=43
2026-10-03 14:16:36.742 INFO webull.main   #79 EFA LONG size=7383283 entry=61.48@2022-12-01 16:00:00-05:00 exit=62.29@2023-10-02 16:00:00-04:00 pnl=14924587.36 pnlcomm=14287318.13 commission=637269.23 bars=208
2026-10-03 14:16:36.742 INFO webull.main   #80 SPY LONG size=1137578 entry=391.92@2023-02-01 16:00:00-05:00 exit=404.08@2023-11-01 16:00:00-04:00 pnl=20536298.13 pnlcomm=19929673.19 commission=606624.94 bars=189
2026-10-03 14:16:36.743 INFO webull.main   #81 DBC LONG size=20749937 entry=21.33@2023-08-01 16:00:00-04:00 exit=20.32@2024-01-02 16:00:00-05:00 pnl=-21910132.25 pnlcomm=-22485636.94 commission=575504.69 bars=106
2026-10-03 14:16:36.743 INFO webull.main   #82 IEF LONG size=5082193 entry=86.37@2024-01-02 16:00:00-05:00 exit=83.34@2024-05-01 16:00:00-04:00 pnl=-16863085.23 pnlcomm=-17364664.23 commission=501579.00 bars=83
2026-10-03 14:16:36.743 INFO webull.main   #83 VNQ LONG size=5896219 entry=73.55@2023-12-01 16:00:00-05:00 exit=72.11@2024-05-01 16:00:00-04:00 pnl=-2506043.11 pnlcomm=-3068272.02 commission=562228.91 bars=103
2026-10-03 14:16:36.743 INFO webull.main   #84 DBC LONG size=21543117 entry=21.20@2024-04-01 16:00:00-04:00 exit=20.71@2024-08-01 16:00:00-04:00 pnl=-9692003.34 pnlcomm=-10257495.55 commission=565492.22 bars=85
2026-10-03 14:16:36.743 INFO webull.main   #85 EFA LONG size=6498777 entry=68.73@2023-12-01 16:00:00-05:00 exit=74.11@2024-12-02 16:00:00-05:00 pnl=53009430.26 pnlcomm=52345305.02 commission=664125.23 bars=251
2026-10-03 14:16:36.743 INFO webull.main   #86 IEF LONG size=5284491 entry=85.61@2024-06-03 16:00:00-04:00 exit=86.53@2025-01-02 16:00:00-05:00 pnl=9045639.66 pnlcomm=8469691.77 commission=575947.89 bars=147
2026-10-03 14:16:36.743 INFO webull.main   #87 SPY LONG size=973209 entry=486.59@2023-12-01 16:00:00-05:00 exit=548.08@2025-04-01 16:00:00-04:00 pnl=100839794.40 pnlcomm=100089464.91 commission=750329.50 bars=332
2026-10-03 14:16:36.743 INFO webull.main   #88 VNQ LONG size=5919919 entry=79.56@2024-06-03 16:00:00-04:00 exit=85.77@2025-04-01 16:00:00-04:00 pnl=58238219.16 pnlcomm=57518436.13 commission=719783.03 bars=207
2026-10-03 14:16:36.743 INFO webull.main   #89 DBC LONG size=22071202 entry=21.23@2025-02-03 16:00:00-05:00 exit=19.89@2025-05-01 16:00:00-04:00 pnl=-31614241.97 pnlcomm=-32163802.72 commission=549560.75 bars=61
2026-10-03 14:16:36.743 INFO webull.main   #90 SPY LONG size=810843 entry=605.33@2025-06-02 16:00:00-04:00 exit=650.28@2026-04-01 16:00:00-04:00 pnl=56141212.88 pnlcomm=55436389.33 commission=704823.55 bars=209
2026-10-03 14:16:36.743 INFO webull.main   #91 VNQ LONG size=5542188 entry=87.49@2025-09-02 16:00:00-04:00 exit=87.13@2026-04-01 16:00:00-04:00 pnl=-485914.80 pnlcomm=-1169817.82 commission=683903.02 bars=146
2026-10-03 14:16:36.743 INFO webull.main   #92 IEF LONG size=5319252 entry=90.55@2025-03-03 16:00:00-05:00 exit=92.58@2026-06-01 16:00:00-04:00 pnl=18636280.85 pnlcomm=17838424.64 commission=797856.21 bars=313
2026-10-03 14:16:36.743 INFO webull.main   #93 VNQ LONG size=5752936 entry=95.20@2026-05-01 16:00:00-04:00 exit=89.31@2026-10-01 16:00:00-04:00 pnl=-33633507.36 pnlcomm=-34357962.94 commission=724455.58 bars=105
2026-10-03 14:16:36.743 INFO webull.main ============================================================
2026-10-03 14:16:36.743 INFO webull.main [Backtest] visualization disabled (WEBULL_VISUALIZE=false)
2026-10-03 14:16:37.021 INFO webull.harness [Harness] in_sample     2005-11-01..2024-10-02  kit Sharpe 0.6093  our Sharpe 0.4860  ann 4.71%  max DD -16.07%  orders 15840 (refused 0)
2026-10-03 14:16:37.021 INFO webull.harness [Harness] out_of_sample 2024-10-03..2026-10-02  kit Sharpe 1.1329  our Sharpe 0.6741  ann 7.90%  max DD -6.47%  orders 2032 (refused 0)
2026-10-03 14:16:37.021 INFO webull.harness [Harness] full          2005-01-03..2026-10-02  kit Sharpe 0.6392  our Sharpe 0.4914  ann 4.81%  max DD -16.07%  orders 17875 (refused 0)
2026-10-03 14:16:37.039 INFO webull.harness [Harness] metrics written: <scratch>\kit_native\native_gtaa\check\S3_guide_margin_1e9.json
