2026-10-03 14:23:23.799 INFO webull.main [Backtest] strategy=gqh_gtaa symbols=['SPY', 'EFA', 'IEF', 'VNQ', 'DBC'] params={}
2026-10-03 14:23:23.803 INFO webull.main [Backtest] starting cash: 100000.00
2026-10-03 14:23:27.581 INFO webull.main ============================================================
2026-10-03 14:23:27.581 INFO webull.main [Backtest] Result Summary
2026-10-03 14:23:27.581 INFO webull.main ============================================================
2026-10-03 14:23:27.581 INFO webull.main Starting cash    : 100000.00
2026-10-03 14:23:27.581 INFO webull.main Final cash       : 283947.34
2026-10-03 14:23:27.582 INFO webull.main Net P&L          : 183947.34 (183.95%)
2026-10-03 14:23:27.582 INFO webull.main Max drawdown     : 15.86% (21781.73)
2026-10-03 14:23:27.582 INFO webull.main Sharpe ratio     : 0.6587 (annualized)
2026-10-03 14:23:27.582 INFO webull.main Total trades     : 96 (won=40, lost=53, win rate=41.67%)
2026-10-03 14:23:27.582 INFO webull.main Trades net P&L   : 137943.85
2026-10-03 14:23:27.582 INFO webull.main ============================================================
2026-10-03 14:23:27.582 INFO webull.main [Backtest] Trade-by-trade detail (93 closed trade(s)):
2026-10-03 14:23:27.582 INFO webull.main   #1 IEF LONG size=421 entry=48.30@2006-01-03 16:00:00-05:00 exit=48.05@2006-02-01 16:00:00-05:00 pnl=-106.36 pnlcomm=-119.34 commission=12.98 bars=20
2026-10-03 14:23:27.582 INFO webull.main   #2 DBC LONG size=1147 entry=20.24@2006-12-01 16:00:00-05:00 exit=19.61@2007-02-01 16:00:00-05:00 pnl=-935.64 pnlcomm=-963.40 commission=27.76 bars=40
2026-10-03 14:23:27.582 INFO webull.main   #3 IEF LONG size=451 entry=48.64@2006-08-01 16:00:00-04:00 exit=49.75@2007-07-02 16:00:00-04:00 pnl=862.17 pnlcomm=842.20 commission=19.97 bars=230
2026-10-03 14:23:27.582 INFO webull.main   #4 VNQ LONG size=822 entry=29.52@2005-11-01 16:00:00-05:00 exit=31.97@2007-07-02 16:00:00-04:00 pnl=6197.15 pnlcomm=6149.52 commission=47.63 bars=417
2026-10-03 14:23:27.582 INFO webull.main   #5 SPY LONG size=242 entry=92.38@2005-11-01 16:00:00-05:00 exit=104.11@2008-01-02 16:00:00-05:00 pnl=5365.97 pnlcomm=5340.41 commission=25.56 bars=544
2026-10-03 14:23:27.582 INFO webull.main   #6 EFA LONG size=655 entry=38.35@2005-11-01 16:00:00-05:00 exit=45.30@2008-01-02 16:00:00-05:00 pnl=9159.63 pnlcomm=9127.69 commission=31.93 bars=544
2026-10-03 14:23:27.582 INFO webull.main   #7 VNQ LONG size=865 entry=30.50@2008-05-01 16:00:00-04:00 exit=26.79@2008-07-01 16:00:00-04:00 pnl=-3704.30 pnlcomm=-3738.04 commission=33.74 bars=42
2026-10-03 14:23:27.582 INFO webull.main   #8 DBC LONG size=1158 entry=27.87@2007-03-01 16:00:00-05:00 exit=27.88@2008-10-01 16:00:00-04:00 pnl=9019.53 pnlcomm=8946.96 commission=72.57 bars=401
2026-10-03 14:23:27.582 INFO webull.main   #9 VNQ LONG size=898 entry=24.46@2008-09-02 16:00:00-04:00 exit=19.75@2008-11-03 16:00:00-05:00 pnl=-8042.16 pnlcomm=-8087.55 commission=45.39 bars=44
2026-10-03 14:23:27.582 INFO webull.main   #10 IEF LONG size=468 entry=56.08@2007-08-01 16:00:00-04:00 exit=60.04@2009-06-01 16:00:00-04:00 pnl=4385.94 pnlcomm=4350.76 commission=35.17 bars=461
2026-10-03 14:23:27.582 INFO webull.main   #11 IEF LONG size=422 entry=62.07@2009-10-01 16:00:00-04:00 exit=60.45@2010-01-04 16:00:00-05:00 pnl=-752.82 pnlcomm=-773.98 commission=21.16 bars=64
2026-10-03 14:23:27.582 INFO webull.main   #12 DBC LONG size=1272 entry=19.83@2009-08-03 16:00:00-04:00 exit=19.30@2010-02-01 16:00:00-05:00 pnl=-655.73 pnlcomm=-693.13 commission=37.39 bars=125
2026-10-03 14:23:27.582 INFO webull.main   #13 IEF LONG size=426 entry=61.68@2010-02-01 16:00:00-05:00 exit=61.24@2010-04-01 16:00:00-04:00 pnl=-197.56 pnlcomm=-215.75 commission=18.19 bars=42
2026-10-03 14:23:27.582 INFO webull.main   #14 EFA LONG size=861 entry=30.18@2009-06-01 16:00:00-04:00 exit=29.19@2010-06-01 16:00:00-04:00 pnl=419.88 pnlcomm=392.86 commission=27.02 bars=252
2026-10-03 14:23:27.582 INFO webull.main   #15 DBC LONG size=1345 entry=19.97@2010-03-01 16:00:00-05:00 exit=18.40@2010-06-01 16:00:00-04:00 pnl=-2348.40 pnlcomm=-2380.15 commission=31.75 bars=64
2026-10-03 14:23:27.583 INFO webull.main   #16 SPY LONG size=354 entry=72.32@2009-07-01 16:00:00-04:00 exit=77.47@2010-07-01 16:00:00-04:00 pnl=3362.16 pnlcomm=3339.86 commission=22.30 bars=252
2026-10-03 14:23:27.583 INFO webull.main   #17 SPY LONG size=323 entry=83.90@2010-08-02 16:00:00-04:00 exit=80.16@2010-09-01 16:00:00-04:00 pnl=-1255.36 pnlcomm=-1272.30 commission=16.94 bars=22
2026-10-03 14:23:27.583 INFO webull.main   #18 EFA LONG size=832 entry=32.82@2010-08-02 16:00:00-04:00 exit=31.73@2010-09-01 16:00:00-04:00 pnl=-940.16 pnlcomm=-957.40 commission=17.24 bars=22
2026-10-03 14:23:27.583 INFO webull.main   #19 IEF LONG size=457 entry=64.36@2010-05-03 16:00:00-04:00 exit=65.56@2011-01-03 16:00:00-05:00 pnl=1485.15 pnlcomm=1457.10 commission=28.05 bars=170
2026-10-03 14:23:27.583 INFO webull.main   #20 SPY LONG size=310 entry=89.66@2010-10-01 16:00:00-04:00 exit=93.69@2011-09-01 16:00:00-04:00 pnl=2149.89 pnlcomm=2126.17 commission=23.72 bars=232
2026-10-03 14:23:27.583 INFO webull.main   #21 EFA LONG size=784 entry=35.03@2010-10-01 16:00:00-04:00 exit=34.02@2011-09-01 16:00:00-04:00 pnl=-135.56 pnlcomm=-163.99 commission=28.43 bars=232
2026-10-03 14:23:27.583 INFO webull.main   #22 VNQ LONG size=1420 entry=26.31@2009-08-03 16:00:00-04:00 exit=31.48@2011-09-01 16:00:00-04:00 pnl=16637.45 pnlcomm=16551.89 commission=85.56 bars=526
2026-10-03 14:23:27.583 INFO webull.main   #23 DBC LONG size=1310 entry=22.62@2010-10-01 16:00:00-04:00 exit=21.40@2011-10-03 16:00:00-04:00 pnl=1371.58 pnlcomm=1318.42 commission=53.16 bars=253
2026-10-03 14:23:27.583 INFO webull.main   #24 VNQ LONG size=880 entry=31.06@2011-11-01 16:00:00-04:00 exit=30.91@2011-12-01 16:00:00-05:00 pnl=-147.73 pnlcomm=-179.93 commission=32.20 bars=21
2026-10-03 14:23:27.583 INFO webull.main   #25 EFA LONG size=815 entry=35.13@2012-03-01 16:00:00-05:00 exit=30.31@2012-06-01 16:00:00-04:00 pnl=-4390.50 pnlcomm=-4410.11 commission=19.61 bars=64
2026-10-03 14:23:27.583 INFO webull.main   #26 DBC LONG size=1161 entry=24.62@2012-03-01 16:00:00-05:00 exit=21.04@2012-06-01 16:00:00-04:00 pnl=-4666.75 pnlcomm=-4698.27 commission=31.52 bars=64
2026-10-03 14:23:27.583 INFO webull.main   #27 DBC LONG size=1153 entry=24.48@2012-09-04 16:00:00-04:00 exit=23.38@2012-11-01 16:00:00-04:00 pnl=-1337.28 pnlcomm=-1368.47 commission=31.19 bars=40
2026-10-03 14:23:27.583 INFO webull.main   #28 IEF LONG size=445 entry=74.19@2011-06-01 16:00:00-04:00 exit=78.44@2013-02-01 16:00:00-05:00 pnl=3881.06 pnlcomm=3841.09 commission=39.98 bars=420
2026-10-03 14:23:27.583 INFO webull.main   #29 DBC LONG size=1183 entry=23.91@2012-12-03 16:00:00-05:00 exit=22.73@2013-03-01 16:00:00-05:00 pnl=-1527.11 pnlcomm=-1558.84 commission=31.73 bars=60
2026-10-03 14:23:27.583 INFO webull.main   #30 IEF LONG size=371 entry=79.30@2013-04-01 16:00:00-04:00 exit=77.78@2013-06-03 16:00:00-04:00 pnl=-568.24 pnlcomm=-588.00 commission=19.76 bars=44
2026-10-03 14:23:27.583 INFO webull.main   #31 VNQ LONG size=876 entry=36.18@2012-01-03 16:00:00-05:00 exit=38.18@2013-09-03 16:00:00-04:00 pnl=4303.66 pnlcomm=4248.62 commission=55.04 bars=418
2026-10-03 14:23:27.583 INFO webull.main   #32 VNQ LONG size=739 entry=41.21@2013-11-01 16:00:00-04:00 exit=38.93@2013-12-02 16:00:00-05:00 pnl=-1772.71 pnlcomm=-1804.30 commission=31.59 bars=20
2026-10-03 14:23:27.583 INFO webull.main   #33 DBC LONG size=1403 entry=22.35@2014-03-03 16:00:00-05:00 exit=21.32@2014-08-01 16:00:00-04:00 pnl=-1592.51 pnlcomm=-1630.24 commission=37.73 bars=106
2026-10-03 14:23:27.583 INFO webull.main   #34 EFA LONG size=823 entry=39.42@2012-09-04 16:00:00-04:00 exit=44.91@2014-10-01 16:00:00-04:00 pnl=8325.06 pnlcomm=8289.49 commission=35.57 bars=521
2026-10-03 14:23:27.583 INFO webull.main   #35 VNQ LONG size=738 entry=44.61@2014-02-03 16:00:00-05:00 exit=50.16@2015-06-01 16:00:00-04:00 pnl=6807.81 pnlcomm=6754.49 commission=53.32 bars=333
2026-10-03 14:23:27.583 INFO webull.main   #36 IEF LONG size=392 entry=78.37@2014-02-03 16:00:00-05:00 exit=80.60@2015-07-01 16:00:00-04:00 pnl=1695.82 pnlcomm=1663.81 commission=32.00 bars=355
2026-10-03 14:23:27.583 INFO webull.main   #37 SPY LONG size=282 entry=139.48@2012-02-01 16:00:00-05:00 exit=160.61@2015-09-01 16:00:00-04:00 pnl=13876.86 pnlcomm=13829.95 commission=46.91 bars=901
2026-10-03 14:23:27.583 INFO webull.main   #38 EFA LONG size=716 entry=46.17@2015-03-02 16:00:00-05:00 exit=42.14@2015-09-01 16:00:00-04:00 pnl=-2872.03 pnlcomm=-2897.53 commission=25.50 bars=128
2026-10-03 14:23:27.583 INFO webull.main   #39 IEF LONG size=400 entry=82.19@2015-08-03 16:00:00-04:00 exit=82.46@2015-09-01 16:00:00-04:00 pnl=126.95 pnlcomm=106.30 commission=20.65 bars=21
2026-10-03 14:23:27.583 INFO webull.main   #40 IEF LONG size=380 entry=83.56@2015-10-01 16:00:00-04:00 exit=82.66@2016-01-04 16:00:00-05:00 pnl=-378.16 pnlcomm=-399.30 commission=21.15 bars=64
2026-10-03 14:23:27.583 INFO webull.main   #41 SPY LONG size=182 entry=172.71@2015-11-02 16:00:00-05:00 exit=161.91@2016-02-01 16:00:00-05:00 pnl=-2218.10 pnlcomm=-2240.67 commission=22.57 bars=61
2026-10-03 14:23:27.583 INFO webull.main   #42 EFA LONG size=751 entry=42.14@2016-06-01 16:00:00-04:00 exit=41.59@2016-07-01 16:00:00-04:00 pnl=-480.37 pnlcomm=-501.90 commission=21.53 bars=22
2026-10-03 14:23:27.583 INFO webull.main   #43 IEF LONG size=366 entry=85.66@2016-02-01 16:00:00-05:00 exit=86.62@2016-11-01 16:00:00-04:00 pnl=647.18 pnlcomm=621.01 commission=26.16 bars=191
2026-10-03 14:23:27.583 INFO webull.main   #44 VNQ LONG size=615 entry=53.09@2015-11-02 16:00:00-05:00 exit=54.66@2016-11-01 16:00:00-04:00 pnl=2050.83 pnlcomm=1994.89 commission=55.94 bars=252
2026-10-03 14:23:27.583 INFO webull.main   #45 EFA LONG size=761 entry=43.09@2016-08-01 16:00:00-04:00 exit=42.25@2016-12-01 16:00:00-05:00 pnl=-602.87 pnlcomm=-624.98 commission=22.11 bars=86
2026-10-03 14:23:27.583 INFO webull.main   #46 VNQ LONG size=571 entry=58.19@2017-03-01 16:00:00-05:00 exit=56.88@2017-04-03 16:00:00-04:00 pnl=-795.48 pnlcomm=-830.05 commission=34.57 bars=23
2026-10-03 14:23:27.583 INFO webull.main   #47 DBC LONG size=2568 entry=12.48@2016-05-02 16:00:00-04:00 exit=12.52@2017-05-01 16:00:00-04:00 pnl=861.13 pnlcomm=806.24 commission=54.89 bars=251
2026-10-03 14:23:27.583 INFO webull.main   #48 IEF LONG size=392 entry=85.45@2017-06-01 16:00:00-04:00 exit=85.19@2017-12-01 16:00:00-05:00 pnl=-88.23 pnlcomm=-111.84 commission=23.61 bars=128
2026-10-03 14:23:27.583 INFO webull.main   #49 VNQ LONG size=579 entry=58.18@2017-07-03 16:00:00-04:00 exit=56.57@2018-02-01 16:00:00-05:00 pnl=-991.73 pnlcomm=-1036.63 commission=44.89 bars=147
2026-10-03 14:23:27.583 INFO webull.main   #50 EFA LONG size=754 entry=46.69@2017-01-03 16:00:00-05:00 exit=54.03@2018-06-01 16:00:00-04:00 pnl=7320.04 pnlcomm=7288.84 commission=31.20 bars=355
2026-10-03 14:23:27.583 INFO webull.main   #51 EFA LONG size=671 entry=54.13@2018-08-01 16:00:00-04:00 exit=52.41@2018-09-04 16:00:00-04:00 pnl=-1196.13 pnlcomm=-1218.77 commission=22.64 bars=23
2026-10-03 14:23:27.583 INFO webull.main   #52 IEF LONG size=438 entry=83.74@2018-09-04 16:00:00-04:00 exit=82.75@2018-10-01 16:00:00-04:00 pnl=-439.44 pnlcomm=-461.76 commission=22.33 bars=19
2026-10-03 14:23:27.583 INFO webull.main   #53 SPY LONG size=183 entry=201.55@2016-04-01 16:00:00-04:00 exit=240.96@2018-11-01 16:00:00-04:00 pnl=11498.00 pnlcomm=11456.87 commission=41.13 bars=653
2026-10-03 14:23:27.583 INFO webull.main   #54 DBC LONG size=2634 entry=13.56@2017-10-02 16:00:00-04:00 exit=14.41@2018-11-01 16:00:00-04:00 pnl=4129.77 pnlcomm=4072.59 commission=57.18 bars=274
2026-10-03 14:23:27.583 INFO webull.main   #55 SPY LONG size=147 entry=245.83@2018-12-03 16:00:00-05:00 exit=219.50@2019-01-02 16:00:00-05:00 pnl=-4348.49 pnlcomm=-4371.82 commission=23.33 bars=19
2026-10-03 14:23:27.583 INFO webull.main   #56 VNQ LONG size=632 entry=57.28@2018-06-01 16:00:00-04:00 exit=55.02@2019-01-02 16:00:00-05:00 pnl=-906.26 pnlcomm=-956.34 commission=50.08 bars=147
2026-10-03 14:23:27.583 INFO webull.main   #57 SPY LONG size=139 entry=250.48@2019-03-01 16:00:00-05:00 exit=246.76@2019-06-03 16:00:00-04:00 pnl=-454.65 pnlcomm=-477.66 commission=23.01 bars=64
2026-10-03 14:23:27.583 INFO webull.main   #58 EFA LONG size=681 entry=52.14@2019-04-01 16:00:00-04:00 exit=50.66@2019-06-03 16:00:00-04:00 pnl=-1019.17 pnlcomm=-1041.95 commission=22.78 bars=43
2026-10-03 14:23:27.583 INFO webull.main   #59 DBC LONG size=2660 entry=13.85@2020-01-02 16:00:00-05:00 exit=12.58@2020-02-03 16:00:00-05:00 pnl=-3628.36 pnlcomm=-3667.05 commission=38.69 bars=21
2026-10-03 14:23:27.583 INFO webull.main   #60 SPY LONG size=133 entry=269.89@2019-07-01 16:00:00-04:00 exit=271.15@2020-03-02 16:00:00-05:00 pnl=766.28 pnlcomm=736.51 commission=29.77 bars=168
2026-10-03 14:23:27.583 INFO webull.main   #61 EFA LONG size=658 entry=54.09@2019-07-01 16:00:00-04:00 exit=51.21@2020-03-02 16:00:00-05:00 pnl=-1815.26 pnlcomm=-1842.80 commission=27.54 bars=168
2026-10-03 14:23:27.583 INFO webull.main   #62 VNQ LONG size=555 entry=65.07@2019-02-01 16:00:00-05:00 exit=67.92@2020-03-02 16:00:00-05:00 pnl=3254.79 pnlcomm=3199.85 commission=54.94 bars=271
2026-10-03 14:23:27.583 INFO webull.main   #63 DBC LONG size=3105 entry=11.75@2020-09-01 16:00:00-04:00 exit=10.99@2020-11-02 16:00:00-05:00 pnl=-2565.45 pnlcomm=-2606.41 commission=40.95 bars=43
2026-10-03 14:23:27.583 INFO webull.main   #64 IEF LONG size=429 entry=91.87@2018-12-03 16:00:00-05:00 exit=102.23@2020-12-01 16:00:00-05:00 pnl=7266.50 pnlcomm=7223.80 commission=42.70 bars=502
2026-10-03 14:23:27.583 INFO webull.main   #65 IEF LONG size=442 entry=100.84@2021-08-02 16:00:00-04:00 exit=98.94@2021-10-01 16:00:00-04:00 pnl=-868.89 pnlcomm=-898.03 commission=29.14 bars=43
2026-10-03 14:23:27.583 INFO webull.main   #66 EFA LONG size=693 entry=57.88@2020-08-03 16:00:00-04:00 exit=66.54@2021-12-01 16:00:00-05:00 pnl=9213.00 pnlcomm=9172.39 commission=40.62 bars=336
2026-10-03 14:23:27.583 INFO webull.main   #67 EFA LONG size=678 entry=68.81@2022-01-03 16:00:00-05:00 exit=66.44@2022-02-01 16:00:00-05:00 pnl=-1631.65 pnlcomm=-1660.48 commission=28.82 bars=20
2026-10-03 14:23:27.583 INFO webull.main   #68 IEF LONG size=448 entry=98.97@2021-12-01 16:00:00-05:00 exit=96.81@2022-02-01 16:00:00-05:00 pnl=-1041.99 pnlcomm=-1072.02 commission=30.03 bars=42
2026-10-03 14:23:27.583 INFO webull.main   #69 SPY LONG size=127 entry=335.90@2020-06-01 16:00:00-04:00 exit=408.32@2022-03-01 16:00:00-05:00 pnl=15298.58 pnlcomm=15250.46 commission=48.11 bars=441
2026-10-03 14:23:27.583 INFO webull.main   #70 VNQ LONG size=553 entry=75.97@2020-12-01 16:00:00-05:00 exit=85.41@2022-03-01 16:00:00-05:00 pnl=10020.17 pnlcomm=9944.08 commission=76.10 bars=313
2026-10-03 14:23:27.583 INFO webull.main   #71 SPY LONG size=109 entry=424.87@2022-04-01 16:00:00-04:00 exit=387.97@2022-05-02 16:00:00-04:00 pnl=-4325.24 pnlcomm=-4354.53 commission=29.30 bars=20
2026-10-03 14:23:27.583 INFO webull.main   #72 VNQ LONG size=510 entry=90.95@2022-04-01 16:00:00-04:00 exit=86.78@2022-05-02 16:00:00-04:00 pnl=-2068.54 pnlcomm=-2116.89 commission=48.35 bars=20
2026-10-03 14:23:27.583 INFO webull.main   #73 DBC LONG size=3042 entry=19.27@2020-12-01 16:00:00-05:00 exit=21.27@2022-10-03 16:00:00-04:00 pnl=25339.29 pnlcomm=25213.38 commission=125.91 bars=462
2026-10-03 14:23:27.583 INFO webull.main   #74 SPY LONG size=115 entry=386.59@2022-12-01 16:00:00-05:00 exit=366.62@2023-01-03 16:00:00-05:00 pnl=-2458.83 pnlcomm=-2487.09 commission=28.26 bars=21
2026-10-03 14:23:27.583 INFO webull.main   #75 IEF LONG size=512 entry=87.02@2023-02-01 16:00:00-05:00 exit=83.67@2023-03-01 16:00:00-05:00 pnl=-1755.57 pnlcomm=-1782.61 commission=27.04 bars=19
2026-10-03 14:23:27.583 INFO webull.main   #76 VNQ LONG size=567 entry=77.96@2023-02-01 16:00:00-05:00 exit=73.36@2023-03-01 16:00:00-05:00 pnl=-2694.40 pnlcomm=-2740.06 commission=45.67 bars=19
2026-10-03 14:23:27.583 INFO webull.main   #77 IEF LONG size=502 entry=86.95@2023-04-03 16:00:00-04:00 exit=84.57@2023-08-01 16:00:00-04:00 pnl=-1256.79 pnlcomm=-1287.77 commission=30.98 bars=82
2026-10-03 14:23:27.583 INFO webull.main   #78 VNQ LONG size=606 entry=73.45@2023-07-03 16:00:00-04:00 exit=72.98@2023-09-01 16:00:00-04:00 pnl=-260.75 pnlcomm=-309.24 commission=48.50 bars=43
2026-10-03 14:23:27.584 INFO webull.main   #79 EFA LONG size=744 entry=61.47@2022-12-01 16:00:00-05:00 exit=62.32@2023-10-02 16:00:00-04:00 pnl=1562.63 pnlcomm=1524.01 commission=38.63 bars=208
2026-10-03 14:23:27.584 INFO webull.main   #80 SPY LONG size=115 entry=391.36@2023-02-01 16:00:00-05:00 exit=404.28@2023-11-01 16:00:00-04:00 pnl=2129.77 pnlcomm=2094.02 commission=35.76 bars=189
2026-10-03 14:23:27.584 INFO webull.main   #81 DBC LONG size=2095 entry=21.32@2023-08-01 16:00:00-04:00 exit=20.33@2024-01-02 16:00:00-05:00 pnl=-2157.86 pnlcomm=-2216.02 commission=58.16 bars=106
2026-10-03 14:23:27.584 INFO webull.main   #82 IEF LONG size=514 entry=86.33@2024-01-02 16:00:00-05:00 exit=83.38@2024-05-01 16:00:00-04:00 pnl=-1655.20 pnlcomm=-1685.68 commission=30.48 bars=83
2026-10-03 14:23:27.584 INFO webull.main   #83 VNQ LONG size=596 entry=73.53@2023-12-01 16:00:00-05:00 exit=72.15@2024-05-01 16:00:00-04:00 pnl=-198.13 pnlcomm=-255.16 commission=57.03 bars=103
2026-10-03 14:23:27.584 INFO webull.main   #84 DBC LONG size=2178 entry=21.19@2024-04-01 16:00:00-04:00 exit=20.72@2024-08-01 16:00:00-04:00 pnl=-923.37 pnlcomm=-980.54 commission=57.17 bars=85
2026-10-03 14:23:27.584 INFO webull.main   #85 EFA LONG size=657 entry=68.70@2023-12-01 16:00:00-05:00 exit=74.15@2024-12-02 16:00:00-05:00 pnl=5427.96 pnlcomm=5387.70 commission=40.26 bars=251
2026-10-03 14:23:27.584 INFO webull.main   #86 IEF LONG size=535 entry=85.57@2024-06-03 16:00:00-04:00 exit=86.58@2025-01-02 16:00:00-05:00 pnl=972.39 pnlcomm=937.38 commission=35.01 bars=147
2026-10-03 14:23:27.584 INFO webull.main   #87 SPY LONG size=98 entry=481.77@2023-12-01 16:00:00-05:00 exit=548.35@2025-04-01 16:00:00-04:00 pnl=10263.99 pnlcomm=10219.74 commission=44.25 bars=332
2026-10-03 14:23:27.584 INFO webull.main   #88 VNQ LONG size=599 entry=79.60@2024-06-03 16:00:00-04:00 exit=85.81@2025-04-01 16:00:00-04:00 pnl=5943.99 pnlcomm=5870.71 commission=73.28 bars=207
2026-10-03 14:23:27.584 INFO webull.main   #89 DBC LONG size=2234 entry=21.22@2025-02-03 16:00:00-05:00 exit=19.90@2025-05-01 16:00:00-04:00 pnl=-3146.30 pnlcomm=-3201.91 commission=55.61 bars=61
2026-10-03 14:23:27.584 INFO webull.main   #90 SPY LONG size=82 entry=604.46@2025-06-02 16:00:00-04:00 exit=650.60@2026-04-01 16:00:00-04:00 pnl=5772.35 pnlcomm=5730.31 commission=42.04 bars=209
2026-10-03 14:23:27.584 INFO webull.main   #91 VNQ LONG size=561 entry=87.44@2025-09-02 16:00:00-04:00 exit=87.17@2026-04-01 16:00:00-04:00 pnl=18.86 pnlcomm=-50.20 commission=69.05 bars=146
2026-10-03 14:23:27.584 INFO webull.main   #92 IEF LONG size=538 entry=90.49@2025-03-03 16:00:00-05:00 exit=92.63@2026-06-01 16:00:00-04:00 pnl=1966.53 pnlcomm=1918.06 commission=48.46 bars=313
2026-10-03 14:23:27.584 INFO webull.main   #93 VNQ LONG size=583 entry=95.15@2026-05-01 16:00:00-04:00 exit=89.35@2026-10-01 16:00:00-04:00 pnl=-3334.32 pnlcomm=-3407.70 commission=73.38 bars=105
2026-10-03 14:23:27.584 INFO webull.main ============================================================
2026-10-03 14:23:27.584 INFO webull.main [Backtest] visualization disabled (WEBULL_VISUALIZE=false)
2026-10-03 14:23:27.672 INFO webull.harness [Harness] in_sample     2005-11-01..2024-10-02  kit Sharpe 0.6287  our Sharpe 0.5055  ann 4.83%  max DD -15.86%  orders 12647 (refused 0)
2026-10-03 14:23:27.672 INFO webull.harness [Harness] out_of_sample 2024-10-03..2026-10-02  kit Sharpe 1.1577  our Sharpe 0.6989  ann 8.00%  max DD -6.35%  orders 1567 (refused 0)
2026-10-03 14:23:27.672 INFO webull.harness [Harness] full          2005-01-03..2026-10-02  kit Sharpe 0.6587  our Sharpe 0.5109  ann 4.92%  max DD -15.86%  orders 14217 (refused 0)
2026-10-03 14:23:27.694 INFO webull.harness [Harness] metrics written: <scratch>/kit_native/verify_native_gtaa/runs/S3_project_cash100k.json
