instrument_id_changes_in_window                                                          0
instrument_id_mismatch_across_schemas                                                    0
caption_agreement_flags                                                                 []
caption_greeting_max_abs_diff_s                                                       1.32
tau_ok_ge_answers_all                                                                 True
tau_order_ok_scheduled                                                                  73
n_scheduled                                                                             73
entry_before_1559_scheduled                                                             73
tau_src_counts                                 {'tv_anchored': 62, 'fallback_end_est': 11}
a07_corr                                 {'presser': -0.9956175543447404, 'statement': ...
a07_flags                                                                               []
{
 "H1": {
  "n_signal": 75,
  "n_positions": 65,
  "n_pos_conf_eligible": 20
 },
 "H1Q": {
  "n_signal": 75,
  "n_positions": 65,
  "n_pos_conf_eligible": 20
 },
 "lexH1raw": {
  "n_signal": 75,
  "n_positions": 65,
  "n_pos_conf_eligible": 20
 },
 "lexH1": {
  "n_signal": 4,
  "n_positions": 0,
  "n_pos_conf_eligible": 0
 },
 "first_position_date_lexH1raw": "2018-03-21"
}
{
 "H1": {
  "n_signal": 75,
  "n_positions": 65,
  "n_pos_conf_eligible": 20
 },
 "H1Q": {
  "n_signal": 75,
  "n_positions": 65,
  "n_pos_conf_eligible": 20
 },
 "lexH1raw": {
  "n_signal": 75,
  "n_positions": 65,
  "n_pos_conf_eligible": 20
 },
 "lexH1": {
  "n_signal": 4,
  "n_positions": 0,
  "n_pos_conf_eligible": 0
 },
 "first_position_date_lexH1raw": "2018-03-21",
 "answers_H1": {
  "eligible": 1352,
  "h1": 1288,
  "h5": 430,
  "h15": 170
 },
 "answers_lexH1raw": {
  "eligible": 1366,
  "h1": 1292,
  "h5": 431,
  "h15": 170
 },
 "answers_lexH1": {
  "eligible": 0,
  "h1": 0,
  "h5": 0,
  "h15": 0
 }
}
done
   sym                era                       bucket     n_sec  n_days  median  p90  p99   max   mean  stale_gt60_share
0   ES          2016-2019     -60..-31 (pre-statement)   36000.0    20.0     0.5  0.5  1.0   5.5  0.514               0.0
1   ES          2016-2019  -30..-11 (statement window)   24000.0    20.0     0.5  0.5  1.0   1.5  0.509               0.0
2   ES          2016-2019                      -10..-1   12000.0    20.0     0.5  0.5  0.5   2.0  0.505               0.0
3   ES          2016-2019               0..4 (opening)    6000.0    20.0     0.5  0.5  0.5   1.0  0.505               0.0
4   ES          2016-2019                        5..14   12000.0    20.0     0.5  0.5  0.5   1.0  0.505               0.0
5   ES          2016-2019                       15..29   18000.0    20.0     0.5  0.5  0.5   1.0  0.505               0.0
6   ES          2016-2019                       30..44   18000.0    20.0     0.5  0.5  0.5   1.0  0.505               0.0
7   ES          2016-2019                       45..59   18000.0    20.0     0.5  0.5  1.0   1.0  0.506               0.0
8   ES          2016-2019                       60..90   37200.0    20.0     0.5  0.5  0.5   1.0  0.503               0.0
9   ES          2020-2026     -60..-31 (pre-statement)   95400.0    53.0     0.5  0.5  1.0   6.0  0.545               0.0
10  ES          2020-2026  -30..-11 (statement window)   63600.0    53.0     0.5  0.5  1.0   3.0  0.547               0.0
11  ES          2020-2026                      -10..-1   31800.0    53.0     0.5  0.5  1.0   1.0  0.528               0.0
12  ES          2020-2026               0..4 (opening)   15900.0    53.0     0.5  0.5  1.0   1.0  0.542               0.0
13  ES          2020-2026                        5..14   31800.0    53.0     0.5  1.0  1.0   1.0  0.554               0.0
14  ES          2020-2026                       15..29   47700.0    53.0     0.5  0.5  1.0   2.0  0.547               0.0
15  ES          2020-2026                       30..44   47700.0    53.0     0.5  0.5  1.0   1.0  0.542               0.0
16  ES          2020-2026                       45..59   47700.0    53.0     0.5  0.5  1.0   2.5  0.532               0.0
17  ES          2020-2026                       60..90   98580.0    53.0     0.5  0.5  1.0   8.0  0.529               0.0
18  ZN          2016-2019     -60..-31 (pre-statement)   36000.0    20.0     0.5  0.5  1.0   4.0  0.507               0.0
19  ZN          2016-2019  -30..-11 (statement window)   24000.0    20.0     0.5  0.5  0.5   2.0  0.502               0.0
20  ZN          2016-2019                      -10..-1   12000.0    20.0     0.5  0.5  0.5   1.0  0.501               0.0
21  ZN          2016-2019               0..4 (opening)    6000.0    20.0     0.5  0.5  0.5   1.0  0.503               0.0
22  ZN          2016-2019                        5..14   12000.0    20.0     0.5  0.5  0.5   1.0  0.501               0.0
23  ZN          2016-2019                       15..29   18000.0    20.0     0.5  0.5  0.5   1.0  0.501               0.0
24  ZN          2016-2019                       30..44   18000.0    20.0     0.5  0.5  0.5   1.0  0.501               0.0
25  ZN          2016-2019                       45..59   18000.0    20.0     0.5  0.5  0.5   1.0  0.500               0.0
26  ZN          2016-2019                       60..90   37200.0    20.0     0.5  0.5  0.5   1.0  0.500               0.0
27  ZN          2020-2026     -60..-31 (pre-statement)   95400.0    53.0     0.5  0.5  1.0   4.0  0.510               0.0
28  ZN          2020-2026  -30..-11 (statement window)   63600.0    53.0     0.5  0.5  0.5   1.0  0.503               0.0
29  ZN          2020-2026                      -10..-1   31800.0    53.0     0.5  0.5  0.5   1.0  0.502               0.0
30  ZN          2020-2026               0..4 (opening)   15900.0    53.0     0.5  0.5  0.5   1.0  0.503               0.0
31  ZN          2020-2026                        5..14   31800.0    53.0     0.5  0.5  0.5   1.0  0.502               0.0
32  ZN          2020-2026                       15..29   47700.0    53.0     0.5  0.5  0.5   1.0  0.502               0.0
33  ZN          2020-2026                       30..44   47700.0    53.0     0.5  0.5  0.5   1.0  0.501               0.0
34  ZN          2020-2026                       45..59   47700.0    53.0     0.5  0.5  0.5   2.0  0.501               0.0
35  ZN          2020-2026                       60..90   98580.0    53.0     0.5  0.5  0.5   1.0  0.501               0.0
36  ZT  2016-2018 (1/128)     -60..-31 (pre-statement)   21597.0    12.0     0.5  0.5  1.0   5.0  0.513               0.0
37  ZT  2016-2018 (1/128)  -30..-11 (statement window)   14400.0    12.0     0.5  0.5  1.0   1.5  0.511               0.0
38  ZT  2016-2018 (1/128)                      -10..-1    7200.0    12.0     0.5  0.5  1.0   1.0  0.506               0.0
39  ZT  2016-2018 (1/128)               0..4 (opening)    3600.0    12.0     0.5  0.5  0.5   1.0  0.504               0.0
40  ZT  2016-2018 (1/128)                        5..14    7200.0    12.0     0.5  0.5  1.0   1.0  0.506               0.0
41  ZT  2016-2018 (1/128)                       15..29   10800.0    12.0     0.5  0.5  0.5   1.0  0.504               0.0
42  ZT  2016-2018 (1/128)                       30..44   10800.0    12.0     0.5  0.5  1.0   1.0  0.507               0.0
43  ZT  2016-2018 (1/128)                       45..59   10800.0    12.0     0.5  0.5  0.5   1.0  0.503               0.0
44  ZT  2016-2018 (1/128)                       60..90   22320.0    12.0     0.5  0.5  1.0   1.0  0.506               0.0
45  ZT  2019-2026 (1/256)     -60..-31 (pre-statement)  109800.0    61.0     0.5  0.5  1.0  10.0  0.532               0.0
46  ZT  2019-2026 (1/256)  -30..-11 (statement window)   73200.0    61.0     0.5  0.5  1.0   1.5  0.531               0.0
47  ZT  2019-2026 (1/256)                      -10..-1   36600.0    61.0     0.5  0.5  1.0   1.0  0.518               0.0
48  ZT  2019-2026 (1/256)               0..4 (opening)   18300.0    61.0     0.5  0.5  1.0   1.0  0.523               0.0
49  ZT  2019-2026 (1/256)                        5..14   36600.0    61.0     0.5  0.5  1.0   1.0  0.529               0.0
50  ZT  2019-2026 (1/256)                       15..29   54900.0    61.0     0.5  0.5  1.0   1.0  0.521               0.0
51  ZT  2019-2026 (1/256)                       30..44   54900.0    61.0     0.5  0.5  1.0   1.0  0.519               0.0
52  ZT  2019-2026 (1/256)                       45..59   54900.0    61.0     0.5  0.5  1.0   1.0  0.515               0.0
53  ZT  2019-2026 (1/256)                       60..90  113460.0    61.0     0.5  0.5  1.0   1.0  0.513               0.0
                          point sym                era       n  median  p90   mean  stale_gt60  stale_median_s
0                      14:20:00  ES          2016-2019    20.0     0.5  0.5  0.500         0.0             0.0
1                      14:20:00  ES          2020-2026    53.0     0.5  0.5  0.528         0.0             0.0
2                      14:20:00  ZN          2016-2019    20.0     0.5  0.5  0.500         0.0             0.0
3                      14:20:00  ZN          2020-2026    53.0     0.5  0.5  0.500         0.0             0.0
4                      14:20:00  ZT  2016-2018 (1/128)    12.0     0.5  0.5  0.500         0.0             0.0
5                      14:20:00  ZT  2019-2026 (1/256)    61.0     0.5  0.5  0.500         0.0             0.0
6                      16:00:00  ES          2016-2019    20.0     0.5  0.5  0.525         0.0             0.0
7                      16:00:00  ES          2020-2026    53.0     0.5  0.5  0.538         0.0             0.0
8                      16:00:00  ZN          2016-2019    20.0     0.5  0.5  0.500         0.0             0.0
9                      16:00:00  ZN          2020-2026    53.0     0.5  0.5  0.500         0.0             0.0
10                     16:00:00  ZT  2016-2018 (1/128)    12.0     0.5  0.5  0.542         0.0             0.0
11                     16:00:00  ZT  2019-2026 (1/256)    61.0     0.5  0.5  0.500         0.0             0.0
12            answer entry (t0)  ES          2016-2019   437.0     0.5  0.5  0.506         0.0             0.0
13            answer entry (t0)  ES          2020-2026  1076.0     0.5  0.5  0.538         0.0             0.0
14            answer entry (t0)  ZN          2016-2019   437.0     0.5  0.5  0.501         0.0             0.0
15            answer entry (t0)  ZN          2020-2026  1076.0     0.5  0.5  0.501         0.0             0.0
16            answer entry (t0)  ZT  2016-2018 (1/128)   247.0     0.5  0.5  0.508         0.0             0.0
17            answer entry (t0)  ZT  2019-2026 (1/256)  1266.0     0.5  0.5  0.518         0.0             0.0
18  tau_end_upper (next second)  ES          2016-2019    20.0     0.5  0.5  0.525         0.0             0.0
19  tau_end_upper (next second)  ES          2020-2026    53.0     0.5  0.5  0.547         0.0             0.0
20  tau_end_upper (next second)  ZN          2016-2019    20.0     0.5  0.5  0.500         0.0             0.0
21  tau_end_upper (next second)  ZN          2020-2026    53.0     0.5  0.5  0.500         0.0             0.0
22  tau_end_upper (next second)  ZT  2016-2018 (1/128)    12.0     0.5  0.5  0.500         0.0             1.0
23  tau_end_upper (next second)  ZT  2019-2026 (1/256)    61.0     0.5  0.5  0.500         0.0             0.0
{
 "n": "20",
 "mean": 27.7344,
 "sd": 131.6946,
 "median": 46.875,
 "hit": 0.6,
 "t": 0.9418,
 "bb_ci90_lo": -17.6172,
 "bb_ci90_hi": 70.3125,
 "bb_p_one": 0.2179,
 "wb_p_one": 0.19,
 "wb_p_two": 0.3899,
 "designated_side": "one(>0)"
}
