2026-10-03 14:17:19.638 WARNING webull.harness [Harness] margin account with a kit strategy: order_target_percent sizes x10
2026-10-03 14:17:19.680 INFO webull.main [Backtest] strategy=gtaa_open_sizing symbols=['SPY', 'EFA', 'IEF', 'VNQ', 'DBC'] params={'buy_and_hold': False}
2026-10-03 14:17:19.683 INFO webull.main [Backtest] starting cash: 1000000000.00
2026-10-03 14:17:23.175 INFO webull.main ============================================================
2026-10-03 14:17:23.175 INFO webull.main [Backtest] Result Summary
2026-10-03 14:17:23.175 INFO webull.main ============================================================
2026-10-03 14:17:23.175 INFO webull.main Starting cash    : 1000000000.00
2026-10-03 14:17:23.175 INFO webull.main Final cash       : 2887224061.36
2026-10-03 14:17:23.175 INFO webull.main Net P&L          : 1887224061.36 (188.72%)
2026-10-03 14:17:23.175 INFO webull.main Max drawdown     : 15.69% (217906820.27)
2026-10-03 14:17:23.175 INFO webull.main Sharpe ratio     : 0.6624 (annualized)
2026-10-03 14:17:23.175 INFO webull.main Total trades     : 96 (won=40, lost=53, win rate=41.67%)
2026-10-03 14:17:23.175 INFO webull.main Trades net P&L   : 1414966345.74
2026-10-03 14:17:23.175 INFO webull.main ============================================================
2026-10-03 14:17:23.176 INFO webull.main [Backtest] Trade-by-trade detail (93 closed trade(s)):
2026-10-03 14:17:23.176 INFO webull.main   #1 IEF LONG size=4287720 entry=48.30@2006-01-03 16:00:00-05:00 exit=48.05@2006-02-01 16:00:00-05:00 pnl=-1077252.61 pnlcomm=-1207943.33 commission=130690.71 bars=20
2026-10-03 14:17:23.176 INFO webull.main   #2 DBC LONG size=11585113 entry=20.25@2006-12-01 16:00:00-05:00 exit=19.61@2007-02-01 16:00:00-05:00 pnl=-9530019.58 pnlcomm=-9809507.22 commission=279487.64 bars=40
2026-10-03 14:17:23.176 INFO webull.main   #3 IEF LONG size=4556150 entry=48.63@2006-08-01 16:00:00-04:00 exit=49.75@2007-07-02 16:00:00-04:00 pnl=8749119.08 pnlcomm=8546698.54 commission=202420.54 bars=230
2026-10-03 14:17:23.176 INFO webull.main   #4 VNQ LONG size=8302376 entry=29.68@2005-11-01 16:00:00-05:00 exit=31.97@2007-07-02 16:00:00-04:00 pnl=62566782.61 pnlcomm=62067183.01 commission=499599.60 bars=417
2026-10-03 14:17:23.176 INFO webull.main   #5 SPY LONG size=2434336 entry=92.74@2005-11-01 16:00:00-05:00 exit=104.11@2008-01-02 16:00:00-05:00 pnl=54189869.67 pnlcomm=53925903.07 commission=263966.59 bars=544
2026-10-03 14:17:23.176 INFO webull.main   #6 EFA LONG size=6564693 entry=38.33@2005-11-01 16:00:00-05:00 exit=45.30@2008-01-02 16:00:00-05:00 pnl=93077536.80 pnlcomm=92755986.47 commission=321550.33 bars=544
2026-10-03 14:17:23.176 INFO webull.main   #7 VNQ LONG size=8739198 entry=30.50@2008-05-01 16:00:00-04:00 exit=26.79@2008-07-01 16:00:00-04:00 pnl=-37655615.40 pnlcomm=-37997429.59 commission=341814.19 bars=42
2026-10-03 14:17:23.176 INFO webull.main   #8 DBC LONG size=11676388 entry=28.13@2007-03-01 16:00:00-05:00 exit=27.88@2008-10-01 16:00:00-04:00 pnl=93836560.37 pnlcomm=93050741.96 commission=785818.41 bars=401
2026-10-03 14:17:23.176 INFO webull.main   #9 VNQ LONG size=8985502 entry=24.17@2008-09-02 16:00:00-04:00 exit=19.75@2008-11-03 16:00:00-05:00 pnl=-77396469.63 pnlcomm=-77869646.84 commission=473177.20 bars=44
2026-10-03 14:17:23.176 INFO webull.main   #10 IEF LONG size=4736448 entry=56.03@2007-08-01 16:00:00-04:00 exit=60.04@2009-06-01 16:00:00-04:00 pnl=44569870.97 pnlcomm=44218704.57 commission=351166.40 bars=461
2026-10-03 14:17:23.176 INFO webull.main   #11 IEF LONG size=4262905 entry=62.07@2009-10-01 16:00:00-04:00 exit=60.45@2010-01-04 16:00:00-05:00 pnl=-7717010.92 pnlcomm=-7929705.07 commission=212694.15 bars=64
2026-10-03 14:17:23.176 INFO webull.main   #12 DBC LONG size=12743746 entry=19.85@2009-08-03 16:00:00-04:00 exit=19.30@2010-02-01 16:00:00-05:00 pnl=-6470656.59 pnlcomm=-6844453.48 commission=373796.89 bars=125
2026-10-03 14:17:23.176 INFO webull.main   #13 IEF LONG size=4380158 entry=61.68@2010-02-01 16:00:00-05:00 exit=61.24@2010-04-01 16:00:00-04:00 pnl=-2014066.58 pnlcomm=-2201367.19 commission=187300.62 bars=42
2026-10-03 14:17:23.176 INFO webull.main   #14 EFA LONG size=8584074 entry=30.37@2009-06-01 16:00:00-04:00 exit=29.19@2010-06-01 16:00:00-04:00 pnl=4301251.58 pnlcomm=4027441.60 commission=273809.98 bars=252
2026-10-03 14:17:23.176 INFO webull.main   #15 DBC LONG size=13684722 entry=20.00@2010-03-01 16:00:00-05:00 exit=18.40@2010-06-01 16:00:00-04:00 pnl=-23947741.89 pnlcomm=-24262394.14 commission=314652.25 bars=64
2026-10-03 14:17:23.176 INFO webull.main   #16 SPY LONG size=3595736 entry=72.29@2009-07-01 16:00:00-04:00 exit=77.47@2010-07-01 16:00:00-04:00 pnl=34042061.48 pnlcomm=33814192.54 commission=227868.94 bars=252
2026-10-03 14:17:23.176 INFO webull.main   #17 SPY LONG size=3254670 entry=83.89@2010-08-02 16:00:00-04:00 exit=80.16@2010-09-01 16:00:00-04:00 pnl=-12799020.29 pnlcomm=-12969193.81 commission=170173.52 bars=22
2026-10-03 14:17:23.176 INFO webull.main   #18 EFA LONG size=8313772 entry=32.83@2010-08-02 16:00:00-04:00 exit=31.73@2010-09-01 16:00:00-04:00 pnl=-9774588.22 pnlcomm=-9948061.86 commission=173473.65 bars=22
2026-10-03 14:17:23.176 INFO webull.main   #19 IEF LONG size=4688861 entry=64.37@2010-05-03 16:00:00-04:00 exit=65.56@2011-01-03 16:00:00-05:00 pnl=15040342.21 pnlcomm=14753791.86 commission=286550.35 bars=170
2026-10-03 14:17:23.176 INFO webull.main   #20 SPY LONG size=3135488 entry=89.61@2010-10-01 16:00:00-04:00 exit=93.69@2011-09-01 16:00:00-04:00 pnl=21804686.58 pnlcomm=21568862.74 commission=235823.83 bars=232
2026-10-03 14:17:23.176 INFO webull.main   #21 EFA LONG size=7911744 entry=35.11@2010-10-01 16:00:00-04:00 exit=34.02@2011-09-01 16:00:00-04:00 pnl=-1617059.74 pnlcomm=-1896172.08 commission=279112.34 bars=232
2026-10-03 14:17:23.176 INFO webull.main   #22 VNQ LONG size=14224214 entry=26.20@2009-08-03 16:00:00-04:00 exit=31.48@2011-09-01 16:00:00-04:00 pnl=169447230.03 pnlcomm=168590731.35 commission=856498.68 bars=526
2026-10-03 14:17:23.176 INFO webull.main   #23 DBC LONG size=13262879 entry=22.51@2010-10-01 16:00:00-04:00 exit=21.40@2011-10-03 16:00:00-04:00 pnl=13819150.27 pnlcomm=13298485.59 commission=520664.67 bars=253
2026-10-03 14:17:23.176 INFO webull.main   #24 VNQ LONG size=9269887 entry=31.06@2011-11-01 16:00:00-04:00 exit=30.91@2011-12-01 16:00:00-05:00 pnl=-1706547.56 pnlcomm=-2026641.28 commission=320093.72 bars=21
2026-10-03 14:17:23.176 INFO webull.main   #25 EFA LONG size=8256374 entry=35.17@2012-03-01 16:00:00-05:00 exit=30.31@2012-06-01 16:00:00-04:00 pnl=-44815858.66 pnlcomm=-45011152.29 commission=195293.63 bars=64
2026-10-03 14:17:23.176 INFO webull.main   #26 DBC LONG size=11791906 entry=24.63@2012-03-01 16:00:00-05:00 exit=21.04@2012-06-01 16:00:00-04:00 pnl=-47596425.70 pnlcomm=-47916307.78 commission=319882.08 bars=64
2026-10-03 14:17:23.176 INFO webull.main   #27 DBC LONG size=11647468 entry=24.49@2012-09-04 16:00:00-04:00 exit=23.38@2012-11-01 16:00:00-04:00 pnl=-13641017.65 pnlcomm=-13953509.88 commission=312492.23 bars=40
2026-10-03 14:17:23.176 INFO webull.main   #28 IEF LONG size=4512923 entry=74.18@2011-06-01 16:00:00-04:00 exit=78.44@2013-02-01 16:00:00-05:00 pnl=39550218.77 pnlcomm=39154729.52 commission=395489.26 bars=420
2026-10-03 14:17:23.176 INFO webull.main   #29 DBC LONG size=11968584 entry=23.91@2012-12-03 16:00:00-05:00 exit=22.73@2013-03-01 16:00:00-05:00 pnl=-15491895.70 pnlcomm=-15811373.82 commission=319478.13 bars=60
2026-10-03 14:17:23.176 INFO webull.main   #30 IEF LONG size=3780541 entry=79.28@2013-04-01 16:00:00-04:00 exit=77.78@2013-06-03 16:00:00-04:00 pnl=-5808894.21 pnlcomm=-6005753.11 commission=196858.90 bars=44
2026-10-03 14:17:23.176 INFO webull.main   #31 VNQ LONG size=8755050 entry=36.26@2012-01-03 16:00:00-05:00 exit=38.18@2013-09-03 16:00:00-04:00 pnl=43979830.79 pnlcomm=43410674.39 commission=569156.40 bars=418
2026-10-03 14:17:23.176 INFO webull.main   #32 VNQ LONG size=7504847 entry=41.21@2013-11-01 16:00:00-04:00 exit=38.93@2013-12-02 16:00:00-05:00 pnl=-18109126.99 pnlcomm=-18431112.09 commission=321985.09 bars=20
2026-10-03 14:17:23.176 INFO webull.main   #33 DBC LONG size=14012594 entry=22.35@2014-03-03 16:00:00-05:00 exit=21.32@2014-08-01 16:00:00-04:00 pnl=-16199597.03 pnlcomm=-16581026.52 commission=381429.48 bars=106
2026-10-03 14:17:23.176 INFO webull.main   #34 EFA LONG size=8399976 entry=39.38@2012-09-04 16:00:00-04:00 exit=44.91@2014-10-01 16:00:00-04:00 pnl=85261441.98 pnlcomm=84897938.07 commission=363503.91 bars=521
2026-10-03 14:17:23.176 INFO webull.main   #35 VNQ LONG size=7533425 entry=44.71@2014-02-03 16:00:00-05:00 exit=50.16@2015-06-01 16:00:00-04:00 pnl=69472216.43 pnlcomm=68919195.26 commission=553021.17 bars=333
2026-10-03 14:17:23.176 INFO webull.main   #36 IEF LONG size=4001553 entry=78.23@2014-02-03 16:00:00-05:00 exit=80.60@2015-07-01 16:00:00-04:00 pnl=17307948.83 pnlcomm=16985494.57 commission=322454.26 bars=355
2026-10-03 14:17:23.176 INFO webull.main   #37 SPY LONG size=2855546 entry=138.43@2012-02-01 16:00:00-05:00 exit=160.61@2015-09-01 16:00:00-04:00 pnl=141898577.18 pnlcomm=141425325.57 commission=473251.61 bars=901
2026-10-03 14:17:23.176 INFO webull.main   #38 EFA LONG size=7316883 entry=46.07@2015-03-02 16:00:00-05:00 exit=42.14@2015-09-01 16:00:00-04:00 pnl=-29092062.39 pnlcomm=-29348003.08 commission=255940.68 bars=128
2026-10-03 14:17:23.176 INFO webull.main   #39 IEF LONG size=4086902 entry=82.21@2015-08-03 16:00:00-04:00 exit=82.46@2015-09-01 16:00:00-04:00 pnl=1331809.61 pnlcomm=1118927.82 commission=212881.79 bars=21
2026-10-03 14:17:23.176 INFO webull.main   #40 IEF LONG size=3868147 entry=83.57@2015-10-01 16:00:00-04:00 exit=82.66@2016-01-04 16:00:00-05:00 pnl=-3893229.26 pnlcomm=-4106883.50 commission=213654.24 bars=64
2026-10-03 14:17:23.176 INFO webull.main   #41 SPY LONG size=1854800 entry=172.71@2015-11-02 16:00:00-05:00 exit=161.91@2016-02-01 16:00:00-05:00 pnl=-22608247.30 pnlcomm=-22835275.66 commission=227028.36 bars=61
2026-10-03 14:17:23.176 INFO webull.main   #42 EFA LONG size=7682406 entry=42.18@2016-06-01 16:00:00-04:00 exit=41.59@2016-07-01 16:00:00-04:00 pnl=-5014170.72 pnlcomm=-5235568.53 commission=221397.81 bars=22
2026-10-03 14:17:23.176 INFO webull.main   #43 IEF LONG size=3726955 entry=85.64@2016-02-01 16:00:00-05:00 exit=86.62@2016-11-01 16:00:00-04:00 pnl=6619866.11 pnlcomm=6352474.88 commission=267391.23 bars=191
2026-10-03 14:17:23.176 INFO webull.main   #44 VNQ LONG size=6258235 entry=53.16@2015-11-02 16:00:00-05:00 exit=54.66@2016-11-01 16:00:00-04:00 pnl=20547344.06 pnlcomm=19985760.15 commission=561583.91 bars=252
2026-10-03 14:17:23.176 INFO webull.main   #45 EFA LONG size=7769311 entry=43.09@2016-08-01 16:00:00-04:00 exit=42.25@2016-12-01 16:00:00-05:00 pnl=-6101732.67 pnlcomm=-6329231.03 commission=227498.37 bars=86
2026-10-03 14:17:23.176 INFO webull.main   #46 VNQ LONG size=5868192 entry=58.19@2017-03-01 16:00:00-05:00 exit=56.88@2017-04-03 16:00:00-04:00 pnl=-8141991.49 pnlcomm=-8495758.60 commission=353767.11 bars=23
2026-10-03 14:17:23.176 INFO webull.main   #47 DBC LONG size=26321697 entry=12.51@2016-05-02 16:00:00-04:00 exit=12.52@2017-05-01 16:00:00-04:00 pnl=8983467.53 pnlcomm=8411778.63 commission=571688.90 bars=251
2026-10-03 14:17:23.176 INFO webull.main   #48 IEF LONG size=4018173 entry=85.45@2017-06-01 16:00:00-04:00 exit=85.19@2017-12-01 16:00:00-05:00 pnl=-891552.04 pnlcomm=-1134049.93 commission=242497.89 bars=128
2026-10-03 14:17:23.176 INFO webull.main   #49 VNQ LONG size=5895053 entry=58.20@2017-07-03 16:00:00-04:00 exit=56.57@2018-02-01 16:00:00-05:00 pnl=-10152288.71 pnlcomm=-10612298.01 commission=460009.30 bars=147
2026-10-03 14:17:23.176 INFO webull.main   #50 EFA LONG size=7693024 entry=46.58@2017-01-03 16:00:00-05:00 exit=54.03@2018-06-01 16:00:00-04:00 pnl=74616711.58 pnlcomm=74299686.52 commission=317025.06 bars=355
2026-10-03 14:17:23.176 INFO webull.main   #51 EFA LONG size=6843512 entry=54.12@2018-08-01 16:00:00-04:00 exit=52.41@2018-09-04 16:00:00-04:00 pnl=-12262726.16 pnlcomm=-12496768.02 commission=234041.86 bars=23
2026-10-03 14:17:23.176 INFO webull.main   #52 IEF LONG size=4470055 entry=83.74@2018-09-04 16:00:00-04:00 exit=82.75@2018-10-01 16:00:00-04:00 pnl=-4494410.43 pnlcomm=-4722004.30 commission=227593.87 bars=19
2026-10-03 14:17:23.176 INFO webull.main   #53 SPY LONG size=1875332 entry=203.06@2016-04-01 16:00:00-04:00 exit=240.96@2018-11-01 16:00:00-04:00 pnl=117783821.07 pnlcomm=117360782.50 commission=423038.57 bars=653
2026-10-03 14:17:23.176 INFO webull.main   #54 DBC LONG size=27167016 entry=13.55@2017-10-02 16:00:00-04:00 exit=14.41@2018-11-01 16:00:00-04:00 pnl=42117436.99 pnlcomm=41541414.73 commission=576022.25 bars=274
2026-10-03 14:17:23.176 INFO webull.main   #55 SPY LONG size=1477682 entry=246.08@2018-12-03 16:00:00-05:00 exit=219.50@2019-01-02 16:00:00-05:00 pnl=-44268562.99 pnlcomm=-44504154.48 commission=235591.49 bars=19
2026-10-03 14:17:23.176 INFO webull.main   #56 VNQ LONG size=6492671 entry=57.29@2018-06-01 16:00:00-04:00 exit=55.02@2019-01-02 16:00:00-05:00 pnl=-9146546.25 pnlcomm=-9661870.75 commission=515324.50 bars=147
2026-10-03 14:17:23.176 INFO webull.main   #57 SPY LONG size=1413269 entry=250.53@2019-03-01 16:00:00-05:00 exit=246.76@2019-06-03 16:00:00-04:00 pnl=-4679989.02 pnlcomm=-4917635.46 commission=237646.44 bars=64
2026-10-03 14:17:23.176 INFO webull.main   #58 EFA LONG size=6899755 entry=52.12@2019-04-01 16:00:00-04:00 exit=50.66@2019-06-03 16:00:00-04:00 pnl=-10305678.00 pnlcomm=-10536912.78 commission=231234.78 bars=43
2026-10-03 14:17:23.176 INFO webull.main   #59 DBC LONG size=27272680 entry=13.85@2020-01-02 16:00:00-05:00 exit=12.58@2020-02-03 16:00:00-05:00 pnl=-37271897.89 pnlcomm=-37670827.51 commission=398929.61 bars=21
2026-10-03 14:17:23.176 INFO webull.main   #60 SPY LONG size=1346810 entry=269.36@2019-07-01 16:00:00-04:00 exit=271.15@2020-03-02 16:00:00-05:00 pnl=7677945.22 pnlcomm=7386481.53 commission=291463.69 bars=168
2026-10-03 14:17:23.176 INFO webull.main   #61 EFA LONG size=6660808 entry=54.03@2019-07-01 16:00:00-04:00 exit=51.21@2020-03-02 16:00:00-05:00 pnl=-18472910.87 pnlcomm=-18756024.53 commission=283113.66 bars=168
2026-10-03 14:17:23.176 INFO webull.main   #62 VNQ LONG size=5663385 entry=65.15@2019-02-01 16:00:00-05:00 exit=67.92@2020-03-02 16:00:00-05:00 pnl=33086648.37 pnlcomm=32517707.87 commission=568940.50 bars=271
2026-10-03 14:17:23.176 INFO webull.main   #63 DBC LONG size=31644892 entry=11.76@2020-09-01 16:00:00-04:00 exit=10.99@2020-11-02 16:00:00-05:00 pnl=-26311667.57 pnlcomm=-26721677.26 commission=410009.69 bars=43
2026-10-03 14:17:23.176 INFO webull.main   #64 IEF LONG size=4394886 entry=92.44@2018-12-03 16:00:00-05:00 exit=102.23@2020-12-01 16:00:00-05:00 pnl=74163100.32 pnlcomm=73716620.75 commission=446479.58 bars=502
2026-10-03 14:17:23.176 INFO webull.main   #65 IEF LONG size=4529018 entry=100.84@2021-08-02 16:00:00-04:00 exit=98.94@2021-10-01 16:00:00-04:00 pnl=-8939022.37 pnlcomm=-9238259.19 commission=299236.82 bars=43
2026-10-03 14:17:23.176 INFO webull.main   #66 EFA LONG size=7019498 entry=57.57@2020-08-03 16:00:00-04:00 exit=66.54@2021-12-01 16:00:00-05:00 pnl=94469734.34 pnlcomm=94064552.65 commission=405181.69 bars=336
2026-10-03 14:17:23.176 INFO webull.main   #67 EFA LONG size=6901799 entry=68.80@2022-01-03 16:00:00-05:00 exit=66.44@2022-02-01 16:00:00-05:00 pnl=-16691707.60 pnlcomm=-16984932.07 commission=293224.47 bars=20
2026-10-03 14:17:23.176 INFO webull.main   #68 IEF LONG size=4649931 entry=98.93@2021-12-01 16:00:00-05:00 exit=96.81@2022-02-01 16:00:00-05:00 pnl=-10626953.81 pnlcomm=-10941725.10 commission=314771.28 bars=42
2026-10-03 14:17:23.176 INFO webull.main   #69 SPY LONG size=1297408 entry=336.59@2020-06-01 16:00:00-04:00 exit=408.32@2022-03-01 16:00:00-05:00 pnl=157670764.61 pnlcomm=157162001.08 commission=508763.53 bars=441
2026-10-03 14:17:23.176 INFO webull.main   #70 VNQ LONG size=5612820 entry=75.71@2020-12-01 16:00:00-05:00 exit=85.41@2022-03-01 16:00:00-05:00 pnl=102533082.34 pnlcomm=101766464.27 commission=766618.07 bars=313
2026-10-03 14:17:23.176 INFO webull.main   #71 SPY LONG size=1110129 entry=425.07@2022-04-01 16:00:00-04:00 exit=387.97@2022-05-02 16:00:00-04:00 pnl=-44554908.87 pnlcomm=-44856271.84 commission=301362.97 bars=20
2026-10-03 14:17:23.176 INFO webull.main   #72 VNQ LONG size=5209222 entry=90.95@2022-04-01 16:00:00-04:00 exit=86.78@2022-05-02 16:00:00-04:00 pnl=-21374116.46 pnlcomm=-21866834.69 commission=492718.24 bars=20
2026-10-03 14:17:23.177 INFO webull.main   #73 DBC LONG size=31156670 entry=19.49@2020-12-01 16:00:00-05:00 exit=21.27@2022-10-03 16:00:00-04:00 pnl=259864378.68 pnlcomm=258551264.14 commission=1313114.54 bars=462
2026-10-03 14:17:23.177 INFO webull.main   #74 SPY LONG size=1174414 entry=386.67@2022-12-01 16:00:00-05:00 exit=366.62@2023-01-03 16:00:00-05:00 pnl=-25153812.77 pnlcomm=-25445620.99 commission=291808.22 bars=21
2026-10-03 14:17:23.177 INFO webull.main   #75 IEF LONG size=5235880 entry=87.02@2023-02-01 16:00:00-05:00 exit=83.67@2023-03-01 16:00:00-05:00 pnl=-18026584.21 pnlcomm=-18303206.20 commission=276621.99 bars=19
2026-10-03 14:17:23.177 INFO webull.main   #76 VNQ LONG size=5840034 entry=77.98@2023-02-01 16:00:00-05:00 exit=73.36@2023-03-01 16:00:00-05:00 pnl=-27573802.64 pnlcomm=-28039933.30 commission=466130.66 bars=19
2026-10-03 14:17:23.177 INFO webull.main   #77 IEF LONG size=5147400 entry=86.94@2023-04-03 16:00:00-04:00 exit=84.57@2023-08-01 16:00:00-04:00 pnl=-12960996.22 pnlcomm=-13278699.95 commission=317703.73 bars=82
2026-10-03 14:17:23.177 INFO webull.main   #78 VNQ LONG size=6221990 entry=73.45@2023-07-03 16:00:00-04:00 exit=72.98@2023-09-01 16:00:00-04:00 pnl=-2618912.60 pnlcomm=-3120056.23 commission=501143.63 bars=43
2026-10-03 14:17:23.177 INFO webull.main   #79 EFA LONG size=7544039 entry=61.51@2022-12-01 16:00:00-05:00 exit=62.32@2023-10-02 16:00:00-04:00 pnl=16396671.86 pnlcomm=16000442.30 commission=396229.56 bars=208
2026-10-03 14:17:23.177 INFO webull.main   #80 SPY LONG size=1179498 entry=391.58@2023-02-01 16:00:00-05:00 exit=404.28@2023-11-01 16:00:00-04:00 pnl=22183725.08 pnlcomm=21801451.40 commission=382273.68 bars=189
2026-10-03 14:17:23.177 INFO webull.main   #81 DBC LONG size=21528597 entry=21.32@2023-08-01 16:00:00-04:00 exit=20.33@2024-01-02 16:00:00-05:00 pnl=-22189946.75 pnlcomm=-22790179.72 commission=600232.97 bars=106
2026-10-03 14:17:23.177 INFO webull.main   #82 IEF LONG size=5273631 entry=86.31@2024-01-02 16:00:00-05:00 exit=83.38@2024-05-01 16:00:00-04:00 pnl=-17000675.36 pnlcomm=-17313937.43 commission=313262.07 bars=83
2026-10-03 14:17:23.177 INFO webull.main   #83 VNQ LONG size=6114522 entry=73.39@2023-12-01 16:00:00-05:00 exit=72.15@2024-05-01 16:00:00-04:00 pnl=-2005524.60 pnlcomm=-2579104.95 commission=573580.35 bars=103
2026-10-03 14:17:23.177 INFO webull.main   #84 DBC LONG size=22236196 entry=21.19@2024-04-01 16:00:00-04:00 exit=20.72@2024-08-01 16:00:00-04:00 pnl=-9534696.41 pnlcomm=-10116288.77 commission=581592.36 bars=85
2026-10-03 14:17:23.177 INFO webull.main   #85 EFA LONG size=6737339 entry=68.69@2023-12-01 16:00:00-05:00 exit=74.15@2024-12-02 16:00:00-05:00 pnl=55518933.81 pnlcomm=55100768.40 commission=418165.42 bars=251
2026-10-03 14:17:23.177 INFO webull.main   #86 IEF LONG size=5478765 entry=85.56@2024-06-03 16:00:00-04:00 exit=86.58@2025-01-02 16:00:00-05:00 pnl=10063358.21 pnlcomm=9700633.97 commission=362724.24 bars=147
2026-10-03 14:17:23.177 INFO webull.main   #87 SPY LONG size=1009771 entry=484.83@2023-12-01 16:00:00-05:00 exit=548.35@2025-04-01 16:00:00-04:00 pnl=105014453.14 pnlcomm=104554885.71 commission=459567.42 bars=332
2026-10-03 14:17:23.177 INFO webull.main   #88 VNQ LONG size=6112863 entry=79.50@2024-06-03 16:00:00-04:00 exit=85.81@2025-04-01 16:00:00-04:00 pnl=61101879.77 pnlcomm=60360420.15 commission=741459.62 bars=207
2026-10-03 14:17:23.177 INFO webull.main   #89 DBC LONG size=22694594 entry=21.24@2025-02-03 16:00:00-05:00 exit=19.90@2025-05-01 16:00:00-04:00 pnl=-32924239.05 pnlcomm=-33487787.97 commission=563548.91 bars=61
2026-10-03 14:17:23.177 INFO webull.main   #90 SPY LONG size=844322 entry=606.31@2025-06-02 16:00:00-04:00 exit=650.60@2026-04-01 16:00:00-04:00 pnl=59296238.94 pnlcomm=58850019.80 commission=446219.14 bars=209
2026-10-03 14:17:23.177 INFO webull.main   #91 VNQ LONG size=5785236 entry=87.36@2025-09-02 16:00:00-04:00 exit=87.17@2026-04-01 16:00:00-04:00 pnl=350260.61 pnlcomm=-353029.17 commission=703289.77 bars=146
2026-10-03 14:17:23.177 INFO webull.main   #92 IEF LONG size=5573078 entry=90.49@2025-03-03 16:00:00-05:00 exit=92.63@2026-06-01 16:00:00-04:00 pnl=20258644.71 pnlcomm=19758086.59 commission=500558.12 bars=313
2026-10-03 14:17:23.177 INFO webull.main   #93 VNQ LONG size=5960878 entry=95.14@2026-05-01 16:00:00-04:00 exit=89.35@2026-10-01 16:00:00-04:00 pnl=-34602558.98 pnlcomm=-35334798.45 commission=732239.47 bars=105
2026-10-03 14:17:23.177 INFO webull.main ============================================================
2026-10-03 14:17:23.177 INFO webull.main [Backtest] visualization disabled (WEBULL_VISUALIZE=false)
2026-10-03 14:17:23.432 INFO webull.harness [Harness] in_sample     2005-11-01..2024-10-02  kit Sharpe 0.6329  our Sharpe 0.5098  ann 4.91%  max DD -15.69%  orders 15839 (refused 0)
2026-10-03 14:17:23.432 INFO webull.harness [Harness] out_of_sample 2024-10-03..2026-10-02  kit Sharpe 1.1558  our Sharpe 0.6975  ann 8.07%  max DD -6.44%  orders 2033 (refused 0)
2026-10-03 14:17:23.432 INFO webull.harness [Harness] full          2005-01-03..2026-10-02  kit Sharpe 0.6624  our Sharpe 0.5147  ann 5.00%  max DD -15.69%  orders 17872 (refused 0)
2026-10-03 14:17:23.449 INFO webull.harness [Harness] metrics written: <scratch>/kit_native/native_gtaa/diag/S3_project_open_sized.json
