20110427 0.066290944815 18158 0.003165230155 867
20110622 0.060438737273 16555 0.003099516034 849
20111102 0.065834596753 18033 0.003066658974 840
20120125 0.068251416087 18695 0.003048405051 835
20120425 0.054823830724 15017 0.003044754267 834
20120620 0.06621427834 18137 0.003110468388 852
20120913 0.066210627556 18136 0.00316157937 866
20121212 0.048624798656 13319 0.002927929163 802
20130320 0.054860338569 15027 0.003073960543 842
20130619 0.101079270244 27687 0.003150627017 863
20130918 0.095194205642 26075 0.003176182508 870
20131218 0.084763914347 23218 0.00316157937 866
20140319 0.088717713952 24301 0.003168880939 868
20140618 0.073344260454 20090 0.003146976233 862
20140917 0.086381211877 23661 0.003216341138 881
20141217 0.096552297473 26447 0.003187134862 873
20150318 0.105390846729 28868 0.003198087215 876
20150617 0.083865821362 22972 0.003187134862 873
20150917 0.099297687411 27199 0.003198087215 876
20151216 0.087158828974 23874 0.003176182508 870
20160316 0.08635930717 23655 0.003212690353 880
20160615 0.069182366133 18950 0.003198087215 876
20160921 0.077334567904 21183 0.003099516034 849
20161214 0.098458006978 26969 0.003190785646 874
20170315 0.087469145656 23959 0.003205388784 878
20170614 0.074048861861 20283 0.003143325448 861
20170920 0.079400911927 21749 0.003168880939 868
20171213 0.061862543225 16945 0.003143325448 861
20180321 0.086439624429 23677 0.003179833293 871
20180613 0.074417591095 20384 0.003179833293 871
20180926 0.06995998323 19163 0.003114119172 853
20181219 0.095982775092 26291 0.003219991922 882
20190130 0.079061388969 21656 0.003205388784 878
20190320 0.082730427384 22661 0.003205388784 878
20190501 0.080357417464 22011 0.003223642707 883
20190619 0.086928829551 23811 0.003223642707 883
20190731 0.101130381227 27701 0.003227293491 884
20190918 0.086662322283 23738 0.003219991922 882
20191030 0.074808225036 20491 0.003219991922 882
20191211 0.059102550149 16189 0.003157928586 865
20200129 0.059540644288 16309 0.003198087215 876
20200303 0.115514472127 31641 0.003285706043 900
20200315 0.049449875951 13545 0.00229999423 630
20200429 0.069153159857 18942 0.003205388784 878
20200610 0.084738358855 23211 0.003209039569 879
20200729 0.067897289991 18598 0.003194436431 875
20200916 0.07391743362 20247 0.003157928586 865
20201105 0.068722367287 18824 0.003187134862 873
20201216 0.063622221351 17427 0.003150627017 863
20210127 0.070996806026 19447 0.003168880939 868
20210317 0.092660561204 25381 0.003223642707 883
20210428 0.066798403859 18297 0.003146976233 862
20210616 0.097045153379 26582 0.003227293491 884
20210728 0.077769011259 21302 0.003282055259 899
20210922 0.084877088666 23249 0.003256499767 892
20211103 0.086414068937 23670 0.003282055259 899
20211215 0.088359937072 24203 0.003267452121 895
20220126 0.103638470173 28388 0.003282055259 899
20220316 0.109330043197 29947 0.003285706043 900
20220504 0.114327967167 31316 0.003285706043 900
20220615 0.122096836567 33444 0.003282055259 899
20220727 0.106880366802 29276 0.003285706043 900
20220921 0.122290328145 33497 0.003285706043 900
20221102 0.119110494852 32626 0.003285706043 900
20221214 0.109143853188 29896 0.003285706043 900
20230201 0.109001472592 29857 0.003285706043 900
20230322 0.129504278302 35473 0.003285706043 900
20230503 0.103317201138 28300 0.003282055259 899
20230614 0.106960684061 29298 0.003285706043 900
20230726 0.0907073915 24846 0.003285706043 900
20230920 0.103152915835 28255 0.003285706043 900
20231101 0.097724199295 26768 0.003285706043 900
20231213 0.111761465669 30613 0.003285706043 900
20240131 0.115215107799 31559 0.003285706043 900
20240320 0.102338790894 28032 0.003285706043 900
20240501 0.101488158107 27799 0.003282055259 899
20240612 0.090645328164 24829 0.003271102905 896
20240731 0.100148320198 27432 0.003285706043 900
20240918 0.114291459322 31306 0.003285706043 900
20241107 0.088695809245 24295 0.003282055259 899
20241218 0.11135622859 30502 0.003282055259 899
20250129 0.089294537902 24459 0.003278404474 898
20250319 0.094467699528 25876 0.003285706043 900
20250507 0.088761523366 24313 0.003285706043 900
20250618 0.081887096167 22430 0.003260150552 893
20250730 0.091853737831 25160 0.003278404474 898
20250917 0.098381340504 26948 0.00327475369 897
20251029 0.098436102271 26963 0.003285706043 900
20251210 0.095311030746 26107 0.003278404474 898
20260128 0.073044896126 20008 0.003256499767 892
20260318 0.085501372814 23420 0.003285706043 900
20260429 0.084442645311 23130 0.003285706043 900
20260617 0.111498609185 30541 0.003285706043 900
20260729 0.111845433712 30636 0.003285706043 900
20260916 0.098720863461 27041 0.003285706043 900
wrote cost_task.csv
