2026-10-03 14:50:04.382 INFO webull.main [Backtest] strategy=gqh_gtaa symbols=['SPY', 'EFA', 'IEF', 'VNQ', 'DBC'] params={}
2026-10-03 14:50:04.387 INFO webull.main [Backtest] starting cash: 1000000000.00
2026-10-03 14:50:08.026 INFO webull.main ============================================================
2026-10-03 14:50:08.026 INFO webull.main [Backtest] Result Summary
2026-10-03 14:50:08.026 INFO webull.main ============================================================
2026-10-03 14:50:08.026 INFO webull.main Starting cash    : 1000000000.00
2026-10-03 14:50:08.026 INFO webull.main Final cash       : 2838910949.39
2026-10-03 14:50:08.026 INFO webull.main Net P&L          : 1838910949.39 (183.89%)
2026-10-03 14:50:08.026 INFO webull.main Max drawdown     : 15.86% (217856877.81)
2026-10-03 14:50:08.026 INFO webull.main Sharpe ratio     : 0.6586 (annualized)
2026-10-03 14:50:08.027 INFO webull.main Total trades     : 96 (won=40, lost=53, win rate=41.67%)
2026-10-03 14:50:08.027 INFO webull.main Trades net P&L   : 1379128428.39
2026-10-03 14:50:08.027 INFO webull.main ============================================================
2026-10-03 14:50:08.027 INFO webull.main [Backtest] Trade-by-trade detail (93 closed trade(s)):
2026-10-03 14:50:08.027 INFO webull.main   #1 IEF LONG size=4207065 entry=48.30@2006-01-03 16:00:00-05:00 exit=48.05@2006-02-01 16:00:00-05:00 pnl=-1066468.10 pnlcomm=-1196562.65 commission=130094.55 bars=20
2026-10-03 14:50:08.027 INFO webull.main   #2 DBC LONG size=11472456 entry=20.24@2006-12-01 16:00:00-05:00 exit=19.61@2007-02-01 16:00:00-05:00 pnl=-9351733.47 pnlcomm=-9629578.79 commission=277845.32 bars=40
2026-10-03 14:50:08.027 INFO webull.main   #3 IEF LONG size=4514945 entry=48.63@2006-08-01 16:00:00-04:00 exit=49.75@2007-07-02 16:00:00-04:00 pnl=8608570.99 pnlcomm=8409488.65 commission=199082.33 bars=230
2026-10-03 14:50:08.027 INFO webull.main   #4 VNQ LONG size=8219347 entry=29.52@2005-11-01 16:00:00-05:00 exit=31.97@2007-07-02 16:00:00-04:00 pnl=61946744.06 pnlcomm=61470841.16 commission=475902.89 bars=417
2026-10-03 14:50:08.027 INFO webull.main   #5 SPY LONG size=2419021 entry=92.61@2005-11-01 16:00:00-05:00 exit=104.11@2008-01-02 16:00:00-05:00 pnl=53729067.33 pnlcomm=53468719.30 commission=260348.03 bars=544
2026-10-03 14:50:08.027 INFO webull.main   #6 EFA LONG size=6549885 entry=38.31@2005-11-01 16:00:00-05:00 exit=45.30@2008-01-02 16:00:00-05:00 pnl=91597789.99 pnlcomm=91279415.34 commission=318374.66 bars=544
2026-10-03 14:50:08.027 INFO webull.main   #7 VNQ LONG size=8645329 entry=30.50@2008-05-01 16:00:00-04:00 exit=26.79@2008-07-01 16:00:00-04:00 pnl=-37051121.08 pnlcomm=-37388706.89 commission=337585.81 bars=42
2026-10-03 14:50:08.027 INFO webull.main   #8 DBC LONG size=11576923 entry=27.89@2007-03-01 16:00:00-05:00 exit=27.88@2008-10-01 16:00:00-04:00 pnl=90195439.71 pnlcomm=89468818.06 commission=726621.65 bars=401
2026-10-03 14:50:08.027 INFO webull.main   #9 VNQ LONG size=8980924 entry=24.46@2008-09-02 16:00:00-04:00 exit=19.75@2008-11-03 16:00:00-05:00 pnl=-80440429.93 pnlcomm=-80894539.69 commission=454109.75 bars=44
2026-10-03 14:50:08.027 INFO webull.main   #10 IEF LONG size=4680654 entry=56.06@2007-08-01 16:00:00-04:00 exit=60.04@2009-06-01 16:00:00-04:00 pnl=43841041.40 pnlcomm=43492446.13 commission=348595.27 bars=461
2026-10-03 14:50:08.027 INFO webull.main   #11 IEF LONG size=4221159 entry=62.07@2009-10-01 16:00:00-04:00 exit=60.45@2010-01-04 16:00:00-05:00 pnl=-7524694.69 pnlcomm=-7735569.06 commission=210874.37 bars=64
2026-10-03 14:50:08.027 INFO webull.main   #12 DBC LONG size=12717238 entry=19.83@2009-08-03 16:00:00-04:00 exit=19.30@2010-02-01 16:00:00-05:00 pnl=-6566223.80 pnlcomm=-6939762.18 commission=373538.38 bars=125
2026-10-03 14:50:08.027 INFO webull.main   #13 IEF LONG size=4262886 entry=61.68@2010-02-01 16:00:00-05:00 exit=61.24@2010-04-01 16:00:00-04:00 pnl=-1976639.45 pnlcomm=-2157936.11 commission=181296.66 bars=42
2026-10-03 14:50:08.027 INFO webull.main   #14 EFA LONG size=8613624 entry=30.17@2009-06-01 16:00:00-04:00 exit=29.19@2010-06-01 16:00:00-04:00 pnl=4229751.75 pnlcomm=3959094.80 commission=270656.95 bars=252
2026-10-03 14:50:08.027 INFO webull.main   #15 DBC LONG size=13448328 entry=19.97@2010-03-01 16:00:00-05:00 exit=18.40@2010-06-01 16:00:00-04:00 pnl=-23474008.05 pnlcomm=-23791385.72 commission=317377.67 bars=64
2026-10-03 14:50:08.027 INFO webull.main   #16 SPY LONG size=3537818 entry=72.30@2009-07-01 16:00:00-04:00 exit=77.47@2010-07-01 16:00:00-04:00 pnl=33592830.65 pnlcomm=33370171.42 commission=222659.22 bars=252
2026-10-03 14:50:08.027 INFO webull.main   #17 SPY LONG size=3234815 entry=83.91@2010-08-02 16:00:00-04:00 exit=80.16@2010-09-01 16:00:00-04:00 pnl=-12553862.16 pnlcomm=-12722479.35 commission=168617.19 bars=22
2026-10-03 14:50:08.027 INFO webull.main   #18 EFA LONG size=8321092 entry=32.81@2010-08-02 16:00:00-04:00 exit=31.73@2010-09-01 16:00:00-04:00 pnl=-9396251.74 pnlcomm=-9569047.04 commission=172795.30 bars=22
2026-10-03 14:50:08.027 INFO webull.main   #19 IEF LONG size=4569024 entry=64.33@2010-05-03 16:00:00-04:00 exit=65.56@2011-01-03 16:00:00-05:00 pnl=14837462.88 pnlcomm=14558173.88 commission=279289.00 bars=170
2026-10-03 14:50:08.027 INFO webull.main   #20 SPY LONG size=3099023 entry=89.62@2010-10-01 16:00:00-04:00 exit=93.69@2011-09-01 16:00:00-04:00 pnl=21464705.61 pnlcomm=21229349.34 commission=235356.26 bars=232
2026-10-03 14:50:08.027 INFO webull.main   #21 EFA LONG size=7840388 entry=35.03@2010-10-01 16:00:00-04:00 exit=34.02@2011-09-01 16:00:00-04:00 pnl=-1370604.18 pnlcomm=-1655163.18 commission=284559.00 bars=232
2026-10-03 14:50:08.027 INFO webull.main   #22 VNQ LONG size=14198459 entry=26.31@2009-08-03 16:00:00-04:00 exit=31.48@2011-09-01 16:00:00-04:00 pnl=166410189.67 pnlcomm=165554389.71 commission=855799.96 bars=526
2026-10-03 14:50:08.027 INFO webull.main   #23 DBC LONG size=13102338 entry=22.62@2010-10-01 16:00:00-04:00 exit=21.40@2011-10-03 16:00:00-04:00 pnl=13709746.16 pnlcomm=13178399.04 commission=531347.12 bars=253
2026-10-03 14:50:08.027 INFO webull.main   #24 VNQ LONG size=8802366 entry=31.06@2011-11-01 16:00:00-04:00 exit=30.91@2011-12-01 16:00:00-05:00 pnl=-1473052.19 pnlcomm=-1794929.26 commission=321877.06 bars=21
2026-10-03 14:50:08.027 INFO webull.main   #25 EFA LONG size=8149122 entry=35.13@2012-03-01 16:00:00-05:00 exit=30.31@2012-06-01 16:00:00-04:00 pnl=-43898559.84 pnlcomm=-44094593.72 commission=196033.88 bars=64
2026-10-03 14:50:08.027 INFO webull.main   #26 DBC LONG size=11606779 entry=24.63@2012-03-01 16:00:00-05:00 exit=21.04@2012-06-01 16:00:00-04:00 pnl=-46660966.92 pnlcomm=-46976428.49 commission=315461.57 bars=64
2026-10-03 14:50:08.027 INFO webull.main   #27 DBC LONG size=11530869 entry=24.48@2012-09-04 16:00:00-04:00 exit=23.38@2012-11-01 16:00:00-04:00 pnl=-13367823.44 pnlcomm=-13679931.57 commission=312108.13 bars=40
2026-10-03 14:50:08.027 INFO webull.main   #28 IEF LONG size=4449997 entry=74.21@2011-06-01 16:00:00-04:00 exit=78.44@2013-02-01 16:00:00-05:00 pnl=38793127.56 pnlcomm=38394037.35 commission=399090.20 bars=420
2026-10-03 14:50:08.027 INFO webull.main   #29 DBC LONG size=11828437 entry=23.91@2012-12-03 16:00:00-05:00 exit=22.73@2013-03-01 16:00:00-05:00 pnl=-15272981.68 pnlcomm=-15589589.64 commission=316607.97 bars=60
2026-10-03 14:50:08.027 INFO webull.main   #30 IEF LONG size=3713651 entry=79.29@2013-04-01 16:00:00-04:00 exit=77.78@2013-06-03 16:00:00-04:00 pnl=-5678870.01 pnlcomm=-5876631.51 commission=197761.50 bars=44
2026-10-03 14:50:08.027 INFO webull.main   #31 VNQ LONG size=8760604 entry=36.16@2012-01-03 16:00:00-05:00 exit=38.18@2013-09-03 16:00:00-04:00 pnl=43004507.07 pnlcomm=42456720.15 commission=547786.92 bars=418
2026-10-03 14:50:08.027 INFO webull.main   #32 VNQ LONG size=7394267 entry=41.21@2013-11-01 16:00:00-04:00 exit=38.93@2013-12-02 16:00:00-05:00 pnl=-17732274.82 pnlcomm=-18048084.86 commission=315810.03 bars=20
2026-10-03 14:50:08.027 INFO webull.main   #33 DBC LONG size=14028371 entry=22.35@2014-03-03 16:00:00-05:00 exit=21.32@2014-08-01 16:00:00-04:00 pnl=-15925607.54 pnlcomm=-16303152.41 commission=377544.87 bars=106
2026-10-03 14:50:08.027 INFO webull.main   #34 EFA LONG size=8229193 entry=39.39@2012-09-04 16:00:00-04:00 exit=44.91@2014-10-01 16:00:00-04:00 pnl=83238166.52 pnlcomm=82883594.01 commission=354572.51 bars=521
2026-10-03 14:50:08.027 INFO webull.main   #35 VNQ LONG size=7379921 entry=44.61@2014-02-03 16:00:00-05:00 exit=50.16@2015-06-01 16:00:00-04:00 pnl=68084728.29 pnlcomm=67550616.35 commission=534111.94 bars=333
2026-10-03 14:50:08.027 INFO webull.main   #36 IEF LONG size=3920275 entry=78.34@2014-02-03 16:00:00-05:00 exit=80.60@2015-07-01 16:00:00-04:00 pnl=16951827.91 pnlcomm=16633356.96 commission=318470.95 bars=355
2026-10-03 14:50:08.027 INFO webull.main   #37 SPY LONG size=2819828 entry=138.91@2012-02-01 16:00:00-05:00 exit=160.61@2015-09-01 16:00:00-04:00 pnl=138714534.49 pnlcomm=138247737.65 commission=466796.84 bars=901
2026-10-03 14:50:08.027 INFO webull.main   #38 EFA LONG size=7160863 entry=46.17@2015-03-02 16:00:00-05:00 exit=42.14@2015-09-01 16:00:00-04:00 pnl=-28717700.64 pnlcomm=-28972393.27 commission=254692.63 bars=128
2026-10-03 14:50:08.027 INFO webull.main   #39 IEF LONG size=4003894 entry=82.19@2015-08-03 16:00:00-04:00 exit=82.46@2015-09-01 16:00:00-04:00 pnl=1271312.07 pnlcomm=1063995.69 commission=207316.38 bars=21
2026-10-03 14:50:08.027 INFO webull.main   #40 IEF LONG size=3796407 entry=83.57@2015-10-01 16:00:00-04:00 exit=82.66@2016-01-04 16:00:00-05:00 pnl=-3792108.41 pnlcomm=-4002074.52 commission=209966.11 bars=64
2026-10-03 14:50:08.027 INFO webull.main   #41 SPY LONG size=1821336 entry=172.68@2015-11-02 16:00:00-05:00 exit=161.91@2016-02-01 16:00:00-05:00 pnl=-22196488.20 pnlcomm=-22420904.71 commission=224416.51 bars=61
2026-10-03 14:50:08.027 INFO webull.main   #42 EFA LONG size=7508095 entry=42.14@2016-06-01 16:00:00-04:00 exit=41.59@2016-07-01 16:00:00-04:00 pnl=-4815010.88 pnlcomm=-5030247.79 commission=215236.91 bars=22
2026-10-03 14:50:08.027 INFO webull.main   #43 IEF LONG size=3656659 entry=85.68@2016-02-01 16:00:00-05:00 exit=86.62@2016-11-01 16:00:00-04:00 pnl=6482000.03 pnlcomm=6218054.84 commission=263945.19 bars=191
2026-10-03 14:50:08.027 INFO webull.main   #44 VNQ LONG size=6147643 entry=53.12@2015-11-02 16:00:00-05:00 exit=54.66@2016-11-01 16:00:00-04:00 pnl=20517201.08 pnlcomm=19957778.09 commission=559422.98 bars=252
2026-10-03 14:50:08.027 INFO webull.main   #45 EFA LONG size=7605501 entry=43.09@2016-08-01 16:00:00-04:00 exit=42.25@2016-12-01 16:00:00-05:00 pnl=-6028507.73 pnlcomm=-6250387.64 commission=221879.91 bars=86
2026-10-03 14:50:08.027 INFO webull.main   #46 VNQ LONG size=5705337 entry=58.19@2017-03-01 16:00:00-05:00 exit=56.88@2017-04-03 16:00:00-04:00 pnl=-7953002.83 pnlcomm=-8299267.44 commission=346264.61 bars=23
2026-10-03 14:50:08.027 INFO webull.main   #47 DBC LONG size=25681263 entry=12.48@2016-05-02 16:00:00-04:00 exit=12.52@2017-05-01 16:00:00-04:00 pnl=8616360.13 pnlcomm=8067124.72 commission=549235.40 bars=251
2026-10-03 14:50:08.027 INFO webull.main   #48 IEF LONG size=3922084 entry=85.45@2017-06-01 16:00:00-04:00 exit=85.19@2017-12-01 16:00:00-05:00 pnl=-881193.82 pnlcomm=-1117769.28 commission=236575.46 bars=128
2026-10-03 14:50:08.027 INFO webull.main   #49 VNQ LONG size=5791548 entry=58.19@2017-07-03 16:00:00-04:00 exit=56.57@2018-02-01 16:00:00-05:00 pnl=-9905430.01 pnlcomm=-10356203.10 commission=450773.09 bars=147
2026-10-03 14:50:08.027 INFO webull.main   #50 EFA LONG size=7542075 entry=46.60@2017-01-03 16:00:00-05:00 exit=54.03@2018-06-01 16:00:00-04:00 pnl=73176604.84 pnlcomm=72866997.05 commission=309607.79 bars=355
2026-10-03 14:50:08.027 INFO webull.main   #51 EFA LONG size=6708260 entry=54.13@2018-08-01 16:00:00-04:00 exit=52.41@2018-09-04 16:00:00-04:00 pnl=-11959633.83 pnlcomm=-12186071.13 commission=226437.30 bars=23
2026-10-03 14:50:08.027 INFO webull.main   #52 IEF LONG size=4380091 entry=83.74@2018-09-04 16:00:00-04:00 exit=82.75@2018-10-01 16:00:00-04:00 pnl=-4394279.51 pnlcomm=-4617833.10 commission=223553.59 bars=19
2026-10-03 14:50:08.027 INFO webull.main   #53 SPY LONG size=1827697 entry=202.53@2016-04-01 16:00:00-04:00 exit=240.96@2018-11-01 16:00:00-04:00 pnl=114953476.12 pnlcomm=114537637.65 commission=415838.47 bars=653
2026-10-03 14:50:08.027 INFO webull.main   #54 DBC LONG size=26337999 entry=13.56@2017-10-02 16:00:00-04:00 exit=14.41@2018-11-01 16:00:00-04:00 pnl=41289142.27 pnlcomm=40717064.37 commission=572077.90 bars=274
2026-10-03 14:50:08.027 INFO webull.main   #55 SPY LONG size=1468382 entry=245.91@2018-12-03 16:00:00-05:00 exit=219.50@2019-01-02 16:00:00-05:00 pnl=-43449571.69 pnlcomm=-43682460.77 commission=232889.08 bars=19
2026-10-03 14:50:08.027 INFO webull.main   #56 VNQ LONG size=6319047 entry=57.28@2018-06-01 16:00:00-04:00 exit=55.02@2019-01-02 16:00:00-05:00 pnl=-9067254.36 pnlcomm=-9565864.54 commission=498610.18 bars=147
2026-10-03 14:50:08.027 INFO webull.main   #57 SPY LONG size=1392559 entry=250.54@2019-03-01 16:00:00-05:00 exit=246.76@2019-06-03 16:00:00-04:00 pnl=-4534416.64 pnlcomm=-4765974.60 commission=231557.96 bars=64
2026-10-03 14:50:08.027 INFO webull.main   #58 EFA LONG size=6808974 entry=52.14@2019-04-01 16:00:00-04:00 exit=50.66@2019-06-03 16:00:00-04:00 pnl=-10177919.48 pnlcomm=-10405392.52 commission=227473.04 bars=43
2026-10-03 14:50:08.027 INFO webull.main   #59 DBC LONG size=26594612 entry=13.85@2020-01-02 16:00:00-05:00 exit=12.58@2020-02-03 16:00:00-05:00 pnl=-36278179.78 pnlcomm=-36665063.27 commission=386883.48 bars=21
2026-10-03 14:50:08.027 INFO webull.main   #60 SPY LONG size=1332753 entry=269.20@2019-07-01 16:00:00-04:00 exit=271.15@2020-03-02 16:00:00-05:00 pnl=7498511.25 pnlcomm=7211738.16 commission=286773.09 bars=168
2026-10-03 14:50:08.028 INFO webull.main   #61 EFA LONG size=6574892 entry=54.08@2019-07-01 16:00:00-04:00 exit=51.21@2020-03-02 16:00:00-05:00 pnl=-18146690.70 pnlcomm=-18422422.25 commission=275731.55 bars=168
2026-10-03 14:50:08.028 INFO webull.main   #62 VNQ LONG size=5550328 entry=65.05@2019-02-01 16:00:00-05:00 exit=67.92@2020-03-02 16:00:00-05:00 pnl=32562525.01 pnlcomm=32011959.01 commission=550566.00 bars=271
2026-10-03 14:50:08.028 INFO webull.main   #63 DBC LONG size=31042585 entry=11.75@2020-09-01 16:00:00-04:00 exit=10.99@2020-11-02 16:00:00-05:00 pnl=-25651489.55 pnlcomm=-26060888.87 commission=409399.31 bars=43
2026-10-03 14:50:08.028 INFO webull.main   #64 IEF LONG size=4289671 entry=91.93@2018-12-03 16:00:00-05:00 exit=102.23@2020-12-01 16:00:00-05:00 pnl=72645442.15 pnlcomm=72218926.92 commission=426515.24 bars=502
2026-10-03 14:50:08.028 INFO webull.main   #65 IEF LONG size=4414576 entry=100.83@2021-08-02 16:00:00-04:00 exit=98.94@2021-10-01 16:00:00-04:00 pnl=-8682364.35 pnlcomm=-8974296.78 commission=291932.43 bars=43
2026-10-03 14:50:08.028 INFO webull.main   #66 EFA LONG size=6931340 entry=57.89@2020-08-03 16:00:00-04:00 exit=66.54@2021-12-01 16:00:00-05:00 pnl=92112148.50 pnlcomm=91705526.13 commission=406622.37 bars=336
2026-10-03 14:50:08.028 INFO webull.main   #67 EFA LONG size=6778458 entry=68.80@2022-01-03 16:00:00-05:00 exit=66.44@2022-02-01 16:00:00-05:00 pnl=-16297136.72 pnlcomm=-16585676.94 commission=288540.22 bars=20
2026-10-03 14:50:08.028 INFO webull.main   #68 IEF LONG size=4477821 entry=98.96@2021-12-01 16:00:00-05:00 exit=96.81@2022-02-01 16:00:00-05:00 pnl=-10420027.62 pnlcomm=-10721129.08 commission=301101.46 bars=42
2026-10-03 14:50:08.028 INFO webull.main   #69 SPY LONG size=1267353 entry=336.75@2020-06-01 16:00:00-04:00 exit=408.32@2022-03-01 16:00:00-05:00 pnl=152991867.41 pnlcomm=152502367.97 commission=489499.44 bars=441
2026-10-03 14:50:08.028 INFO webull.main   #70 VNQ LONG size=5525254 entry=75.91@2020-12-01 16:00:00-05:00 exit=85.41@2022-03-01 16:00:00-05:00 pnl=100217950.81 pnlcomm=99458243.43 commission=759707.39 bars=313
2026-10-03 14:50:08.028 INFO webull.main   #71 SPY LONG size=1086524 entry=424.92@2022-04-01 16:00:00-04:00 exit=387.97@2022-05-02 16:00:00-04:00 pnl=-43296546.01 pnlcomm=-43590870.03 commission=294324.02 bars=20
2026-10-03 14:50:08.028 INFO webull.main   #72 VNQ LONG size=5103113 entry=90.95@2022-04-01 16:00:00-04:00 exit=86.78@2022-05-02 16:00:00-04:00 pnl=-20676667.51 pnlcomm=-21160523.17 commission=483855.66 bars=20
2026-10-03 14:50:08.028 INFO webull.main   #73 DBC LONG size=30411044 entry=19.28@2020-12-01 16:00:00-05:00 exit=21.27@2022-10-03 16:00:00-04:00 pnl=253314285.62 pnlcomm=252054552.51 commission=1259733.10 bars=462
2026-10-03 14:50:08.028 INFO webull.main   #74 SPY LONG size=1149050 entry=386.52@2022-12-01 16:00:00-05:00 exit=366.62@2023-01-03 16:00:00-05:00 pnl=-24604154.12 pnlcomm=-24886901.09 commission=282746.97 bars=21
2026-10-03 14:50:08.028 INFO webull.main   #75 IEF LONG size=5119877 entry=87.02@2023-02-01 16:00:00-05:00 exit=83.67@2023-03-01 16:00:00-05:00 pnl=-17553757.12 pnlcomm=-17824397.70 commission=270640.57 bars=19
2026-10-03 14:50:08.028 INFO webull.main   #76 VNQ LONG size=5668349 entry=77.97@2023-02-01 16:00:00-05:00 exit=73.36@2023-03-01 16:00:00-05:00 pnl=-26939480.83 pnlcomm=-27395502.88 commission=456022.05 bars=19
2026-10-03 14:50:08.028 INFO webull.main   #77 IEF LONG size=5015229 entry=86.95@2023-04-03 16:00:00-04:00 exit=84.57@2023-08-01 16:00:00-04:00 pnl=-12571778.92 pnlcomm=-12880566.00 commission=308787.08 bars=82
2026-10-03 14:50:08.028 INFO webull.main   #78 VNQ LONG size=6062412 entry=73.45@2023-07-03 16:00:00-04:00 exit=72.98@2023-09-01 16:00:00-04:00 pnl=-2604171.97 pnlcomm=-3090933.99 commission=486762.02 bars=43
2026-10-03 14:50:08.028 INFO webull.main   #79 EFA LONG size=7443685 entry=61.46@2022-12-01 16:00:00-05:00 exit=62.32@2023-10-02 16:00:00-04:00 pnl=15679296.63 pnlcomm=15292969.92 commission=386326.72 bars=208
2026-10-03 14:50:08.028 INFO webull.main   #80 SPY LONG size=1147421 entry=391.75@2023-02-01 16:00:00-05:00 exit=404.28@2023-11-01 16:00:00-04:00 pnl=21333578.89 pnlcomm=20965757.52 commission=367821.37 bars=189
2026-10-03 14:50:08.028 INFO webull.main   #81 DBC LONG size=20948292 entry=21.32@2023-08-01 16:00:00-04:00 exit=20.33@2024-01-02 16:00:00-05:00 pnl=-21570382.43 pnlcomm=-22152050.99 commission=581668.55 bars=106
2026-10-03 14:50:08.028 INFO webull.main   #82 IEF LONG size=5137428 entry=86.33@2024-01-02 16:00:00-05:00 exit=83.38@2024-05-01 16:00:00-04:00 pnl=-16545068.59 pnlcomm=-16849170.97 commission=304102.38 bars=83
2026-10-03 14:50:08.028 INFO webull.main   #83 VNQ LONG size=5959678 entry=73.52@2023-12-01 16:00:00-05:00 exit=72.15@2024-05-01 16:00:00-04:00 pnl=-1975166.49 pnlcomm=-2544171.53 commission=569005.04 bars=103
2026-10-03 14:50:08.028 INFO webull.main   #84 DBC LONG size=21778775 entry=21.19@2024-04-01 16:00:00-04:00 exit=20.72@2024-08-01 16:00:00-04:00 pnl=-9232047.34 pnlcomm=-9803907.21 commission=571859.87 bars=85
2026-10-03 14:50:08.028 INFO webull.main   #85 EFA LONG size=6568722 entry=68.71@2023-12-01 16:00:00-05:00 exit=74.15@2024-12-02 16:00:00-05:00 pnl=54288502.22 pnlcomm=53885095.21 commission=403407.01 bars=251
2026-10-03 14:50:08.028 INFO webull.main   #86 IEF LONG size=5345453 entry=85.56@2024-06-03 16:00:00-04:00 exit=86.58@2025-01-02 16:00:00-05:00 pnl=9723556.44 pnlcomm=9374445.52 commission=349110.91 bars=147
2026-10-03 14:50:08.028 INFO webull.main   #87 SPY LONG size=983683 entry=486.50@2023-12-01 16:00:00-05:00 exit=548.35@2025-04-01 16:00:00-04:00 pnl=102735543.25 pnlcomm=102279528.28 commission=456014.97 bars=332
2026-10-03 14:50:08.028 INFO webull.main   #88 VNQ LONG size=5988212 entry=79.56@2024-06-03 16:00:00-04:00 exit=85.81@2025-04-01 16:00:00-04:00 pnl=59415215.05 pnlcomm=58685920.51 commission=729294.53 bars=207
2026-10-03 14:50:08.028 INFO webull.main   #89 DBC LONG size=22334794 entry=21.22@2025-02-03 16:00:00-05:00 exit=19.90@2025-05-01 16:00:00-04:00 pnl=-31455099.22 pnlcomm=-32011519.86 commission=556420.64 bars=61
2026-10-03 14:50:08.028 INFO webull.main   #90 SPY LONG size=821263 entry=605.06@2025-06-02 16:00:00-04:00 exit=650.60@2026-04-01 16:00:00-04:00 pnl=57584719.40 pnlcomm=57156136.33 commission=428583.08 bars=209
2026-10-03 14:50:08.028 INFO webull.main   #91 VNQ LONG size=5613253 entry=87.45@2025-09-02 16:00:00-04:00 exit=87.17@2026-04-01 16:00:00-04:00 pnl=209969.72 pnlcomm=-482704.64 commission=692674.36 bars=146
2026-10-03 14:50:08.028 INFO webull.main   #92 IEF LONG size=5383548 entry=90.50@2025-03-03 16:00:00-05:00 exit=92.63@2026-06-01 16:00:00-04:00 pnl=19659923.83 pnlcomm=19176336.56 commission=483587.27 bars=313
2026-10-03 14:50:08.028 INFO webull.main   #93 VNQ LONG size=5825035 entry=95.15@2026-05-01 16:00:00-04:00 exit=89.35@2026-10-01 16:00:00-04:00 pnl=-33331779.87 pnlcomm=-34065483.53 commission=733703.66 bars=105
2026-10-03 14:50:08.028 INFO webull.main ============================================================
2026-10-03 14:50:08.028 INFO webull.main [Backtest] visualization disabled (WEBULL_VISUALIZE=false)
2026-10-03 14:50:08.145 INFO webull.harness [Harness] in_sample     2005-11-01..2024-10-02  kit Sharpe 0.6287  our Sharpe 0.5054  ann 4.83%  max DD -15.86%  orders 15840 (refused 0)
2026-10-03 14:50:08.145 INFO webull.harness [Harness] out_of_sample 2024-10-03..2026-10-02  kit Sharpe 1.1570  our Sharpe 0.6981  ann 7.99%  max DD -6.36%  orders 2032 (refused 0)
2026-10-03 14:50:08.145 INFO webull.harness [Harness] full          2005-01-03..2026-10-02  kit Sharpe 0.6586  our Sharpe 0.5108  ann 4.92%  max DD -15.86%  orders 17875 (refused 0)
2026-10-03 14:50:08.165 INFO webull.harness [Harness] metrics written: <scratch>\kit_native\final_run\work\s3_gtaa_project.json
